Archive member included to satisfy reference by file (symbol)

../clock_alarm_nios_bsp/\libhal_bsp.a(alt_load.o)
                              ../clock_alarm_nios_bsp//obj/HAL/src/crt0.o (alt_load)
../clock_alarm_nios_bsp/\libhal_bsp.a(alt_main.o)
                              ../clock_alarm_nios_bsp//obj/HAL/src/crt0.o (alt_main)
../clock_alarm_nios_bsp/\libhal_bsp.a(alt_putstr.o)
                              obj/default/hello_world_small.o (alt_putstr)
../clock_alarm_nios_bsp/\libhal_bsp.a(alt_sys_init.o)
                              ../clock_alarm_nios_bsp/\libhal_bsp.a(alt_main.o) (alt_irq_init)
../clock_alarm_nios_bsp/\libhal_bsp.a(alt_dcache_flush_all.o)
                              ../clock_alarm_nios_bsp/\libhal_bsp.a(alt_load.o) (alt_dcache_flush_all)
../clock_alarm_nios_bsp/\libhal_bsp.a(alt_icache_flush_all.o)
                              ../clock_alarm_nios_bsp/\libhal_bsp.a(alt_load.o) (alt_icache_flush_all)
../clock_alarm_nios_bsp/\libhal_bsp.a(altera_nios2_gen2_irq.o)
                              ../clock_alarm_nios_bsp/\libhal_bsp.a(alt_sys_init.o) (altera_nios2_gen2_irq_init)
c:/intelfpga_lite/18.1/nios2eds/bin/gnu/h-x86_64-mingw32/bin/../lib/gcc/nios2-elf/5.3.0/../../../../../H-x86_64-mingw32/nios2-elf/lib/mno-hw-mul\libsmallc.a(lib_a-strlen.o)
                              ../clock_alarm_nios_bsp/\libhal_bsp.a(alt_putstr.o) (strlen)

Memory Configuration

Name             Origin             Length             Attributes
reset            0x0000000000010000 0x0000000000000020
rom_0            0x0000000000010020 0x0000000000000fe0
ram_0            0x0000000000020000 0x0000000000000830
*default*        0x0000000000000000 0xffffffffffffffff

Linker script and memory map

LOAD ../clock_alarm_nios_bsp//obj/HAL/src/crt0.o
LOAD obj/default/hello_world_small.o
LOAD c:/intelfpga_lite/18.1/nios2eds/bin/gnu/h-x86_64-mingw32/bin/../lib/gcc/nios2-elf/5.3.0/../../../../../H-x86_64-mingw32/nios2-elf/lib/mno-hw-mul\libstdc++.a
LOAD c:/intelfpga_lite/18.1/nios2eds/bin/gnu/h-x86_64-mingw32/bin/../lib/gcc/nios2-elf/5.3.0/../../../../../H-x86_64-mingw32/nios2-elf/lib/mno-hw-mul\libm.a
LOAD c:/intelfpga_lite/18.1/nios2eds/bin/gnu/h-x86_64-mingw32/bin/../lib/gcc/nios2-elf/5.3.0/mno-hw-mul\libgcc.a
START GROUP
LOAD c:/intelfpga_lite/18.1/nios2eds/bin/gnu/h-x86_64-mingw32/bin/../lib/gcc/nios2-elf/5.3.0/../../../../../H-x86_64-mingw32/nios2-elf/lib/mno-hw-mul\libsmallc.a
LOAD c:/intelfpga_lite/18.1/nios2eds/bin/gnu/h-x86_64-mingw32/bin/../lib/gcc/nios2-elf/5.3.0/mno-hw-mul\libgcc.a
LOAD ../clock_alarm_nios_bsp/\libhal_bsp.a
LOAD c:/intelfpga_lite/18.1/nios2eds/bin/gnu/h-x86_64-mingw32/bin/../lib/gcc/nios2-elf/5.3.0/../../../../../H-x86_64-mingw32/nios2-elf/lib/mno-hw-mul\libm.a
END GROUP
LOAD c:/intelfpga_lite/18.1/nios2eds/bin/gnu/h-x86_64-mingw32/bin/../lib/gcc/nios2-elf/5.3.0/mno-hw-mul\libgcc.a
                0x0000000000010000                __alt_mem_rom_0 = 0x10000
                0x0000000000020000                __alt_mem_ram_0 = 0x20000

.entry          0x0000000000010000       0x20
 *(.entry)
 .entry         0x0000000000010000       0x20 ../clock_alarm_nios_bsp//obj/HAL/src/crt0.o
                0x0000000000010000                __reset
                0x000000000001000c                _exit

.exceptions     0x0000000000010020        0x0
                0x0000000000010020                PROVIDE (__ram_exceptions_start, ABSOLUTE (.))
                0x0000000000010020                . = ALIGN (0x20)
 *(.irq)
 *(.exceptions.entry.label)
 *(.exceptions.entry.user)
 *(.exceptions.entry.ecc_fatal)
 *(.exceptions.entry)
 *(.exceptions.irqtest.user)
 *(.exceptions.irqtest)
 *(.exceptions.irqhandler.user)
 *(.exceptions.irqhandler)
 *(.exceptions.irqreturn.user)
 *(.exceptions.irqreturn)
 *(.exceptions.notirq.label)
 *(.exceptions.notirq.user)
 *(.exceptions.notirq)
 *(.exceptions.soft.user)
 *(.exceptions.soft)
 *(.exceptions.unknown.user)
 *(.exceptions.unknown)
 *(.exceptions.exit.label)
 *(.exceptions.exit.user)
 *(.exceptions.exit)
 *(.exceptions)
                0x0000000000010020                PROVIDE (__ram_exceptions_end, ABSOLUTE (.))
                0x0000000000010020                PROVIDE (__flash_exceptions_start, LOADADDR (.exceptions))

.text           0x0000000000010020      0x1e8
                [!provide]                        PROVIDE (stext, ABSOLUTE (.))
 *(.interp)
 *(.hash)
 *(.dynsym)
 *(.dynstr)
 *(.gnu.version)
 *(.gnu.version_d)
 *(.gnu.version_r)
 *(.rel.init)
 *(.rela.init)
 *(.rel.text .rel.text.* .rel.gnu.linkonce.t.*)
 *(.rela.text .rela.text.* .rela.gnu.linkonce.t.*)
 *(.rel.fini)
 *(.rela.fini)
 *(.rel.rodata .rel.rodata.* .rel.gnu.linkonce.r.*)
 *(.rela.rodata .rela.rodata.* .rela.gnu.linkonce.r.*)
 *(.rel.data .rel.data.* .rel.gnu.linkonce.d.*)
 *(.rela.data .rela.data.* .rela.gnu.linkonce.d.*)
 *(.rel.tdata .rel.tdata.* .rel.gnu.linkonce.td.*)
 *(.rela.tdata .rela.tdata.* .rela.gnu.linkonce.td.*)
 *(.rel.tbss .rel.tbss.* .rel.gnu.linkonce.tb.*)
 *(.rela.tbss .rela.tbss.* .rela.gnu.linkonce.tb.*)
 *(.rel.ctors)
 *(.rela.ctors)
 *(.rel.dtors)
 *(.rela.dtors)
 *(.rel.got)
 *(.rela.got)
 *(.rel.sdata .rel.sdata.* .rel.gnu.linkonce.s.*)
 *(.rela.sdata .rela.sdata.* .rela.gnu.linkonce.s.*)
 *(.rel.sbss .rel.sbss.* .rel.gnu.linkonce.sb.*)
 *(.rela.sbss .rela.sbss.* .rela.gnu.linkonce.sb.*)
 *(.rel.sdata2 .rel.sdata2.* .rel.gnu.linkonce.s2.*)
 *(.rela.sdata2 .rela.sdata2.* .rela.gnu.linkonce.s2.*)
 *(.rel.sbss2 .rel.sbss2.* .rel.gnu.linkonce.sb2.*)
 *(.rela.sbss2 .rela.sbss2.* .rela.gnu.linkonce.sb2.*)
 *(.rel.bss .rel.bss.* .rel.gnu.linkonce.b.*)
 *(.rela.bss .rela.bss.* .rela.gnu.linkonce.b.*)
 *(.rel.plt)
 *(.rela.plt)
 *(.rel.dyn)
 *(.init)
 *(.plt)
 *(.text .stub .text.* .gnu.linkonce.t.*)
 .text          0x0000000000010020       0x3c ../clock_alarm_nios_bsp//obj/HAL/src/crt0.o
                0x0000000000010020                _start
 .text          0x000000000001005c        0x0 obj/default/hello_world_small.o
 .text.startup  0x000000000001005c       0x18 obj/default/hello_world_small.o
                0x000000000001005c                main
 .text          0x0000000000010074       0xe0 ../clock_alarm_nios_bsp/\libhal_bsp.a(alt_load.o)
                0x0000000000010074                alt_load
 .text          0x0000000000010154       0x2c ../clock_alarm_nios_bsp/\libhal_bsp.a(alt_main.o)
                0x0000000000010154                alt_main
 .text          0x0000000000010180       0x38 ../clock_alarm_nios_bsp/\libhal_bsp.a(alt_putstr.o)
                0x0000000000010180                alt_putstr
 .text          0x00000000000101b8       0x24 ../clock_alarm_nios_bsp/\libhal_bsp.a(alt_sys_init.o)
                0x00000000000101b8                alt_irq_init
                0x00000000000101d8                alt_sys_init
 .text          0x00000000000101dc        0x4 ../clock_alarm_nios_bsp/\libhal_bsp.a(alt_dcache_flush_all.o)
                0x00000000000101dc                alt_dcache_flush_all
 .text          0x00000000000101e0        0x4 ../clock_alarm_nios_bsp/\libhal_bsp.a(alt_icache_flush_all.o)
                0x00000000000101e0                alt_icache_flush_all
 .text          0x00000000000101e4        0x8 ../clock_alarm_nios_bsp/\libhal_bsp.a(altera_nios2_gen2_irq.o)
                0x00000000000101e4                altera_nios2_gen2_irq_init
 .text          0x00000000000101ec        0x0 c:/intelfpga_lite/18.1/nios2eds/bin/gnu/h-x86_64-mingw32/bin/../lib/gcc/nios2-elf/5.3.0/../../../../../H-x86_64-mingw32/nios2-elf/lib/mno-hw-mul\libsmallc.a(lib_a-strlen.o)
 .text.strlen   0x00000000000101ec       0x1c c:/intelfpga_lite/18.1/nios2eds/bin/gnu/h-x86_64-mingw32/bin/../lib/gcc/nios2-elf/5.3.0/../../../../../H-x86_64-mingw32/nios2-elf/lib/mno-hw-mul\libsmallc.a(lib_a-strlen.o)
                0x00000000000101ec                strlen
 *(.gnu.warning.*)
 *(.fini)
                [!provide]                        PROVIDE (__etext, ABSOLUTE (.))
                [!provide]                        PROVIDE (_etext, ABSOLUTE (.))
                [!provide]                        PROVIDE (etext, ABSOLUTE (.))
 *(.eh_frame_hdr)
                0x0000000000010208                . = ALIGN (0x4)
                [!provide]                        PROVIDE (__preinit_array_start, ABSOLUTE (.))
 *(.preinit_array)
                [!provide]                        PROVIDE (__preinit_array_end, ABSOLUTE (.))
                [!provide]                        PROVIDE (__init_array_start, ABSOLUTE (.))
 *(.init_array)
                [!provide]                        PROVIDE (__init_array_end, ABSOLUTE (.))
                [!provide]                        PROVIDE (__fini_array_start, ABSOLUTE (.))
 *(.fini_array)
                [!provide]                        PROVIDE (__fini_array_end, ABSOLUTE (.))
 *(.eh_frame)
 *(.gcc_except_table .gcc_except_table.*)
 *(.dynamic)
                [!provide]                        PROVIDE (__CTOR_LIST__, ABSOLUTE (.))
 *(.ctors)
 *(SORT(.ctors.*))
                [!provide]                        PROVIDE (__CTOR_END__, ABSOLUTE (.))
                [!provide]                        PROVIDE (__DTOR_LIST__, ABSOLUTE (.))
 *(.dtors)
 *(SORT(.dtors.*))
                [!provide]                        PROVIDE (__DTOR_END__, ABSOLUTE (.))
 *(.jcr)
                0x0000000000010208                . = ALIGN (0x4)

.rodata         0x0000000000020000       0x18 load address 0x0000000000010208
                0x0000000000020000                PROVIDE (__ram_rodata_start, ABSOLUTE (.))
                0x0000000000020000                . = ALIGN (0x4)
 *(.rodata .rodata.* .gnu.linkonce.r.*)
 .rodata.str1.4
                0x0000000000020000       0x18 obj/default/hello_world_small.o
                                         0x15 (size before relaxing)
 *(.rodata1)
                0x0000000000020018                . = ALIGN (0x4)
                0x0000000000020018                PROVIDE (__ram_rodata_end, ABSOLUTE (.))
                0x0000000000010208                PROVIDE (__flash_rodata_start, LOADADDR (.rodata))

.rwdata         0x0000000000020018        0x0 load address 0x0000000000010220
                0x0000000000020018                PROVIDE (__ram_rwdata_start, ABSOLUTE (.))
                0x0000000000020018                . = ALIGN (0x4)
 *(.got.plt)
 *(.got)
 *(.data1)
 *(.data .data.* .gnu.linkonce.d.*)
 .data          0x0000000000020018        0x0 ../clock_alarm_nios_bsp//obj/HAL/src/crt0.o
 .data          0x0000000000020018        0x0 obj/default/hello_world_small.o
 .data          0x0000000000020018        0x0 ../clock_alarm_nios_bsp/\libhal_bsp.a(alt_load.o)
 .data          0x0000000000020018        0x0 ../clock_alarm_nios_bsp/\libhal_bsp.a(alt_main.o)
 .data          0x0000000000020018        0x0 ../clock_alarm_nios_bsp/\libhal_bsp.a(alt_putstr.o)
 .data          0x0000000000020018        0x0 ../clock_alarm_nios_bsp/\libhal_bsp.a(alt_sys_init.o)
 .data          0x0000000000020018        0x0 ../clock_alarm_nios_bsp/\libhal_bsp.a(alt_dcache_flush_all.o)
 .data          0x0000000000020018        0x0 ../clock_alarm_nios_bsp/\libhal_bsp.a(alt_icache_flush_all.o)
 .data          0x0000000000020018        0x0 ../clock_alarm_nios_bsp/\libhal_bsp.a(altera_nios2_gen2_irq.o)
 .data          0x0000000000020018        0x0 c:/intelfpga_lite/18.1/nios2eds/bin/gnu/h-x86_64-mingw32/bin/../lib/gcc/nios2-elf/5.3.0/../../../../../H-x86_64-mingw32/nios2-elf/lib/mno-hw-mul\libsmallc.a(lib_a-strlen.o)
                0x0000000000028018                _gp = ABSOLUTE ((. + 0x8000))
                [!provide]                        PROVIDE (gp, _gp)
 *(.rwdata .rwdata.*)
 *(.sdata .sdata.* .gnu.linkonce.s.*)
 *(.sdata2 .sdata2.* .gnu.linkonce.s2.*)
                0x0000000000020018                . = ALIGN (0x4)
                0x0000000000020018                _edata = ABSOLUTE (.)
                [!provide]                        PROVIDE (edata, ABSOLUTE (.))
                0x0000000000020018                PROVIDE (__ram_rwdata_end, ABSOLUTE (.))
                0x0000000000010220                PROVIDE (__flash_rwdata_start, LOADADDR (.rwdata))

.bss            0x0000000000020018        0xc load address 0x0000000000010220
                0x0000000000020018                __bss_start = ABSOLUTE (.)
                [!provide]                        PROVIDE (__sbss_start, ABSOLUTE (.))
                [!provide]                        PROVIDE (___sbss_start, ABSOLUTE (.))
 *(.dynsbss)
 *(.sbss .sbss.* .gnu.linkonce.sb.*)
 .sbss          0x0000000000020018        0xc ../clock_alarm_nios_bsp/\libhal_bsp.a(alt_main.o)
                0x0000000000020018                alt_envp
                0x000000000002001c                alt_argv
                0x0000000000020020                alt_argc
 *(.sbss2 .sbss2.* .gnu.linkonce.sb2.*)
 *(.scommon)
                [!provide]                        PROVIDE (__sbss_end, ABSOLUTE (.))
                [!provide]                        PROVIDE (___sbss_end, ABSOLUTE (.))
 *(.dynbss)
 *(.bss .bss.* .gnu.linkonce.b.*)
 .bss           0x0000000000020024        0x0 ../clock_alarm_nios_bsp//obj/HAL/src/crt0.o
 .bss           0x0000000000020024        0x0 obj/default/hello_world_small.o
 .bss           0x0000000000020024        0x0 ../clock_alarm_nios_bsp/\libhal_bsp.a(alt_load.o)
 .bss           0x0000000000020024        0x0 ../clock_alarm_nios_bsp/\libhal_bsp.a(alt_main.o)
 .bss           0x0000000000020024        0x0 ../clock_alarm_nios_bsp/\libhal_bsp.a(alt_putstr.o)
 .bss           0x0000000000020024        0x0 ../clock_alarm_nios_bsp/\libhal_bsp.a(alt_sys_init.o)
 .bss           0x0000000000020024        0x0 ../clock_alarm_nios_bsp/\libhal_bsp.a(alt_dcache_flush_all.o)
 .bss           0x0000000000020024        0x0 ../clock_alarm_nios_bsp/\libhal_bsp.a(alt_icache_flush_all.o)
 .bss           0x0000000000020024        0x0 ../clock_alarm_nios_bsp/\libhal_bsp.a(altera_nios2_gen2_irq.o)
 .bss           0x0000000000020024        0x0 c:/intelfpga_lite/18.1/nios2eds/bin/gnu/h-x86_64-mingw32/bin/../lib/gcc/nios2-elf/5.3.0/../../../../../H-x86_64-mingw32/nios2-elf/lib/mno-hw-mul\libsmallc.a(lib_a-strlen.o)
 *(COMMON)
                0x0000000000020024                . = ALIGN (0x4)
                0x0000000000020024                __bss_end = ABSOLUTE (.)

.rom_0          0x0000000000010220        0x0
                [!provide]                        PROVIDE (_alt_partition_rom_0_start, ABSOLUTE (.))
 *(.rom_0 .rom_0. rom_0.*)
                0x0000000000010220                . = ALIGN (0x4)
                [!provide]                        PROVIDE (_alt_partition_rom_0_end, ABSOLUTE (.))
                [!provide]                        PROVIDE (_alt_partition_rom_0_load_addr, LOADADDR (.rom_0))

.ram_0          0x0000000000020024        0x0 load address 0x0000000000010220
                [!provide]                        PROVIDE (_alt_partition_ram_0_start, ABSOLUTE (.))
 *(.ram_0 .ram_0. ram_0.*)
                0x0000000000020024                . = ALIGN (0x4)
                [!provide]                        PROVIDE (_alt_partition_ram_0_end, ABSOLUTE (.))
                0x0000000000020024                _end = ABSOLUTE (.)
                0x0000000000020024                end = ABSOLUTE (.)
                0x0000000000020024                __alt_stack_base = ABSOLUTE (.)
                [!provide]                        PROVIDE (_alt_partition_ram_0_load_addr, LOADADDR (.ram_0))

.stab
 *(.stab)

.stabstr
 *(.stabstr)

.stab.excl
 *(.stab.excl)

.stab.exclstr
 *(.stab.exclstr)

.stab.index
 *(.stab.index)

.stab.indexstr
 *(.stab.indexstr)

.comment        0x0000000000000000       0x23
 *(.comment)
 .comment       0x0000000000000000       0x23 obj/default/hello_world_small.o
                                         0x24 (size before relaxing)
 .comment       0x0000000000000023       0x24 ../clock_alarm_nios_bsp/\libhal_bsp.a(alt_load.o)
 .comment       0x0000000000000023       0x24 ../clock_alarm_nios_bsp/\libhal_bsp.a(alt_main.o)
 .comment       0x0000000000000023       0x24 ../clock_alarm_nios_bsp/\libhal_bsp.a(alt_putstr.o)
 .comment       0x0000000000000023       0x24 ../clock_alarm_nios_bsp/\libhal_bsp.a(alt_sys_init.o)
 .comment       0x0000000000000023       0x24 ../clock_alarm_nios_bsp/\libhal_bsp.a(alt_dcache_flush_all.o)
 .comment       0x0000000000000023       0x24 ../clock_alarm_nios_bsp/\libhal_bsp.a(alt_icache_flush_all.o)
 .comment       0x0000000000000023       0x24 ../clock_alarm_nios_bsp/\libhal_bsp.a(altera_nios2_gen2_irq.o)
 .comment       0x0000000000000023       0x24 c:/intelfpga_lite/18.1/nios2eds/bin/gnu/h-x86_64-mingw32/bin/../lib/gcc/nios2-elf/5.3.0/../../../../../H-x86_64-mingw32/nios2-elf/lib/mno-hw-mul\libsmallc.a(lib_a-strlen.o)

.debug
 *(.debug)

.line
 *(.line)

.debug_srcinfo
 *(.debug_srcinfo)

.debug_sfnames
 *(.debug_sfnames)

.debug_aranges  0x0000000000000000      0x148
 *(.debug_aranges)
 .debug_aranges
                0x0000000000000000       0x28 ../clock_alarm_nios_bsp//obj/HAL/src/crt0.o
 .debug_aranges
                0x0000000000000028       0x20 obj/default/hello_world_small.o
 .debug_aranges
                0x0000000000000048       0x20 ../clock_alarm_nios_bsp/\libhal_bsp.a(alt_load.o)
 .debug_aranges
                0x0000000000000068       0x20 ../clock_alarm_nios_bsp/\libhal_bsp.a(alt_main.o)
 .debug_aranges
                0x0000000000000088       0x20 ../clock_alarm_nios_bsp/\libhal_bsp.a(alt_putstr.o)
 .debug_aranges
                0x00000000000000a8       0x20 ../clock_alarm_nios_bsp/\libhal_bsp.a(alt_sys_init.o)
 .debug_aranges
                0x00000000000000c8       0x20 ../clock_alarm_nios_bsp/\libhal_bsp.a(alt_dcache_flush_all.o)
 .debug_aranges
                0x00000000000000e8       0x20 ../clock_alarm_nios_bsp/\libhal_bsp.a(alt_icache_flush_all.o)
 .debug_aranges
                0x0000000000000108       0x20 ../clock_alarm_nios_bsp/\libhal_bsp.a(altera_nios2_gen2_irq.o)
 .debug_aranges
                0x0000000000000128       0x20 c:/intelfpga_lite/18.1/nios2eds/bin/gnu/h-x86_64-mingw32/bin/../lib/gcc/nios2-elf/5.3.0/../../../../../H-x86_64-mingw32/nios2-elf/lib/mno-hw-mul\libsmallc.a(lib_a-strlen.o)

.debug_pubnames
 *(.debug_pubnames)

.debug_info     0x0000000000000000      0x942
 *(.debug_info .gnu.linkonce.wi.*)
 .debug_info    0x0000000000000000       0xa5 ../clock_alarm_nios_bsp//obj/HAL/src/crt0.o
 .debug_info    0x00000000000000a5       0x65 obj/default/hello_world_small.o
 .debug_info    0x000000000000010a      0x1c9 ../clock_alarm_nios_bsp/\libhal_bsp.a(alt_load.o)
 .debug_info    0x00000000000002d3      0x169 ../clock_alarm_nios_bsp/\libhal_bsp.a(alt_main.o)
 .debug_info    0x000000000000043c      0x13a ../clock_alarm_nios_bsp/\libhal_bsp.a(alt_putstr.o)
 .debug_info    0x0000000000000576      0x14d ../clock_alarm_nios_bsp/\libhal_bsp.a(alt_sys_init.o)
 .debug_info    0x00000000000006c3       0x92 ../clock_alarm_nios_bsp/\libhal_bsp.a(alt_dcache_flush_all.o)
 .debug_info    0x0000000000000755       0x92 ../clock_alarm_nios_bsp/\libhal_bsp.a(alt_icache_flush_all.o)
 .debug_info    0x00000000000007e7       0x92 ../clock_alarm_nios_bsp/\libhal_bsp.a(altera_nios2_gen2_irq.o)
 .debug_info    0x0000000000000879       0xc9 c:/intelfpga_lite/18.1/nios2eds/bin/gnu/h-x86_64-mingw32/bin/../lib/gcc/nios2-elf/5.3.0/../../../../../H-x86_64-mingw32/nios2-elf/lib/mno-hw-mul\libsmallc.a(lib_a-strlen.o)

.debug_abbrev   0x0000000000000000      0x54a
 *(.debug_abbrev)
 .debug_abbrev  0x0000000000000000       0x12 ../clock_alarm_nios_bsp//obj/HAL/src/crt0.o
 .debug_abbrev  0x0000000000000012       0x64 obj/default/hello_world_small.o
 .debug_abbrev  0x0000000000000076       0xd8 ../clock_alarm_nios_bsp/\libhal_bsp.a(alt_load.o)
 .debug_abbrev  0x000000000000014e       0xee ../clock_alarm_nios_bsp/\libhal_bsp.a(alt_main.o)
 .debug_abbrev  0x000000000000023c       0xd3 ../clock_alarm_nios_bsp/\libhal_bsp.a(alt_putstr.o)
 .debug_abbrev  0x000000000000030f       0xf6 ../clock_alarm_nios_bsp/\libhal_bsp.a(alt_sys_init.o)
 .debug_abbrev  0x0000000000000405       0x42 ../clock_alarm_nios_bsp/\libhal_bsp.a(alt_dcache_flush_all.o)
 .debug_abbrev  0x0000000000000447       0x42 ../clock_alarm_nios_bsp/\libhal_bsp.a(alt_icache_flush_all.o)
 .debug_abbrev  0x0000000000000489       0x42 ../clock_alarm_nios_bsp/\libhal_bsp.a(altera_nios2_gen2_irq.o)
 .debug_abbrev  0x00000000000004cb       0x7f c:/intelfpga_lite/18.1/nios2eds/bin/gnu/h-x86_64-mingw32/bin/../lib/gcc/nios2-elf/5.3.0/../../../../../H-x86_64-mingw32/nios2-elf/lib/mno-hw-mul\libsmallc.a(lib_a-strlen.o)

.debug_line     0x0000000000000000      0x60b
 *(.debug_line)
 .debug_line    0x0000000000000000       0x66 ../clock_alarm_nios_bsp//obj/HAL/src/crt0.o
 .debug_line    0x0000000000000066       0x7d obj/default/hello_world_small.o
 .debug_line    0x00000000000000e3       0xa4 ../clock_alarm_nios_bsp/\libhal_bsp.a(alt_load.o)
 .debug_line    0x0000000000000187       0xbd ../clock_alarm_nios_bsp/\libhal_bsp.a(alt_main.o)
 .debug_line    0x0000000000000244       0xa0 ../clock_alarm_nios_bsp/\libhal_bsp.a(alt_putstr.o)
 .debug_line    0x00000000000002e4       0xdf ../clock_alarm_nios_bsp/\libhal_bsp.a(alt_sys_init.o)
 .debug_line    0x00000000000003c3       0x4e ../clock_alarm_nios_bsp/\libhal_bsp.a(alt_dcache_flush_all.o)
 .debug_line    0x0000000000000411       0x4e ../clock_alarm_nios_bsp/\libhal_bsp.a(alt_icache_flush_all.o)
 .debug_line    0x000000000000045f       0x50 ../clock_alarm_nios_bsp/\libhal_bsp.a(altera_nios2_gen2_irq.o)
 .debug_line    0x00000000000004af      0x15c c:/intelfpga_lite/18.1/nios2eds/bin/gnu/h-x86_64-mingw32/bin/../lib/gcc/nios2-elf/5.3.0/../../../../../H-x86_64-mingw32/nios2-elf/lib/mno-hw-mul\libsmallc.a(lib_a-strlen.o)

.debug_frame    0x0000000000000000      0x170
 *(.debug_frame)
 .debug_frame   0x0000000000000000       0x28 obj/default/hello_world_small.o
 .debug_frame   0x0000000000000028       0x30 ../clock_alarm_nios_bsp/\libhal_bsp.a(alt_load.o)
 .debug_frame   0x0000000000000058       0x2c ../clock_alarm_nios_bsp/\libhal_bsp.a(alt_main.o)
 .debug_frame   0x0000000000000084       0x30 ../clock_alarm_nios_bsp/\libhal_bsp.a(alt_putstr.o)
 .debug_frame   0x00000000000000b4       0x3c ../clock_alarm_nios_bsp/\libhal_bsp.a(alt_sys_init.o)
 .debug_frame   0x00000000000000f0       0x20 ../clock_alarm_nios_bsp/\libhal_bsp.a(alt_dcache_flush_all.o)
 .debug_frame   0x0000000000000110       0x20 ../clock_alarm_nios_bsp/\libhal_bsp.a(alt_icache_flush_all.o)
 .debug_frame   0x0000000000000130       0x20 ../clock_alarm_nios_bsp/\libhal_bsp.a(altera_nios2_gen2_irq.o)
 .debug_frame   0x0000000000000150       0x20 c:/intelfpga_lite/18.1/nios2eds/bin/gnu/h-x86_64-mingw32/bin/../lib/gcc/nios2-elf/5.3.0/../../../../../H-x86_64-mingw32/nios2-elf/lib/mno-hw-mul\libsmallc.a(lib_a-strlen.o)

.debug_str      0x0000000000000000      0x5c8
 *(.debug_str)
 .debug_str     0x0000000000000000       0xd5 obj/default/hello_world_small.o
                                         0xda (size before relaxing)
 .debug_str     0x00000000000000d5      0x1f1 ../clock_alarm_nios_bsp/\libhal_bsp.a(alt_load.o)
                                        0x273 (size before relaxing)
 .debug_str     0x00000000000002c6       0x8f ../clock_alarm_nios_bsp/\libhal_bsp.a(alt_main.o)
                                        0x1ec (size before relaxing)
 .debug_str     0x0000000000000355       0x5b ../clock_alarm_nios_bsp/\libhal_bsp.a(alt_putstr.o)
                                        0x1be (size before relaxing)
 .debug_str     0x00000000000003b0       0x80 ../clock_alarm_nios_bsp/\libhal_bsp.a(alt_sys_init.o)
                                        0x230 (size before relaxing)
 .debug_str     0x0000000000000430       0x1f ../clock_alarm_nios_bsp/\libhal_bsp.a(alt_dcache_flush_all.o)
                                        0x18c (size before relaxing)
 .debug_str     0x000000000000044f       0x1f ../clock_alarm_nios_bsp/\libhal_bsp.a(alt_icache_flush_all.o)
                                        0x18c (size before relaxing)
 .debug_str     0x000000000000046e       0x20 ../clock_alarm_nios_bsp/\libhal_bsp.a(altera_nios2_gen2_irq.o)
                                        0x193 (size before relaxing)
 .debug_str     0x000000000000048e      0x13a c:/intelfpga_lite/18.1/nios2eds/bin/gnu/h-x86_64-mingw32/bin/../lib/gcc/nios2-elf/5.3.0/../../../../../H-x86_64-mingw32/nios2-elf/lib/mno-hw-mul\libsmallc.a(lib_a-strlen.o)
                                        0x1e5 (size before relaxing)

.debug_loc      0x0000000000000000       0x76
 *(.debug_loc)
 .debug_loc     0x0000000000000000       0x37 ../clock_alarm_nios_bsp/\libhal_bsp.a(alt_putstr.o)
 .debug_loc     0x0000000000000037       0x21 ../clock_alarm_nios_bsp/\libhal_bsp.a(alt_sys_init.o)
 .debug_loc     0x0000000000000058       0x1e c:/intelfpga_lite/18.1/nios2eds/bin/gnu/h-x86_64-mingw32/bin/../lib/gcc/nios2-elf/5.3.0/../../../../../H-x86_64-mingw32/nios2-elf/lib/mno-hw-mul\libsmallc.a(lib_a-strlen.o)

.debug_macinfo
 *(.debug_macinfo)

.debug_weaknames
 *(.debug_weaknames)

.debug_funcnames
 *(.debug_funcnames)

.debug_typenames
 *(.debug_typenames)

.debug_varnames
 *(.debug_varnames)

.debug_alt_sim_info
                0x0000000000000000       0x10
 *(.debug_alt_sim_info)
 .debug_alt_sim_info
                0x0000000000000000       0x10 ../clock_alarm_nios_bsp//obj/HAL/src/crt0.o
                0x0000000000020830                __alt_data_end = 0x20830
                0x0000000000020830                PROVIDE (__alt_stack_pointer, __alt_data_end)
                [!provide]                        PROVIDE (__alt_stack_limit, __alt_stack_base)
                [!provide]                        PROVIDE (__alt_heap_start, end)
                [!provide]                        PROVIDE (__alt_heap_limit, 0x20830)
OUTPUT(clock_alarm_nios.elf elf32-littlenios2)

.debug_ranges   0x0000000000000000       0x88
 .debug_ranges  0x0000000000000000       0x20 ../clock_alarm_nios_bsp//obj/HAL/src/crt0.o
 .debug_ranges  0x0000000000000020       0x10 obj/default/hello_world_small.o
 .debug_ranges  0x0000000000000030       0x48 ../clock_alarm_nios_bsp/\libhal_bsp.a(alt_load.o)
 .debug_ranges  0x0000000000000078       0x10 c:/intelfpga_lite/18.1/nios2eds/bin/gnu/h-x86_64-mingw32/bin/../lib/gcc/nios2-elf/5.3.0/../../../../../H-x86_64-mingw32/nios2-elf/lib/mno-hw-mul\libsmallc.a(lib_a-strlen.o)
