Archive member included to satisfy reference by file (symbol)

c:/intelfpga_lite/18.1/nios2eds/bin/gnu/h-x86_64-mingw32/bin/../lib/gcc/nios2-elf/5.3.0/mno-hw-mul\libgcc.a(lib2-divmod.o)
                              obj/default/main.o (__divsi3)
../clock_alarm_nios_bsp/\libhal_bsp.a(alt_load.o)
                              ../clock_alarm_nios_bsp//obj/HAL/src/crt0.o (alt_load)
../clock_alarm_nios_bsp/\libhal_bsp.a(alt_main.o)
                              ../clock_alarm_nios_bsp//obj/HAL/src/crt0.o (alt_main)
../clock_alarm_nios_bsp/\libhal_bsp.a(alt_sys_init.o)
                              ../clock_alarm_nios_bsp/\libhal_bsp.a(alt_main.o) (alt_irq_init)
../clock_alarm_nios_bsp/\libhal_bsp.a(alt_dcache_flush_all.o)
                              ../clock_alarm_nios_bsp/\libhal_bsp.a(alt_load.o) (alt_dcache_flush_all)
../clock_alarm_nios_bsp/\libhal_bsp.a(alt_icache_flush_all.o)
                              ../clock_alarm_nios_bsp/\libhal_bsp.a(alt_load.o) (alt_icache_flush_all)
../clock_alarm_nios_bsp/\libhal_bsp.a(altera_nios2_gen2_irq.o)
                              ../clock_alarm_nios_bsp/\libhal_bsp.a(alt_sys_init.o) (altera_nios2_gen2_irq_init)

Memory Configuration

Name             Origin             Length             Attributes
reset            0x0000000000010000 0x0000000000000020
rom_0            0x0000000000010020 0x0000000000000fe0
ram_0            0x0000000000020000 0x0000000000000830
*default*        0x0000000000000000 0xffffffffffffffff

Linker script and memory map

LOAD ../clock_alarm_nios_bsp//obj/HAL/src/crt0.o
LOAD obj/default/main.o
LOAD c:/intelfpga_lite/18.1/nios2eds/bin/gnu/h-x86_64-mingw32/bin/../lib/gcc/nios2-elf/5.3.0/../../../../../H-x86_64-mingw32/nios2-elf/lib/mno-hw-mul\libstdc++.a
LOAD c:/intelfpga_lite/18.1/nios2eds/bin/gnu/h-x86_64-mingw32/bin/../lib/gcc/nios2-elf/5.3.0/../../../../../H-x86_64-mingw32/nios2-elf/lib/mno-hw-mul\libm.a
LOAD c:/intelfpga_lite/18.1/nios2eds/bin/gnu/h-x86_64-mingw32/bin/../lib/gcc/nios2-elf/5.3.0/mno-hw-mul\libgcc.a
START GROUP
LOAD c:/intelfpga_lite/18.1/nios2eds/bin/gnu/h-x86_64-mingw32/bin/../lib/gcc/nios2-elf/5.3.0/../../../../../H-x86_64-mingw32/nios2-elf/lib/mno-hw-mul\libsmallc.a
LOAD c:/intelfpga_lite/18.1/nios2eds/bin/gnu/h-x86_64-mingw32/bin/../lib/gcc/nios2-elf/5.3.0/mno-hw-mul\libgcc.a
LOAD ../clock_alarm_nios_bsp/\libhal_bsp.a
LOAD c:/intelfpga_lite/18.1/nios2eds/bin/gnu/h-x86_64-mingw32/bin/../lib/gcc/nios2-elf/5.3.0/../../../../../H-x86_64-mingw32/nios2-elf/lib/mno-hw-mul\libm.a
END GROUP
LOAD c:/intelfpga_lite/18.1/nios2eds/bin/gnu/h-x86_64-mingw32/bin/../lib/gcc/nios2-elf/5.3.0/mno-hw-mul\libgcc.a
                0x0000000000010000                __alt_mem_rom_0 = 0x10000
                0x0000000000020000                __alt_mem_ram_0 = 0x20000

.entry          0x0000000000010000       0x20
 *(.entry)
 .entry         0x0000000000010000       0x20 ../clock_alarm_nios_bsp//obj/HAL/src/crt0.o
                0x0000000000010000                __reset
                0x000000000001000c                _exit

.exceptions     0x0000000000010020        0x0
                0x0000000000010020                PROVIDE (__ram_exceptions_start, ABSOLUTE (.))
                0x0000000000010020                . = ALIGN (0x20)
 *(.irq)
 *(.exceptions.entry.label)
 *(.exceptions.entry.user)
 *(.exceptions.entry.ecc_fatal)
 *(.exceptions.entry)
 *(.exceptions.irqtest.user)
 *(.exceptions.irqtest)
 *(.exceptions.irqhandler.user)
 *(.exceptions.irqhandler)
 *(.exceptions.irqreturn.user)
 *(.exceptions.irqreturn)
 *(.exceptions.notirq.label)
 *(.exceptions.notirq.user)
 *(.exceptions.notirq)
 *(.exceptions.soft.user)
 *(.exceptions.soft)
 *(.exceptions.unknown.user)
 *(.exceptions.unknown)
 *(.exceptions.exit.label)
 *(.exceptions.exit.user)
 *(.exceptions.exit)
 *(.exceptions)
                0x0000000000010020                PROVIDE (__ram_exceptions_end, ABSOLUTE (.))
                0x0000000000010020                PROVIDE (__flash_exceptions_start, LOADADDR (.exceptions))

.text           0x0000000000010020      0x4c0
                [!provide]                        PROVIDE (stext, ABSOLUTE (.))
 *(.interp)
 *(.hash)
 *(.dynsym)
 *(.dynstr)
 *(.gnu.version)
 *(.gnu.version_d)
 *(.gnu.version_r)
 *(.rel.init)
 *(.rela.init)
 *(.rel.text .rel.text.* .rel.gnu.linkonce.t.*)
 *(.rela.text .rela.text.* .rela.gnu.linkonce.t.*)
 *(.rel.fini)
 *(.rela.fini)
 *(.rel.rodata .rel.rodata.* .rel.gnu.linkonce.r.*)
 *(.rela.rodata .rela.rodata.* .rela.gnu.linkonce.r.*)
 *(.rel.data .rel.data.* .rel.gnu.linkonce.d.*)
 *(.rela.data .rela.data.* .rela.gnu.linkonce.d.*)
 *(.rel.tdata .rel.tdata.* .rel.gnu.linkonce.td.*)
 *(.rela.tdata .rela.tdata.* .rela.gnu.linkonce.td.*)
 *(.rel.tbss .rel.tbss.* .rel.gnu.linkonce.tb.*)
 *(.rela.tbss .rela.tbss.* .rela.gnu.linkonce.tb.*)
 *(.rel.ctors)
 *(.rela.ctors)
 *(.rel.dtors)
 *(.rela.dtors)
 *(.rel.got)
 *(.rela.got)
 *(.rel.sdata .rel.sdata.* .rel.gnu.linkonce.s.*)
 *(.rela.sdata .rela.sdata.* .rela.gnu.linkonce.s.*)
 *(.rel.sbss .rel.sbss.* .rel.gnu.linkonce.sb.*)
 *(.rela.sbss .rela.sbss.* .rela.gnu.linkonce.sb.*)
 *(.rel.sdata2 .rel.sdata2.* .rel.gnu.linkonce.s2.*)
 *(.rela.sdata2 .rela.sdata2.* .rela.gnu.linkonce.s2.*)
 *(.rel.sbss2 .rel.sbss2.* .rel.gnu.linkonce.sb2.*)
 *(.rela.sbss2 .rela.sbss2.* .rela.gnu.linkonce.sb2.*)
 *(.rel.bss .rel.bss.* .rel.gnu.linkonce.b.*)
 *(.rela.bss .rela.bss.* .rela.gnu.linkonce.b.*)
 *(.rel.plt)
 *(.rela.plt)
 *(.rel.dyn)
 *(.init)
 *(.plt)
 *(.text .stub .text.* .gnu.linkonce.t.*)
 .text          0x0000000000010020       0x3c ../clock_alarm_nios_bsp//obj/HAL/src/crt0.o
                0x0000000000010020                _start
 .text          0x000000000001005c      0x178 obj/default/main.o
                0x000000000001005c                update_display
                0x0000000000010068                handle_buttons
                0x00000000000100d0                update_time_display
 .text.startup  0x00000000000101d4       0x18 obj/default/main.o
                0x00000000000101d4                main
 .text          0x00000000000101ec      0x1b4 c:/intelfpga_lite/18.1/nios2eds/bin/gnu/h-x86_64-mingw32/bin/../lib/gcc/nios2-elf/5.3.0/mno-hw-mul\libgcc.a(lib2-divmod.o)
                0x00000000000101ec                __divsi3
                0x0000000000010270                __modsi3
                0x00000000000102e4                __udivsi3
                0x0000000000010348                __umodsi3
 .text          0x00000000000103a0       0xe0 ../clock_alarm_nios_bsp/\libhal_bsp.a(alt_load.o)
                0x00000000000103a0                alt_load
 .text          0x0000000000010480       0x2c ../clock_alarm_nios_bsp/\libhal_bsp.a(alt_main.o)
                0x0000000000010480                alt_main
 .text          0x00000000000104ac       0x24 ../clock_alarm_nios_bsp/\libhal_bsp.a(alt_sys_init.o)
                0x00000000000104ac                alt_irq_init
                0x00000000000104cc                alt_sys_init
 .text          0x00000000000104d0        0x4 ../clock_alarm_nios_bsp/\libhal_bsp.a(alt_dcache_flush_all.o)
                0x00000000000104d0                alt_dcache_flush_all
 .text          0x00000000000104d4        0x4 ../clock_alarm_nios_bsp/\libhal_bsp.a(alt_icache_flush_all.o)
                0x00000000000104d4                alt_icache_flush_all
 .text          0x00000000000104d8        0x8 ../clock_alarm_nios_bsp/\libhal_bsp.a(altera_nios2_gen2_irq.o)
                0x00000000000104d8                altera_nios2_gen2_irq_init
 *(.gnu.warning.*)
 *(.fini)
                [!provide]                        PROVIDE (__etext, ABSOLUTE (.))
                [!provide]                        PROVIDE (_etext, ABSOLUTE (.))
                [!provide]                        PROVIDE (etext, ABSOLUTE (.))
 *(.eh_frame_hdr)
                0x00000000000104e0                . = ALIGN (0x4)
                [!provide]                        PROVIDE (__preinit_array_start, ABSOLUTE (.))
 *(.preinit_array)
                [!provide]                        PROVIDE (__preinit_array_end, ABSOLUTE (.))
                [!provide]                        PROVIDE (__init_array_start, ABSOLUTE (.))
 *(.init_array)
                [!provide]                        PROVIDE (__init_array_end, ABSOLUTE (.))
                [!provide]                        PROVIDE (__fini_array_start, ABSOLUTE (.))
 *(.fini_array)
                [!provide]                        PROVIDE (__fini_array_end, ABSOLUTE (.))
 *(.eh_frame)
 *(.gcc_except_table .gcc_except_table.*)
 *(.dynamic)
                [!provide]                        PROVIDE (__CTOR_LIST__, ABSOLUTE (.))
 *(.ctors)
 *(SORT(.ctors.*))
                [!provide]                        PROVIDE (__CTOR_END__, ABSOLUTE (.))
                [!provide]                        PROVIDE (__DTOR_LIST__, ABSOLUTE (.))
 *(.dtors)
 *(SORT(.dtors.*))
                [!provide]                        PROVIDE (__DTOR_END__, ABSOLUTE (.))
 *(.jcr)
                0x00000000000104e0                . = ALIGN (0x4)

.rodata         0x0000000000020000        0x0 load address 0x00000000000104e0
                0x0000000000020000                PROVIDE (__ram_rodata_start, ABSOLUTE (.))
                0x0000000000020000                . = ALIGN (0x4)
 *(.rodata .rodata.* .gnu.linkonce.r.*)
 *(.rodata1)
                0x0000000000020000                . = ALIGN (0x4)
                0x0000000000020000                PROVIDE (__ram_rodata_end, ABSOLUTE (.))
                0x00000000000104e0                PROVIDE (__flash_rodata_start, LOADADDR (.rodata))

.rwdata         0x0000000000020000        0x8 load address 0x00000000000104e0
                0x0000000000020000                PROVIDE (__ram_rwdata_start, ABSOLUTE (.))
                0x0000000000020000                . = ALIGN (0x4)
 *(.got.plt)
 *(.got)
 *(.data1)
 *(.data .data.* .gnu.linkonce.d.*)
 .data          0x0000000000020000        0x0 ../clock_alarm_nios_bsp//obj/HAL/src/crt0.o
 .data          0x0000000000020000        0x0 obj/default/main.o
 .data          0x0000000000020000        0x0 c:/intelfpga_lite/18.1/nios2eds/bin/gnu/h-x86_64-mingw32/bin/../lib/gcc/nios2-elf/5.3.0/mno-hw-mul\libgcc.a(lib2-divmod.o)
 .data          0x0000000000020000        0x0 ../clock_alarm_nios_bsp/\libhal_bsp.a(alt_load.o)
 .data          0x0000000000020000        0x0 ../clock_alarm_nios_bsp/\libhal_bsp.a(alt_main.o)
 .data          0x0000000000020000        0x0 ../clock_alarm_nios_bsp/\libhal_bsp.a(alt_sys_init.o)
 .data          0x0000000000020000        0x0 ../clock_alarm_nios_bsp/\libhal_bsp.a(alt_dcache_flush_all.o)
 .data          0x0000000000020000        0x0 ../clock_alarm_nios_bsp/\libhal_bsp.a(alt_icache_flush_all.o)
 .data          0x0000000000020000        0x0 ../clock_alarm_nios_bsp/\libhal_bsp.a(altera_nios2_gen2_irq.o)
                0x0000000000028000                _gp = ABSOLUTE ((. + 0x8000))
                [!provide]                        PROVIDE (gp, _gp)
 *(.rwdata .rwdata.*)
 *(.sdata .sdata.* .gnu.linkonce.s.*)
 .sdata         0x0000000000020000        0x8 obj/default/main.o
                0x0000000000020000                alarm_enabled
                0x0000000000020004                alarm_hours
 *(.sdata2 .sdata2.* .gnu.linkonce.s2.*)
                0x0000000000020008                . = ALIGN (0x4)
                0x0000000000020008                _edata = ABSOLUTE (.)
                [!provide]                        PROVIDE (edata, ABSOLUTE (.))
                0x0000000000020008                PROVIDE (__ram_rwdata_end, ABSOLUTE (.))
                0x00000000000104e0                PROVIDE (__flash_rwdata_start, LOADADDR (.rwdata))

.bss            0x0000000000020008       0x10 load address 0x00000000000104e8
                0x0000000000020008                __bss_start = ABSOLUTE (.)
                [!provide]                        PROVIDE (__sbss_start, ABSOLUTE (.))
                [!provide]                        PROVIDE (___sbss_start, ABSOLUTE (.))
 *(.dynsbss)
 *(.sbss .sbss.* .gnu.linkonce.sb.*)
 .sbss          0x0000000000020008        0x4 obj/default/main.o
                0x0000000000020008                alarm_minutes
 .sbss          0x000000000002000c        0xc ../clock_alarm_nios_bsp/\libhal_bsp.a(alt_main.o)
                0x000000000002000c                alt_envp
                0x0000000000020010                alt_argv
                0x0000000000020014                alt_argc
 *(.sbss2 .sbss2.* .gnu.linkonce.sb2.*)
 *(.scommon)
                [!provide]                        PROVIDE (__sbss_end, ABSOLUTE (.))
                [!provide]                        PROVIDE (___sbss_end, ABSOLUTE (.))
 *(.dynbss)
 *(.bss .bss.* .gnu.linkonce.b.*)
 .bss           0x0000000000020018        0x0 ../clock_alarm_nios_bsp//obj/HAL/src/crt0.o
 .bss           0x0000000000020018        0x0 obj/default/main.o
 .bss           0x0000000000020018        0x0 c:/intelfpga_lite/18.1/nios2eds/bin/gnu/h-x86_64-mingw32/bin/../lib/gcc/nios2-elf/5.3.0/mno-hw-mul\libgcc.a(lib2-divmod.o)
 .bss           0x0000000000020018        0x0 ../clock_alarm_nios_bsp/\libhal_bsp.a(alt_load.o)
 .bss           0x0000000000020018        0x0 ../clock_alarm_nios_bsp/\libhal_bsp.a(alt_main.o)
 .bss           0x0000000000020018        0x0 ../clock_alarm_nios_bsp/\libhal_bsp.a(alt_sys_init.o)
 .bss           0x0000000000020018        0x0 ../clock_alarm_nios_bsp/\libhal_bsp.a(alt_dcache_flush_all.o)
 .bss           0x0000000000020018        0x0 ../clock_alarm_nios_bsp/\libhal_bsp.a(alt_icache_flush_all.o)
 .bss           0x0000000000020018        0x0 ../clock_alarm_nios_bsp/\libhal_bsp.a(altera_nios2_gen2_irq.o)
 *(COMMON)
                0x0000000000020018                . = ALIGN (0x4)
                0x0000000000020018                __bss_end = ABSOLUTE (.)

.rom_0          0x00000000000104e8        0x0
                [!provide]                        PROVIDE (_alt_partition_rom_0_start, ABSOLUTE (.))
 *(.rom_0 .rom_0. rom_0.*)
                0x00000000000104e8                . = ALIGN (0x4)
                [!provide]                        PROVIDE (_alt_partition_rom_0_end, ABSOLUTE (.))
                [!provide]                        PROVIDE (_alt_partition_rom_0_load_addr, LOADADDR (.rom_0))

.ram_0          0x0000000000020018        0x0 load address 0x00000000000104e8
                [!provide]                        PROVIDE (_alt_partition_ram_0_start, ABSOLUTE (.))
 *(.ram_0 .ram_0. ram_0.*)
                0x0000000000020018                . = ALIGN (0x4)
                [!provide]                        PROVIDE (_alt_partition_ram_0_end, ABSOLUTE (.))
                0x0000000000020018                _end = ABSOLUTE (.)
                0x0000000000020018                end = ABSOLUTE (.)
                0x0000000000020018                __alt_stack_base = ABSOLUTE (.)
                [!provide]                        PROVIDE (_alt_partition_ram_0_load_addr, LOADADDR (.ram_0))

.stab
 *(.stab)

.stabstr
 *(.stabstr)

.stab.excl
 *(.stab.excl)

.stab.exclstr
 *(.stab.exclstr)

.stab.index
 *(.stab.index)

.stab.indexstr
 *(.stab.indexstr)

.comment        0x0000000000000000       0x23
 *(.comment)
 .comment       0x0000000000000000       0x23 obj/default/main.o
                                         0x24 (size before relaxing)
 .comment       0x0000000000000023       0x24 c:/intelfpga_lite/18.1/nios2eds/bin/gnu/h-x86_64-mingw32/bin/../lib/gcc/nios2-elf/5.3.0/mno-hw-mul\libgcc.a(lib2-divmod.o)
 .comment       0x0000000000000023       0x24 ../clock_alarm_nios_bsp/\libhal_bsp.a(alt_load.o)
 .comment       0x0000000000000023       0x24 ../clock_alarm_nios_bsp/\libhal_bsp.a(alt_main.o)
 .comment       0x0000000000000023       0x24 ../clock_alarm_nios_bsp/\libhal_bsp.a(alt_sys_init.o)
 .comment       0x0000000000000023       0x24 ../clock_alarm_nios_bsp/\libhal_bsp.a(alt_dcache_flush_all.o)
 .comment       0x0000000000000023       0x24 ../clock_alarm_nios_bsp/\libhal_bsp.a(alt_icache_flush_all.o)
 .comment       0x0000000000000023       0x24 ../clock_alarm_nios_bsp/\libhal_bsp.a(altera_nios2_gen2_irq.o)

.debug
 *(.debug)

.line
 *(.line)

.debug_srcinfo
 *(.debug_srcinfo)

.debug_sfnames
 *(.debug_sfnames)

.debug_aranges  0x0000000000000000      0x130
 *(.debug_aranges)
 .debug_aranges
                0x0000000000000000       0x28 ../clock_alarm_nios_bsp//obj/HAL/src/crt0.o
 .debug_aranges
                0x0000000000000028       0x28 obj/default/main.o
 .debug_aranges
                0x0000000000000050       0x20 c:/intelfpga_lite/18.1/nios2eds/bin/gnu/h-x86_64-mingw32/bin/../lib/gcc/nios2-elf/5.3.0/mno-hw-mul\libgcc.a(lib2-divmod.o)
 .debug_aranges
                0x0000000000000070       0x20 ../clock_alarm_nios_bsp/\libhal_bsp.a(alt_load.o)
 .debug_aranges
                0x0000000000000090       0x20 ../clock_alarm_nios_bsp/\libhal_bsp.a(alt_main.o)
 .debug_aranges
                0x00000000000000b0       0x20 ../clock_alarm_nios_bsp/\libhal_bsp.a(alt_sys_init.o)
 .debug_aranges
                0x00000000000000d0       0x20 ../clock_alarm_nios_bsp/\libhal_bsp.a(alt_dcache_flush_all.o)
 .debug_aranges
                0x00000000000000f0       0x20 ../clock_alarm_nios_bsp/\libhal_bsp.a(alt_icache_flush_all.o)
 .debug_aranges
                0x0000000000000110       0x20 ../clock_alarm_nios_bsp/\libhal_bsp.a(altera_nios2_gen2_irq.o)

.debug_pubnames
 *(.debug_pubnames)

.debug_info     0x0000000000000000      0xbf0
 *(.debug_info .gnu.linkonce.wi.*)
 .debug_info    0x0000000000000000       0xa5 ../clock_alarm_nios_bsp//obj/HAL/src/crt0.o
 .debug_info    0x00000000000000a5      0x250 obj/default/main.o
 .debug_info    0x00000000000002f5      0x2c6 c:/intelfpga_lite/18.1/nios2eds/bin/gnu/h-x86_64-mingw32/bin/../lib/gcc/nios2-elf/5.3.0/mno-hw-mul\libgcc.a(lib2-divmod.o)
 .debug_info    0x00000000000005bb      0x1c9 ../clock_alarm_nios_bsp/\libhal_bsp.a(alt_load.o)
 .debug_info    0x0000000000000784      0x169 ../clock_alarm_nios_bsp/\libhal_bsp.a(alt_main.o)
 .debug_info    0x00000000000008ed      0x14d ../clock_alarm_nios_bsp/\libhal_bsp.a(alt_sys_init.o)
 .debug_info    0x0000000000000a3a       0x92 ../clock_alarm_nios_bsp/\libhal_bsp.a(alt_dcache_flush_all.o)
 .debug_info    0x0000000000000acc       0x92 ../clock_alarm_nios_bsp/\libhal_bsp.a(alt_icache_flush_all.o)
 .debug_info    0x0000000000000b5e       0x92 ../clock_alarm_nios_bsp/\libhal_bsp.a(altera_nios2_gen2_irq.o)

.debug_abbrev   0x0000000000000000      0x5cd
 *(.debug_abbrev)
 .debug_abbrev  0x0000000000000000       0x12 ../clock_alarm_nios_bsp//obj/HAL/src/crt0.o
 .debug_abbrev  0x0000000000000012      0x12b obj/default/main.o
 .debug_abbrev  0x000000000000013d      0x10e c:/intelfpga_lite/18.1/nios2eds/bin/gnu/h-x86_64-mingw32/bin/../lib/gcc/nios2-elf/5.3.0/mno-hw-mul\libgcc.a(lib2-divmod.o)
 .debug_abbrev  0x000000000000024b       0xd8 ../clock_alarm_nios_bsp/\libhal_bsp.a(alt_load.o)
 .debug_abbrev  0x0000000000000323       0xee ../clock_alarm_nios_bsp/\libhal_bsp.a(alt_main.o)
 .debug_abbrev  0x0000000000000411       0xf6 ../clock_alarm_nios_bsp/\libhal_bsp.a(alt_sys_init.o)
 .debug_abbrev  0x0000000000000507       0x42 ../clock_alarm_nios_bsp/\libhal_bsp.a(alt_dcache_flush_all.o)
 .debug_abbrev  0x0000000000000549       0x42 ../clock_alarm_nios_bsp/\libhal_bsp.a(alt_icache_flush_all.o)
 .debug_abbrev  0x000000000000058b       0x42 ../clock_alarm_nios_bsp/\libhal_bsp.a(altera_nios2_gen2_irq.o)

.debug_line     0x0000000000000000      0x555
 *(.debug_line)
 .debug_line    0x0000000000000000       0x66 ../clock_alarm_nios_bsp//obj/HAL/src/crt0.o
 .debug_line    0x0000000000000066       0xbe obj/default/main.o
 .debug_line    0x0000000000000124      0x105 c:/intelfpga_lite/18.1/nios2eds/bin/gnu/h-x86_64-mingw32/bin/../lib/gcc/nios2-elf/5.3.0/mno-hw-mul\libgcc.a(lib2-divmod.o)
 .debug_line    0x0000000000000229       0xa4 ../clock_alarm_nios_bsp/\libhal_bsp.a(alt_load.o)
 .debug_line    0x00000000000002cd       0xbd ../clock_alarm_nios_bsp/\libhal_bsp.a(alt_main.o)
 .debug_line    0x000000000000038a       0xdf ../clock_alarm_nios_bsp/\libhal_bsp.a(alt_sys_init.o)
 .debug_line    0x0000000000000469       0x4e ../clock_alarm_nios_bsp/\libhal_bsp.a(alt_dcache_flush_all.o)
 .debug_line    0x00000000000004b7       0x4e ../clock_alarm_nios_bsp/\libhal_bsp.a(alt_icache_flush_all.o)
 .debug_line    0x0000000000000505       0x50 ../clock_alarm_nios_bsp/\libhal_bsp.a(altera_nios2_gen2_irq.o)

.debug_frame    0x0000000000000000      0x1e0
 *(.debug_frame)
 .debug_frame   0x0000000000000000       0x98 obj/default/main.o
 .debug_frame   0x0000000000000098       0x50 c:/intelfpga_lite/18.1/nios2eds/bin/gnu/h-x86_64-mingw32/bin/../lib/gcc/nios2-elf/5.3.0/mno-hw-mul\libgcc.a(lib2-divmod.o)
 .debug_frame   0x00000000000000e8       0x30 ../clock_alarm_nios_bsp/\libhal_bsp.a(alt_load.o)
 .debug_frame   0x0000000000000118       0x2c ../clock_alarm_nios_bsp/\libhal_bsp.a(alt_main.o)
 .debug_frame   0x0000000000000144       0x3c ../clock_alarm_nios_bsp/\libhal_bsp.a(alt_sys_init.o)
 .debug_frame   0x0000000000000180       0x20 ../clock_alarm_nios_bsp/\libhal_bsp.a(alt_dcache_flush_all.o)
 .debug_frame   0x00000000000001a0       0x20 ../clock_alarm_nios_bsp/\libhal_bsp.a(alt_icache_flush_all.o)
 .debug_frame   0x00000000000001c0       0x20 ../clock_alarm_nios_bsp/\libhal_bsp.a(altera_nios2_gen2_irq.o)

.debug_str      0x0000000000000000      0x648
 *(.debug_str)
 .debug_str     0x0000000000000000      0x1c8 obj/default/main.o
                                        0x22b (size before relaxing)
 .debug_str     0x00000000000001c8      0x187 c:/intelfpga_lite/18.1/nios2eds/bin/gnu/h-x86_64-mingw32/bin/../lib/gcc/nios2-elf/5.3.0/mno-hw-mul\libgcc.a(lib2-divmod.o)
                                        0x1d2 (size before relaxing)
 .debug_str     0x000000000000034f      0x18c ../clock_alarm_nios_bsp/\libhal_bsp.a(alt_load.o)
                                        0x273 (size before relaxing)
 .debug_str     0x00000000000004db       0x8f ../clock_alarm_nios_bsp/\libhal_bsp.a(alt_main.o)
                                        0x1ec (size before relaxing)
 .debug_str     0x000000000000056a       0x80 ../clock_alarm_nios_bsp/\libhal_bsp.a(alt_sys_init.o)
                                        0x230 (size before relaxing)
 .debug_str     0x00000000000005ea       0x1f ../clock_alarm_nios_bsp/\libhal_bsp.a(alt_dcache_flush_all.o)
                                        0x18c (size before relaxing)
 .debug_str     0x0000000000000609       0x1f ../clock_alarm_nios_bsp/\libhal_bsp.a(alt_icache_flush_all.o)
                                        0x18c (size before relaxing)
 .debug_str     0x0000000000000628       0x20 ../clock_alarm_nios_bsp/\libhal_bsp.a(altera_nios2_gen2_irq.o)
                                        0x193 (size before relaxing)

.debug_loc      0x0000000000000000      0x640
 *(.debug_loc)
 .debug_loc     0x0000000000000000      0x151 obj/default/main.o
 .debug_loc     0x0000000000000151      0x4ce c:/intelfpga_lite/18.1/nios2eds/bin/gnu/h-x86_64-mingw32/bin/../lib/gcc/nios2-elf/5.3.0/mno-hw-mul\libgcc.a(lib2-divmod.o)
 .debug_loc     0x000000000000061f       0x21 ../clock_alarm_nios_bsp/\libhal_bsp.a(alt_sys_init.o)

.debug_macinfo
 *(.debug_macinfo)

.debug_weaknames
 *(.debug_weaknames)

.debug_funcnames
 *(.debug_funcnames)

.debug_typenames
 *(.debug_typenames)

.debug_varnames
 *(.debug_varnames)

.debug_alt_sim_info
                0x0000000000000000       0x10
 *(.debug_alt_sim_info)
 .debug_alt_sim_info
                0x0000000000000000       0x10 ../clock_alarm_nios_bsp//obj/HAL/src/crt0.o
                0x0000000000020830                __alt_data_end = 0x20830
                0x0000000000020830                PROVIDE (__alt_stack_pointer, __alt_data_end)
                [!provide]                        PROVIDE (__alt_stack_limit, __alt_stack_base)
                [!provide]                        PROVIDE (__alt_heap_start, end)
                [!provide]                        PROVIDE (__alt_heap_limit, 0x20830)
OUTPUT(clock_alarm_nios.elf elf32-littlenios2)

.debug_ranges   0x0000000000000000      0x110
 .debug_ranges  0x0000000000000000       0x20 ../clock_alarm_nios_bsp//obj/HAL/src/crt0.o
 .debug_ranges  0x0000000000000020       0x48 obj/default/main.o
 .debug_ranges  0x0000000000000068       0x60 c:/intelfpga_lite/18.1/nios2eds/bin/gnu/h-x86_64-mingw32/bin/../lib/gcc/nios2-elf/5.3.0/mno-hw-mul\libgcc.a(lib2-divmod.o)
 .debug_ranges  0x00000000000000c8       0x48 ../clock_alarm_nios_bsp/\libhal_bsp.a(alt_load.o)
