Archive member included to satisfy reference by file (symbol)

c:/intelfpga_lite/18.1/nios2eds/bin/gnu/h-x86_64-mingw32/bin/../lib/gcc/nios2-elf/5.3.0/mno-hw-mul\libgcc.a(lib2-divmod.o)
                              obj/default/main.o (__divsi3)
../clock_alarm_nios_bsp/\libhal_bsp.a(alt_iic.o)
                              obj/default/timer.o (alt_ic_isr_register)
../clock_alarm_nios_bsp/\libhal_bsp.a(alt_iic_isr_register.o)
                              ../clock_alarm_nios_bsp/\libhal_bsp.a(alt_iic.o) (alt_iic_isr_register)
../clock_alarm_nios_bsp/\libhal_bsp.a(alt_irq_entry.o)
                              ../clock_alarm_nios_bsp/\libhal_bsp.a(alt_iic_isr_register.o) (alt_irq_entry)
../clock_alarm_nios_bsp/\libhal_bsp.a(alt_irq_handler.o)
                              ../clock_alarm_nios_bsp/\libhal_bsp.a(alt_iic_isr_register.o) (alt_irq_handler)
../clock_alarm_nios_bsp/\libhal_bsp.a(alt_irq_vars.o)
                              ../clock_alarm_nios_bsp/\libhal_bsp.a(alt_iic.o) (alt_irq_active)
../clock_alarm_nios_bsp/\libhal_bsp.a(alt_load.o)
                              ../clock_alarm_nios_bsp//obj/HAL/src/crt0.o (alt_load)
../clock_alarm_nios_bsp/\libhal_bsp.a(alt_main.o)
                              ../clock_alarm_nios_bsp//obj/HAL/src/crt0.o (alt_main)
../clock_alarm_nios_bsp/\libhal_bsp.a(alt_usleep.o)
                              obj/default/main.o (usleep)
../clock_alarm_nios_bsp/\libhal_bsp.a(alt_sys_init.o)
                              ../clock_alarm_nios_bsp/\libhal_bsp.a(alt_main.o) (alt_irq_init)
../clock_alarm_nios_bsp/\libhal_bsp.a(alt_busy_sleep.o)
                              ../clock_alarm_nios_bsp/\libhal_bsp.a(alt_usleep.o) (alt_busy_sleep)
../clock_alarm_nios_bsp/\libhal_bsp.a(alt_dcache_flush_all.o)
                              ../clock_alarm_nios_bsp/\libhal_bsp.a(alt_load.o) (alt_dcache_flush_all)
../clock_alarm_nios_bsp/\libhal_bsp.a(alt_exception_entry.o)
                              ../clock_alarm_nios_bsp/\libhal_bsp.a(alt_irq_entry.o) (alt_exception)
../clock_alarm_nios_bsp/\libhal_bsp.a(alt_icache_flush_all.o)
                              ../clock_alarm_nios_bsp/\libhal_bsp.a(alt_load.o) (alt_icache_flush_all)
../clock_alarm_nios_bsp/\libhal_bsp.a(alt_instruction_exception_entry.o)
                              ../clock_alarm_nios_bsp/\libhal_bsp.a(alt_exception_entry.o) (alt_instruction_exception_entry)
../clock_alarm_nios_bsp/\libhal_bsp.a(altera_nios2_gen2_irq.o)
                              ../clock_alarm_nios_bsp/\libhal_bsp.a(alt_sys_init.o) (altera_nios2_gen2_irq_init)
c:/intelfpga_lite/18.1/nios2eds/bin/gnu/h-x86_64-mingw32/bin/../lib/gcc/nios2-elf/5.3.0/mno-hw-mul\libgcc.a(lib2-mul.o)
                              ../clock_alarm_nios_bsp/\libhal_bsp.a(alt_busy_sleep.o) (__mulsi3)

Allocating common symbols
Common symbol       size              file

alt_irq             0x100             ../clock_alarm_nios_bsp/\libhal_bsp.a(alt_irq_handler.o)

Memory Configuration

Name             Origin             Length             Attributes
reset            0x0000000000010000 0x0000000000000020
rom_0            0x0000000000010020 0x0000000000000fe0
ram_0            0x0000000000020000 0x0000000000000830
*default*        0x0000000000000000 0xffffffffffffffff

Linker script and memory map

LOAD ../clock_alarm_nios_bsp//obj/HAL/src/crt0.o
LOAD obj/default/main.o
LOAD obj/default/timer.o
LOAD obj/default/utils.o
LOAD c:/intelfpga_lite/18.1/nios2eds/bin/gnu/h-x86_64-mingw32/bin/../lib/gcc/nios2-elf/5.3.0/../../../../../H-x86_64-mingw32/nios2-elf/lib/mno-hw-mul\libstdc++.a
LOAD c:/intelfpga_lite/18.1/nios2eds/bin/gnu/h-x86_64-mingw32/bin/../lib/gcc/nios2-elf/5.3.0/../../../../../H-x86_64-mingw32/nios2-elf/lib/mno-hw-mul\libm.a
LOAD c:/intelfpga_lite/18.1/nios2eds/bin/gnu/h-x86_64-mingw32/bin/../lib/gcc/nios2-elf/5.3.0/mno-hw-mul\libgcc.a
START GROUP
LOAD c:/intelfpga_lite/18.1/nios2eds/bin/gnu/h-x86_64-mingw32/bin/../lib/gcc/nios2-elf/5.3.0/../../../../../H-x86_64-mingw32/nios2-elf/lib/mno-hw-mul\libsmallc.a
LOAD c:/intelfpga_lite/18.1/nios2eds/bin/gnu/h-x86_64-mingw32/bin/../lib/gcc/nios2-elf/5.3.0/mno-hw-mul\libgcc.a
LOAD ../clock_alarm_nios_bsp/\libhal_bsp.a
LOAD c:/intelfpga_lite/18.1/nios2eds/bin/gnu/h-x86_64-mingw32/bin/../lib/gcc/nios2-elf/5.3.0/../../../../../H-x86_64-mingw32/nios2-elf/lib/mno-hw-mul\libm.a
END GROUP
LOAD c:/intelfpga_lite/18.1/nios2eds/bin/gnu/h-x86_64-mingw32/bin/../lib/gcc/nios2-elf/5.3.0/mno-hw-mul\libgcc.a
                0x0000000000010000                __alt_mem_rom_0 = 0x10000
                0x0000000000020000                __alt_mem_ram_0 = 0x20000

.entry          0x0000000000010000       0x20
 *(.entry)
 .entry         0x0000000000010000       0x20 ../clock_alarm_nios_bsp//obj/HAL/src/crt0.o
                0x0000000000010000                __reset
                0x000000000001000c                _exit

.exceptions     0x0000000000010020      0x160
                0x0000000000010020                PROVIDE (__ram_exceptions_start, ABSOLUTE (.))
                0x0000000000010020                . = ALIGN (0x20)
 *(.irq)
 *(.exceptions.entry.label)
 .exceptions.entry.label
                0x0000000000010020        0x0 ../clock_alarm_nios_bsp/\libhal_bsp.a(alt_irq_entry.o)
                0x0000000000010020                alt_irq_entry
 .exceptions.entry.label
                0x0000000000010020        0x0 ../clock_alarm_nios_bsp/\libhal_bsp.a(alt_exception_entry.o)
                0x0000000000010020                alt_exception
 *(.exceptions.entry.user)
 *(.exceptions.entry.ecc_fatal)
 *(.exceptions.entry)
 .exceptions.entry
                0x0000000000010020       0x54 ../clock_alarm_nios_bsp/\libhal_bsp.a(alt_exception_entry.o)
 *(.exceptions.irqtest.user)
 *(.exceptions.irqtest)
 .exceptions.irqtest
                0x0000000000010074       0x10 ../clock_alarm_nios_bsp/\libhal_bsp.a(alt_irq_entry.o)
 *(.exceptions.irqhandler.user)
 *(.exceptions.irqhandler)
 .exceptions.irqhandler
                0x0000000000010084        0x4 ../clock_alarm_nios_bsp/\libhal_bsp.a(alt_irq_entry.o)
 *(.exceptions.irqreturn.user)
 *(.exceptions.irqreturn)
 .exceptions.irqreturn
                0x0000000000010088        0x4 ../clock_alarm_nios_bsp/\libhal_bsp.a(alt_irq_entry.o)
 *(.exceptions.notirq.label)
 .exceptions.notirq.label
                0x000000000001008c        0x0 ../clock_alarm_nios_bsp/\libhal_bsp.a(alt_irq_entry.o)
 *(.exceptions.notirq.user)
 *(.exceptions.notirq)
 .exceptions.notirq
                0x000000000001008c        0x8 ../clock_alarm_nios_bsp/\libhal_bsp.a(alt_exception_entry.o)
 *(.exceptions.soft.user)
 *(.exceptions.soft)
 *(.exceptions.unknown.user)
 *(.exceptions.unknown)
 .exceptions.unknown
                0x0000000000010094       0x14 ../clock_alarm_nios_bsp/\libhal_bsp.a(alt_exception_entry.o)
 *(.exceptions.exit.label)
 .exceptions.exit.label
                0x00000000000100a8        0x0 ../clock_alarm_nios_bsp/\libhal_bsp.a(alt_irq_entry.o)
 .exceptions.exit.label
                0x00000000000100a8        0x0 ../clock_alarm_nios_bsp/\libhal_bsp.a(alt_exception_entry.o)
 *(.exceptions.exit.user)
 *(.exceptions.exit)
 .exceptions.exit
                0x00000000000100a8       0x54 ../clock_alarm_nios_bsp/\libhal_bsp.a(alt_exception_entry.o)
 *(.exceptions)
 .exceptions    0x00000000000100fc       0x60 ../clock_alarm_nios_bsp/\libhal_bsp.a(alt_irq_handler.o)
                0x00000000000100fc                alt_irq_handler
 .exceptions    0x000000000001015c       0x24 ../clock_alarm_nios_bsp/\libhal_bsp.a(alt_instruction_exception_entry.o)
                0x000000000001015c                alt_instruction_exception_entry
                0x0000000000010180                PROVIDE (__ram_exceptions_end, ABSOLUTE (.))
                0x0000000000010020                PROVIDE (__flash_exceptions_start, LOADADDR (.exceptions))

.text           0x0000000000010180      0x6c4
                [!provide]                        PROVIDE (stext, ABSOLUTE (.))
 *(.interp)
 *(.hash)
 *(.dynsym)
 *(.dynstr)
 *(.gnu.version)
 *(.gnu.version_d)
 *(.gnu.version_r)
 *(.rel.init)
 *(.rela.init)
 *(.rel.text .rel.text.* .rel.gnu.linkonce.t.*)
 *(.rela.text .rela.text.* .rela.gnu.linkonce.t.*)
 *(.rel.fini)
 *(.rela.fini)
 *(.rel.rodata .rel.rodata.* .rel.gnu.linkonce.r.*)
 *(.rela.rodata .rela.rodata.* .rela.gnu.linkonce.r.*)
 *(.rel.data .rel.data.* .rel.gnu.linkonce.d.*)
 *(.rela.data .rela.data.* .rela.gnu.linkonce.d.*)
 *(.rel.tdata .rel.tdata.* .rel.gnu.linkonce.td.*)
 *(.rela.tdata .rela.tdata.* .rela.gnu.linkonce.td.*)
 *(.rel.tbss .rel.tbss.* .rel.gnu.linkonce.tb.*)
 *(.rela.tbss .rela.tbss.* .rela.gnu.linkonce.tb.*)
 *(.rel.ctors)
 *(.rela.ctors)
 *(.rel.dtors)
 *(.rela.dtors)
 *(.rel.got)
 *(.rela.got)
 *(.rel.sdata .rel.sdata.* .rel.gnu.linkonce.s.*)
 *(.rela.sdata .rela.sdata.* .rela.gnu.linkonce.s.*)
 *(.rel.sbss .rel.sbss.* .rel.gnu.linkonce.sb.*)
 *(.rela.sbss .rela.sbss.* .rela.gnu.linkonce.sb.*)
 *(.rel.sdata2 .rel.sdata2.* .rel.gnu.linkonce.s2.*)
 *(.rela.sdata2 .rela.sdata2.* .rela.gnu.linkonce.s2.*)
 *(.rel.sbss2 .rel.sbss2.* .rel.gnu.linkonce.sb2.*)
 *(.rela.sbss2 .rela.sbss2.* .rela.gnu.linkonce.sb2.*)
 *(.rel.bss .rel.bss.* .rel.gnu.linkonce.b.*)
 *(.rela.bss .rela.bss.* .rela.gnu.linkonce.b.*)
 *(.rel.plt)
 *(.rela.plt)
 *(.rel.dyn)
 *(.init)
 *(.plt)
 *(.text .stub .text.* .gnu.linkonce.t.*)
 .text          0x0000000000010180       0x3c ../clock_alarm_nios_bsp//obj/HAL/src/crt0.o
                0x0000000000010180                _start
 .text          0x00000000000101bc       0xa4 obj/default/main.o
                0x00000000000101bc                handle_buttons
                0x00000000000101c0                update_time_display
 .text.startup  0x0000000000010260       0x28 obj/default/main.o
                0x0000000000010260                main
 .text          0x0000000000010288       0x9c obj/default/timer.o
                0x0000000000010288                timer_isr
                0x00000000000102e4                init_timer
 .text          0x0000000000010324       0x10 obj/default/utils.o
                0x0000000000010324                save_alarm_configuration
                0x0000000000010328                save_current_time_configuration
                0x000000000001032c                load_alarm_configuration
                0x0000000000010330                load_current_time_configuration
 .text          0x0000000000010334      0x1b4 c:/intelfpga_lite/18.1/nios2eds/bin/gnu/h-x86_64-mingw32/bin/../lib/gcc/nios2-elf/5.3.0/mno-hw-mul\libgcc.a(lib2-divmod.o)
                0x0000000000010334                __divsi3
                0x00000000000103b8                __modsi3
                0x000000000001042c                __udivsi3
                0x0000000000010490                __umodsi3
 .text          0x00000000000104e8       0x8c ../clock_alarm_nios_bsp/\libhal_bsp.a(alt_iic.o)
                0x00000000000104e8                alt_ic_isr_register
                0x00000000000104ec                alt_ic_irq_enable
                0x0000000000010524                alt_ic_irq_disable
                0x000000000001055c                alt_ic_irq_enabled
 .text          0x0000000000010574       0x68 ../clock_alarm_nios_bsp/\libhal_bsp.a(alt_iic_isr_register.o)
                0x0000000000010574                alt_iic_isr_register
 .text          0x00000000000105dc        0x0 ../clock_alarm_nios_bsp/\libhal_bsp.a(alt_irq_entry.o)
 .text          0x00000000000105dc        0x0 ../clock_alarm_nios_bsp/\libhal_bsp.a(alt_irq_handler.o)
 .text          0x00000000000105dc        0x0 ../clock_alarm_nios_bsp/\libhal_bsp.a(alt_irq_vars.o)
 .text          0x00000000000105dc       0xe0 ../clock_alarm_nios_bsp/\libhal_bsp.a(alt_load.o)
                0x00000000000105dc                alt_load
 .text          0x00000000000106bc       0x2c ../clock_alarm_nios_bsp/\libhal_bsp.a(alt_main.o)
                0x00000000000106bc                alt_main
 .text          0x00000000000106e8        0x4 ../clock_alarm_nios_bsp/\libhal_bsp.a(alt_usleep.o)
                0x00000000000106e8                usleep
 .text          0x00000000000106ec       0x24 ../clock_alarm_nios_bsp/\libhal_bsp.a(alt_sys_init.o)
                0x00000000000106ec                alt_irq_init
                0x000000000001070c                alt_sys_init
 .text          0x0000000000010710       0x88 ../clock_alarm_nios_bsp/\libhal_bsp.a(alt_busy_sleep.o)
                0x0000000000010710                alt_busy_sleep
 .text          0x0000000000010798        0x4 ../clock_alarm_nios_bsp/\libhal_bsp.a(alt_dcache_flush_all.o)
                0x0000000000010798                alt_dcache_flush_all
 .text          0x000000000001079c        0x0 ../clock_alarm_nios_bsp/\libhal_bsp.a(alt_exception_entry.o)
 .text          0x000000000001079c        0x4 ../clock_alarm_nios_bsp/\libhal_bsp.a(alt_icache_flush_all.o)
                0x000000000001079c                alt_icache_flush_all
 .text          0x00000000000107a0       0x74 ../clock_alarm_nios_bsp/\libhal_bsp.a(alt_instruction_exception_entry.o)
                0x00000000000107a0                alt_exception_cause_generated_bad_addr
 .text          0x0000000000010814        0x8 ../clock_alarm_nios_bsp/\libhal_bsp.a(altera_nios2_gen2_irq.o)
                0x0000000000010814                altera_nios2_gen2_irq_init
 .text          0x000000000001081c       0x28 c:/intelfpga_lite/18.1/nios2eds/bin/gnu/h-x86_64-mingw32/bin/../lib/gcc/nios2-elf/5.3.0/mno-hw-mul\libgcc.a(lib2-mul.o)
                0x000000000001081c                __mulsi3
 *(.gnu.warning.*)
 *(.fini)
                [!provide]                        PROVIDE (__etext, ABSOLUTE (.))
                [!provide]                        PROVIDE (_etext, ABSOLUTE (.))
                [!provide]                        PROVIDE (etext, ABSOLUTE (.))
 *(.eh_frame_hdr)
                0x0000000000010844                . = ALIGN (0x4)
                [!provide]                        PROVIDE (__preinit_array_start, ABSOLUTE (.))
 *(.preinit_array)
                [!provide]                        PROVIDE (__preinit_array_end, ABSOLUTE (.))
                [!provide]                        PROVIDE (__init_array_start, ABSOLUTE (.))
 *(.init_array)
                [!provide]                        PROVIDE (__init_array_end, ABSOLUTE (.))
                [!provide]                        PROVIDE (__fini_array_start, ABSOLUTE (.))
 *(.fini_array)
                [!provide]                        PROVIDE (__fini_array_end, ABSOLUTE (.))
 *(.eh_frame)
 *(.gcc_except_table .gcc_except_table.*)
 *(.dynamic)
                [!provide]                        PROVIDE (__CTOR_LIST__, ABSOLUTE (.))
 *(.ctors)
 *(SORT(.ctors.*))
                [!provide]                        PROVIDE (__CTOR_END__, ABSOLUTE (.))
                [!provide]                        PROVIDE (__DTOR_LIST__, ABSOLUTE (.))
 *(.dtors)
 *(SORT(.dtors.*))
                [!provide]                        PROVIDE (__DTOR_END__, ABSOLUTE (.))
 *(.jcr)
                0x0000000000010844                . = ALIGN (0x4)

.rodata         0x0000000000020000        0xc load address 0x0000000000010844
                0x0000000000020000                PROVIDE (__ram_rodata_start, ABSOLUTE (.))
                0x0000000000020000                . = ALIGN (0x4)
 *(.rodata .rodata.* .gnu.linkonce.r.*)
 .rodata        0x0000000000020000        0xa obj/default/main.o
                0x0000000000020000                digit_to_segment
 *(.rodata1)
                0x000000000002000c                . = ALIGN (0x4)
 *fill*         0x000000000002000a        0x2 
                0x000000000002000c                PROVIDE (__ram_rodata_end, ABSOLUTE (.))
                0x0000000000010844                PROVIDE (__flash_rodata_start, LOADADDR (.rodata))

.rwdata         0x000000000002000c        0x4 load address 0x0000000000010850
                0x000000000002000c                PROVIDE (__ram_rwdata_start, ABSOLUTE (.))
                0x000000000002000c                . = ALIGN (0x4)
 *(.got.plt)
 *(.got)
 *(.data1)
 *(.data .data.* .gnu.linkonce.d.*)
 .data          0x000000000002000c        0x0 ../clock_alarm_nios_bsp//obj/HAL/src/crt0.o
 .data          0x000000000002000c        0x0 obj/default/main.o
 .data          0x000000000002000c        0x0 obj/default/timer.o
 .data          0x000000000002000c        0x0 obj/default/utils.o
 .data          0x000000000002000c        0x0 c:/intelfpga_lite/18.1/nios2eds/bin/gnu/h-x86_64-mingw32/bin/../lib/gcc/nios2-elf/5.3.0/mno-hw-mul\libgcc.a(lib2-divmod.o)
 .data          0x000000000002000c        0x0 ../clock_alarm_nios_bsp/\libhal_bsp.a(alt_iic.o)
 .data          0x000000000002000c        0x0 ../clock_alarm_nios_bsp/\libhal_bsp.a(alt_iic_isr_register.o)
 .data          0x000000000002000c        0x0 ../clock_alarm_nios_bsp/\libhal_bsp.a(alt_irq_entry.o)
 .data          0x000000000002000c        0x0 ../clock_alarm_nios_bsp/\libhal_bsp.a(alt_irq_handler.o)
 .data          0x000000000002000c        0x0 ../clock_alarm_nios_bsp/\libhal_bsp.a(alt_irq_vars.o)
 .data          0x000000000002000c        0x0 ../clock_alarm_nios_bsp/\libhal_bsp.a(alt_load.o)
 .data          0x000000000002000c        0x0 ../clock_alarm_nios_bsp/\libhal_bsp.a(alt_main.o)
 .data          0x000000000002000c        0x0 ../clock_alarm_nios_bsp/\libhal_bsp.a(alt_usleep.o)
 .data          0x000000000002000c        0x0 ../clock_alarm_nios_bsp/\libhal_bsp.a(alt_sys_init.o)
 .data          0x000000000002000c        0x0 ../clock_alarm_nios_bsp/\libhal_bsp.a(alt_busy_sleep.o)
 .data          0x000000000002000c        0x0 ../clock_alarm_nios_bsp/\libhal_bsp.a(alt_dcache_flush_all.o)
 .data          0x000000000002000c        0x0 ../clock_alarm_nios_bsp/\libhal_bsp.a(alt_exception_entry.o)
 .data          0x000000000002000c        0x0 ../clock_alarm_nios_bsp/\libhal_bsp.a(alt_icache_flush_all.o)
 .data          0x000000000002000c        0x0 ../clock_alarm_nios_bsp/\libhal_bsp.a(alt_instruction_exception_entry.o)
 .data          0x000000000002000c        0x0 ../clock_alarm_nios_bsp/\libhal_bsp.a(altera_nios2_gen2_irq.o)
 .data          0x000000000002000c        0x0 c:/intelfpga_lite/18.1/nios2eds/bin/gnu/h-x86_64-mingw32/bin/../lib/gcc/nios2-elf/5.3.0/mno-hw-mul\libgcc.a(lib2-mul.o)
                0x000000000002800c                _gp = ABSOLUTE ((. + 0x8000))
                [!provide]                        PROVIDE (gp, _gp)
 *(.rwdata .rwdata.*)
 *(.sdata .sdata.* .gnu.linkonce.s.*)
 .sdata         0x000000000002000c        0x4 ../clock_alarm_nios_bsp/\libhal_bsp.a(alt_irq_vars.o)
                0x000000000002000c                alt_priority_mask
 *(.sdata2 .sdata2.* .gnu.linkonce.s2.*)
                0x0000000000020010                . = ALIGN (0x4)
                0x0000000000020010                _edata = ABSOLUTE (.)
                [!provide]                        PROVIDE (edata, ABSOLUTE (.))
                0x0000000000020010                PROVIDE (__ram_rwdata_end, ABSOLUTE (.))
                0x0000000000010850                PROVIDE (__flash_rwdata_start, LOADADDR (.rwdata))

.bss            0x0000000000020010      0x120 load address 0x0000000000010854
                0x0000000000020010                __bss_start = ABSOLUTE (.)
                [!provide]                        PROVIDE (__sbss_start, ABSOLUTE (.))
                [!provide]                        PROVIDE (___sbss_start, ABSOLUTE (.))
 *(.dynsbss)
 *(.sbss .sbss.* .gnu.linkonce.sb.*)
 .sbss          0x0000000000020010        0xc obj/default/timer.o
                0x0000000000020010                hours
                0x0000000000020014                minutes
                0x0000000000020018                seconds
 .sbss          0x000000000002001c        0x4 ../clock_alarm_nios_bsp/\libhal_bsp.a(alt_irq_vars.o)
                0x000000000002001c                alt_irq_active
 .sbss          0x0000000000020020        0xc ../clock_alarm_nios_bsp/\libhal_bsp.a(alt_main.o)
                0x0000000000020020                alt_envp
                0x0000000000020024                alt_argv
                0x0000000000020028                alt_argc
 .sbss          0x000000000002002c        0x4 ../clock_alarm_nios_bsp/\libhal_bsp.a(alt_instruction_exception_entry.o)
                0x000000000002002c                alt_instruction_exception_handler
 *(.sbss2 .sbss2.* .gnu.linkonce.sb2.*)
 *(.scommon)
                [!provide]                        PROVIDE (__sbss_end, ABSOLUTE (.))
                [!provide]                        PROVIDE (___sbss_end, ABSOLUTE (.))
 *(.dynbss)
 *(.bss .bss.* .gnu.linkonce.b.*)
 .bss           0x0000000000020030        0x0 ../clock_alarm_nios_bsp//obj/HAL/src/crt0.o
 .bss           0x0000000000020030        0x0 obj/default/main.o
 .bss           0x0000000000020030        0x0 obj/default/timer.o
 .bss           0x0000000000020030        0x0 obj/default/utils.o
 .bss           0x0000000000020030        0x0 c:/intelfpga_lite/18.1/nios2eds/bin/gnu/h-x86_64-mingw32/bin/../lib/gcc/nios2-elf/5.3.0/mno-hw-mul\libgcc.a(lib2-divmod.o)
 .bss           0x0000000000020030        0x0 ../clock_alarm_nios_bsp/\libhal_bsp.a(alt_iic.o)
 .bss           0x0000000000020030        0x0 ../clock_alarm_nios_bsp/\libhal_bsp.a(alt_iic_isr_register.o)
 .bss           0x0000000000020030        0x0 ../clock_alarm_nios_bsp/\libhal_bsp.a(alt_irq_entry.o)
 .bss           0x0000000000020030        0x0 ../clock_alarm_nios_bsp/\libhal_bsp.a(alt_irq_handler.o)
 .bss           0x0000000000020030        0x0 ../clock_alarm_nios_bsp/\libhal_bsp.a(alt_irq_vars.o)
 .bss           0x0000000000020030        0x0 ../clock_alarm_nios_bsp/\libhal_bsp.a(alt_load.o)
 .bss           0x0000000000020030        0x0 ../clock_alarm_nios_bsp/\libhal_bsp.a(alt_main.o)
 .bss           0x0000000000020030        0x0 ../clock_alarm_nios_bsp/\libhal_bsp.a(alt_usleep.o)
 .bss           0x0000000000020030        0x0 ../clock_alarm_nios_bsp/\libhal_bsp.a(alt_sys_init.o)
 .bss           0x0000000000020030        0x0 ../clock_alarm_nios_bsp/\libhal_bsp.a(alt_busy_sleep.o)
 .bss           0x0000000000020030        0x0 ../clock_alarm_nios_bsp/\libhal_bsp.a(alt_dcache_flush_all.o)
 .bss           0x0000000000020030        0x0 ../clock_alarm_nios_bsp/\libhal_bsp.a(alt_exception_entry.o)
 .bss           0x0000000000020030        0x0 ../clock_alarm_nios_bsp/\libhal_bsp.a(alt_icache_flush_all.o)
 .bss           0x0000000000020030        0x0 ../clock_alarm_nios_bsp/\libhal_bsp.a(alt_instruction_exception_entry.o)
 .bss           0x0000000000020030        0x0 ../clock_alarm_nios_bsp/\libhal_bsp.a(altera_nios2_gen2_irq.o)
 .bss           0x0000000000020030        0x0 c:/intelfpga_lite/18.1/nios2eds/bin/gnu/h-x86_64-mingw32/bin/../lib/gcc/nios2-elf/5.3.0/mno-hw-mul\libgcc.a(lib2-mul.o)
 *(COMMON)
 COMMON         0x0000000000020030      0x100 ../clock_alarm_nios_bsp/\libhal_bsp.a(alt_irq_handler.o)
                0x0000000000020030                alt_irq
                0x0000000000020130                . = ALIGN (0x4)
                0x0000000000020130                __bss_end = ABSOLUTE (.)

.rom_0          0x0000000000010854        0x0
                [!provide]                        PROVIDE (_alt_partition_rom_0_start, ABSOLUTE (.))
 *(.rom_0 .rom_0. rom_0.*)
                0x0000000000010854                . = ALIGN (0x4)
                [!provide]                        PROVIDE (_alt_partition_rom_0_end, ABSOLUTE (.))
                [!provide]                        PROVIDE (_alt_partition_rom_0_load_addr, LOADADDR (.rom_0))

.ram_0          0x0000000000020130        0x0 load address 0x0000000000010854
                [!provide]                        PROVIDE (_alt_partition_ram_0_start, ABSOLUTE (.))
 *(.ram_0 .ram_0. ram_0.*)
                0x0000000000020130                . = ALIGN (0x4)
                [!provide]                        PROVIDE (_alt_partition_ram_0_end, ABSOLUTE (.))
                0x0000000000020130                _end = ABSOLUTE (.)
                0x0000000000020130                end = ABSOLUTE (.)
                0x0000000000020130                __alt_stack_base = ABSOLUTE (.)
                [!provide]                        PROVIDE (_alt_partition_ram_0_load_addr, LOADADDR (.ram_0))

.stab
 *(.stab)

.stabstr
 *(.stabstr)

.stab.excl
 *(.stab.excl)

.stab.exclstr
 *(.stab.exclstr)

.stab.index
 *(.stab.index)

.stab.indexstr
 *(.stab.indexstr)

.comment        0x0000000000000000       0x23
 *(.comment)
 .comment       0x0000000000000000       0x23 obj/default/main.o
                                         0x24 (size before relaxing)
 .comment       0x0000000000000023       0x24 obj/default/timer.o
 .comment       0x0000000000000023       0x24 obj/default/utils.o
 .comment       0x0000000000000023       0x24 c:/intelfpga_lite/18.1/nios2eds/bin/gnu/h-x86_64-mingw32/bin/../lib/gcc/nios2-elf/5.3.0/mno-hw-mul\libgcc.a(lib2-divmod.o)
 .comment       0x0000000000000023       0x24 ../clock_alarm_nios_bsp/\libhal_bsp.a(alt_iic.o)
 .comment       0x0000000000000023       0x24 ../clock_alarm_nios_bsp/\libhal_bsp.a(alt_iic_isr_register.o)
 .comment       0x0000000000000023       0x24 ../clock_alarm_nios_bsp/\libhal_bsp.a(alt_irq_handler.o)
 .comment       0x0000000000000023       0x24 ../clock_alarm_nios_bsp/\libhal_bsp.a(alt_irq_vars.o)
 .comment       0x0000000000000023       0x24 ../clock_alarm_nios_bsp/\libhal_bsp.a(alt_load.o)
 .comment       0x0000000000000023       0x24 ../clock_alarm_nios_bsp/\libhal_bsp.a(alt_main.o)
 .comment       0x0000000000000023       0x24 ../clock_alarm_nios_bsp/\libhal_bsp.a(alt_usleep.o)
 .comment       0x0000000000000023       0x24 ../clock_alarm_nios_bsp/\libhal_bsp.a(alt_sys_init.o)
 .comment       0x0000000000000023       0x24 ../clock_alarm_nios_bsp/\libhal_bsp.a(alt_busy_sleep.o)
 .comment       0x0000000000000023       0x24 ../clock_alarm_nios_bsp/\libhal_bsp.a(alt_dcache_flush_all.o)
 .comment       0x0000000000000023       0x24 ../clock_alarm_nios_bsp/\libhal_bsp.a(alt_icache_flush_all.o)
 .comment       0x0000000000000023       0x24 ../clock_alarm_nios_bsp/\libhal_bsp.a(alt_instruction_exception_entry.o)
 .comment       0x0000000000000023       0x24 ../clock_alarm_nios_bsp/\libhal_bsp.a(altera_nios2_gen2_irq.o)
 .comment       0x0000000000000023       0x24 c:/intelfpga_lite/18.1/nios2eds/bin/gnu/h-x86_64-mingw32/bin/../lib/gcc/nios2-elf/5.3.0/mno-hw-mul\libgcc.a(lib2-mul.o)

.debug
 *(.debug)

.line
 *(.line)

.debug_srcinfo
 *(.debug_srcinfo)

.debug_sfnames
 *(.debug_sfnames)

.debug_aranges  0x0000000000000000      0x2d8
 *(.debug_aranges)
 .debug_aranges
                0x0000000000000000       0x28 ../clock_alarm_nios_bsp//obj/HAL/src/crt0.o
 .debug_aranges
                0x0000000000000028       0x28 obj/default/main.o
 .debug_aranges
                0x0000000000000050       0x20 obj/default/timer.o
 .debug_aranges
                0x0000000000000070       0x20 obj/default/utils.o
 .debug_aranges
                0x0000000000000090       0x20 c:/intelfpga_lite/18.1/nios2eds/bin/gnu/h-x86_64-mingw32/bin/../lib/gcc/nios2-elf/5.3.0/mno-hw-mul\libgcc.a(lib2-divmod.o)
 .debug_aranges
                0x00000000000000b0       0x20 ../clock_alarm_nios_bsp/\libhal_bsp.a(alt_iic.o)
 .debug_aranges
                0x00000000000000d0       0x20 ../clock_alarm_nios_bsp/\libhal_bsp.a(alt_iic_isr_register.o)
 .debug_aranges
                0x00000000000000f0       0x30 ../clock_alarm_nios_bsp/\libhal_bsp.a(alt_irq_entry.o)
 .debug_aranges
                0x0000000000000120       0x20 ../clock_alarm_nios_bsp/\libhal_bsp.a(alt_irq_handler.o)
 .debug_aranges
                0x0000000000000140       0x18 ../clock_alarm_nios_bsp/\libhal_bsp.a(alt_irq_vars.o)
 .debug_aranges
                0x0000000000000158       0x20 ../clock_alarm_nios_bsp/\libhal_bsp.a(alt_load.o)
 .debug_aranges
                0x0000000000000178       0x20 ../clock_alarm_nios_bsp/\libhal_bsp.a(alt_main.o)
 .debug_aranges
                0x0000000000000198       0x20 ../clock_alarm_nios_bsp/\libhal_bsp.a(alt_usleep.o)
 .debug_aranges
                0x00000000000001b8       0x20 ../clock_alarm_nios_bsp/\libhal_bsp.a(alt_sys_init.o)
 .debug_aranges
                0x00000000000001d8       0x20 ../clock_alarm_nios_bsp/\libhal_bsp.a(alt_busy_sleep.o)
 .debug_aranges
                0x00000000000001f8       0x20 ../clock_alarm_nios_bsp/\libhal_bsp.a(alt_dcache_flush_all.o)
 .debug_aranges
                0x0000000000000218       0x38 ../clock_alarm_nios_bsp/\libhal_bsp.a(alt_exception_entry.o)
 .debug_aranges
                0x0000000000000250       0x20 ../clock_alarm_nios_bsp/\libhal_bsp.a(alt_icache_flush_all.o)
 .debug_aranges
                0x0000000000000270       0x28 ../clock_alarm_nios_bsp/\libhal_bsp.a(alt_instruction_exception_entry.o)
 .debug_aranges
                0x0000000000000298       0x20 ../clock_alarm_nios_bsp/\libhal_bsp.a(altera_nios2_gen2_irq.o)
 .debug_aranges
                0x00000000000002b8       0x20 c:/intelfpga_lite/18.1/nios2eds/bin/gnu/h-x86_64-mingw32/bin/../lib/gcc/nios2-elf/5.3.0/mno-hw-mul\libgcc.a(lib2-mul.o)

.debug_pubnames
 *(.debug_pubnames)

.debug_info     0x0000000000000000     0x1af0
 *(.debug_info .gnu.linkonce.wi.*)
 .debug_info    0x0000000000000000       0xa5 ../clock_alarm_nios_bsp//obj/HAL/src/crt0.o
 .debug_info    0x00000000000000a5      0x202 obj/default/main.o
 .debug_info    0x00000000000002a7      0x132 obj/default/timer.o
 .debug_info    0x00000000000003d9       0x98 obj/default/utils.o
 .debug_info    0x0000000000000471      0x2c6 c:/intelfpga_lite/18.1/nios2eds/bin/gnu/h-x86_64-mingw32/bin/../lib/gcc/nios2-elf/5.3.0/mno-hw-mul\libgcc.a(lib2-divmod.o)
 .debug_info    0x0000000000000737      0x38a ../clock_alarm_nios_bsp/\libhal_bsp.a(alt_iic.o)
 .debug_info    0x0000000000000ac1      0x232 ../clock_alarm_nios_bsp/\libhal_bsp.a(alt_iic_isr_register.o)
 .debug_info    0x0000000000000cf3       0xae ../clock_alarm_nios_bsp/\libhal_bsp.a(alt_irq_entry.o)
 .debug_info    0x0000000000000da1      0x184 ../clock_alarm_nios_bsp/\libhal_bsp.a(alt_irq_handler.o)
 .debug_info    0x0000000000000f25       0x88 ../clock_alarm_nios_bsp/\libhal_bsp.a(alt_irq_vars.o)
 .debug_info    0x0000000000000fad      0x1c9 ../clock_alarm_nios_bsp/\libhal_bsp.a(alt_load.o)
 .debug_info    0x0000000000001176      0x169 ../clock_alarm_nios_bsp/\libhal_bsp.a(alt_main.o)
 .debug_info    0x00000000000012df       0xd1 ../clock_alarm_nios_bsp/\libhal_bsp.a(alt_usleep.o)
 .debug_info    0x00000000000013b0      0x14d ../clock_alarm_nios_bsp/\libhal_bsp.a(alt_sys_init.o)
 .debug_info    0x00000000000014fd       0xd8 ../clock_alarm_nios_bsp/\libhal_bsp.a(alt_busy_sleep.o)
 .debug_info    0x00000000000015d5       0x92 ../clock_alarm_nios_bsp/\libhal_bsp.a(alt_dcache_flush_all.o)
 .debug_info    0x0000000000001667       0xb4 ../clock_alarm_nios_bsp/\libhal_bsp.a(alt_exception_entry.o)
 .debug_info    0x000000000000171b       0x92 ../clock_alarm_nios_bsp/\libhal_bsp.a(alt_icache_flush_all.o)
 .debug_info    0x00000000000017ad      0x1fd ../clock_alarm_nios_bsp/\libhal_bsp.a(alt_instruction_exception_entry.o)
 .debug_info    0x00000000000019aa       0x92 ../clock_alarm_nios_bsp/\libhal_bsp.a(altera_nios2_gen2_irq.o)
 .debug_info    0x0000000000001a3c       0xb4 c:/intelfpga_lite/18.1/nios2eds/bin/gnu/h-x86_64-mingw32/bin/../lib/gcc/nios2-elf/5.3.0/mno-hw-mul\libgcc.a(lib2-mul.o)

.debug_abbrev   0x0000000000000000      0xdf4
 *(.debug_abbrev)
 .debug_abbrev  0x0000000000000000       0x12 ../clock_alarm_nios_bsp//obj/HAL/src/crt0.o
 .debug_abbrev  0x0000000000000012      0x132 obj/default/main.o
 .debug_abbrev  0x0000000000000144       0xa7 obj/default/timer.o
 .debug_abbrev  0x00000000000001eb       0x49 obj/default/utils.o
 .debug_abbrev  0x0000000000000234      0x10e c:/intelfpga_lite/18.1/nios2eds/bin/gnu/h-x86_64-mingw32/bin/../lib/gcc/nios2-elf/5.3.0/mno-hw-mul\libgcc.a(lib2-divmod.o)
 .debug_abbrev  0x0000000000000342      0x1a0 ../clock_alarm_nios_bsp/\libhal_bsp.a(alt_iic.o)
 .debug_abbrev  0x00000000000004e2      0x19c ../clock_alarm_nios_bsp/\libhal_bsp.a(alt_iic_isr_register.o)
 .debug_abbrev  0x000000000000067e       0x12 ../clock_alarm_nios_bsp/\libhal_bsp.a(alt_irq_entry.o)
 .debug_abbrev  0x0000000000000690      0x120 ../clock_alarm_nios_bsp/\libhal_bsp.a(alt_irq_handler.o)
 .debug_abbrev  0x00000000000007b0       0x40 ../clock_alarm_nios_bsp/\libhal_bsp.a(alt_irq_vars.o)
 .debug_abbrev  0x00000000000007f0       0xd8 ../clock_alarm_nios_bsp/\libhal_bsp.a(alt_load.o)
 .debug_abbrev  0x00000000000008c8       0xee ../clock_alarm_nios_bsp/\libhal_bsp.a(alt_main.o)
 .debug_abbrev  0x00000000000009b6       0x8d ../clock_alarm_nios_bsp/\libhal_bsp.a(alt_usleep.o)
 .debug_abbrev  0x0000000000000a43       0xf6 ../clock_alarm_nios_bsp/\libhal_bsp.a(alt_sys_init.o)
 .debug_abbrev  0x0000000000000b39       0x8d ../clock_alarm_nios_bsp/\libhal_bsp.a(alt_busy_sleep.o)
 .debug_abbrev  0x0000000000000bc6       0x42 ../clock_alarm_nios_bsp/\libhal_bsp.a(alt_dcache_flush_all.o)
 .debug_abbrev  0x0000000000000c08       0x12 ../clock_alarm_nios_bsp/\libhal_bsp.a(alt_exception_entry.o)
 .debug_abbrev  0x0000000000000c1a       0x42 ../clock_alarm_nios_bsp/\libhal_bsp.a(alt_icache_flush_all.o)
 .debug_abbrev  0x0000000000000c5c       0xe7 ../clock_alarm_nios_bsp/\libhal_bsp.a(alt_instruction_exception_entry.o)
 .debug_abbrev  0x0000000000000d43       0x42 ../clock_alarm_nios_bsp/\libhal_bsp.a(altera_nios2_gen2_irq.o)
 .debug_abbrev  0x0000000000000d85       0x6f c:/intelfpga_lite/18.1/nios2eds/bin/gnu/h-x86_64-mingw32/bin/../lib/gcc/nios2-elf/5.3.0/mno-hw-mul\libgcc.a(lib2-mul.o)

.debug_line     0x0000000000000000      0xd57
 *(.debug_line)
 .debug_line    0x0000000000000000       0x66 ../clock_alarm_nios_bsp//obj/HAL/src/crt0.o
 .debug_line    0x0000000000000066      0x13f obj/default/main.o
 .debug_line    0x00000000000001a5       0xad obj/default/timer.o
 .debug_line    0x0000000000000252       0x37 obj/default/utils.o
 .debug_line    0x0000000000000289      0x105 c:/intelfpga_lite/18.1/nios2eds/bin/gnu/h-x86_64-mingw32/bin/../lib/gcc/nios2-elf/5.3.0/mno-hw-mul\libgcc.a(lib2-divmod.o)
 .debug_line    0x000000000000038e       0xf1 ../clock_alarm_nios_bsp/\libhal_bsp.a(alt_iic.o)
 .debug_line    0x000000000000047f       0xd6 ../clock_alarm_nios_bsp/\libhal_bsp.a(alt_iic_isr_register.o)
 .debug_line    0x0000000000000555       0x6b ../clock_alarm_nios_bsp/\libhal_bsp.a(alt_irq_entry.o)
 .debug_line    0x00000000000005c0       0xa5 ../clock_alarm_nios_bsp/\libhal_bsp.a(alt_irq_handler.o)
 .debug_line    0x0000000000000665       0x50 ../clock_alarm_nios_bsp/\libhal_bsp.a(alt_irq_vars.o)
 .debug_line    0x00000000000006b5       0xa4 ../clock_alarm_nios_bsp/\libhal_bsp.a(alt_load.o)
 .debug_line    0x0000000000000759       0xbd ../clock_alarm_nios_bsp/\libhal_bsp.a(alt_main.o)
 .debug_line    0x0000000000000816       0xcf ../clock_alarm_nios_bsp/\libhal_bsp.a(alt_usleep.o)
 .debug_line    0x00000000000008e5       0xdf ../clock_alarm_nios_bsp/\libhal_bsp.a(alt_sys_init.o)
 .debug_line    0x00000000000009c4       0xb5 ../clock_alarm_nios_bsp/\libhal_bsp.a(alt_busy_sleep.o)
 .debug_line    0x0000000000000a79       0x4e ../clock_alarm_nios_bsp/\libhal_bsp.a(alt_dcache_flush_all.o)
 .debug_line    0x0000000000000ac7       0xb3 ../clock_alarm_nios_bsp/\libhal_bsp.a(alt_exception_entry.o)
 .debug_line    0x0000000000000b7a       0x4e ../clock_alarm_nios_bsp/\libhal_bsp.a(alt_icache_flush_all.o)
 .debug_line    0x0000000000000bc8       0xbf ../clock_alarm_nios_bsp/\libhal_bsp.a(alt_instruction_exception_entry.o)
 .debug_line    0x0000000000000c87       0x50 ../clock_alarm_nios_bsp/\libhal_bsp.a(altera_nios2_gen2_irq.o)
 .debug_line    0x0000000000000cd7       0x80 c:/intelfpga_lite/18.1/nios2eds/bin/gnu/h-x86_64-mingw32/bin/../lib/gcc/nios2-elf/5.3.0/mno-hw-mul\libgcc.a(lib2-mul.o)

.debug_frame    0x0000000000000000      0x390
 *(.debug_frame)
 .debug_frame   0x0000000000000000       0x68 obj/default/main.o
 .debug_frame   0x0000000000000068       0x3c obj/default/timer.o
 .debug_frame   0x00000000000000a4       0x50 obj/default/utils.o
 .debug_frame   0x00000000000000f4       0x50 c:/intelfpga_lite/18.1/nios2eds/bin/gnu/h-x86_64-mingw32/bin/../lib/gcc/nios2-elf/5.3.0/mno-hw-mul\libgcc.a(lib2-divmod.o)
 .debug_frame   0x0000000000000144       0x50 ../clock_alarm_nios_bsp/\libhal_bsp.a(alt_iic.o)
 .debug_frame   0x0000000000000194       0x30 ../clock_alarm_nios_bsp/\libhal_bsp.a(alt_iic_isr_register.o)
 .debug_frame   0x00000000000001c4       0x34 ../clock_alarm_nios_bsp/\libhal_bsp.a(alt_irq_handler.o)
 .debug_frame   0x00000000000001f8       0x30 ../clock_alarm_nios_bsp/\libhal_bsp.a(alt_load.o)
 .debug_frame   0x0000000000000228       0x2c ../clock_alarm_nios_bsp/\libhal_bsp.a(alt_main.o)
 .debug_frame   0x0000000000000254       0x20 ../clock_alarm_nios_bsp/\libhal_bsp.a(alt_usleep.o)
 .debug_frame   0x0000000000000274       0x3c ../clock_alarm_nios_bsp/\libhal_bsp.a(alt_sys_init.o)
 .debug_frame   0x00000000000002b0       0x30 ../clock_alarm_nios_bsp/\libhal_bsp.a(alt_busy_sleep.o)
 .debug_frame   0x00000000000002e0       0x20 ../clock_alarm_nios_bsp/\libhal_bsp.a(alt_dcache_flush_all.o)
 .debug_frame   0x0000000000000300       0x20 ../clock_alarm_nios_bsp/\libhal_bsp.a(alt_icache_flush_all.o)
 .debug_frame   0x0000000000000320       0x30 ../clock_alarm_nios_bsp/\libhal_bsp.a(alt_instruction_exception_entry.o)
 .debug_frame   0x0000000000000350       0x20 ../clock_alarm_nios_bsp/\libhal_bsp.a(altera_nios2_gen2_irq.o)
 .debug_frame   0x0000000000000370       0x20 c:/intelfpga_lite/18.1/nios2eds/bin/gnu/h-x86_64-mingw32/bin/../lib/gcc/nios2-elf/5.3.0/mno-hw-mul\libgcc.a(lib2-mul.o)

.debug_str      0x0000000000000000      0xd70
 *(.debug_str)
 .debug_str     0x0000000000000000      0x1fc obj/default/main.o
                                        0x252 (size before relaxing)
 .debug_str     0x00000000000001fc       0x35 obj/default/timer.o
                                        0x1aa (size before relaxing)
 .debug_str     0x0000000000000231        0x8 obj/default/utils.o
                                        0x17c (size before relaxing)
 .debug_str     0x0000000000000239      0x187 c:/intelfpga_lite/18.1/nios2eds/bin/gnu/h-x86_64-mingw32/bin/../lib/gcc/nios2-elf/5.3.0/mno-hw-mul\libgcc.a(lib2-divmod.o)
                                        0x1d2 (size before relaxing)
 .debug_str     0x00000000000003c0      0x17b ../clock_alarm_nios_bsp/\libhal_bsp.a(alt_iic.o)
                                        0x28a (size before relaxing)
 .debug_str     0x000000000000053b       0x37 ../clock_alarm_nios_bsp/\libhal_bsp.a(alt_iic_isr_register.o)
                                        0x244 (size before relaxing)
 .debug_str     0x0000000000000572       0x3a ../clock_alarm_nios_bsp/\libhal_bsp.a(alt_irq_handler.o)
                                        0x1ce (size before relaxing)
 .debug_str     0x00000000000005ac       0x17 ../clock_alarm_nios_bsp/\libhal_bsp.a(alt_irq_vars.o)
                                        0x171 (size before relaxing)
 .debug_str     0x00000000000005c3      0x113 ../clock_alarm_nios_bsp/\libhal_bsp.a(alt_load.o)
                                        0x273 (size before relaxing)
 .debug_str     0x00000000000006d6       0x8f ../clock_alarm_nios_bsp/\libhal_bsp.a(alt_main.o)
                                        0x1ec (size before relaxing)
 .debug_str     0x0000000000000765       0x2f ../clock_alarm_nios_bsp/\libhal_bsp.a(alt_usleep.o)
                                        0x18e (size before relaxing)
 .debug_str     0x0000000000000794       0x80 ../clock_alarm_nios_bsp/\libhal_bsp.a(alt_sys_init.o)
                                        0x230 (size before relaxing)
 .debug_str     0x0000000000000814       0x33 ../clock_alarm_nios_bsp/\libhal_bsp.a(alt_busy_sleep.o)
                                        0x1a2 (size before relaxing)
 .debug_str     0x0000000000000847       0x1f ../clock_alarm_nios_bsp/\libhal_bsp.a(alt_dcache_flush_all.o)
                                        0x18c (size before relaxing)
 .debug_str     0x0000000000000866       0x1f ../clock_alarm_nios_bsp/\libhal_bsp.a(alt_icache_flush_all.o)
                                        0x18c (size before relaxing)
 .debug_str     0x0000000000000885      0x48b ../clock_alarm_nios_bsp/\libhal_bsp.a(alt_instruction_exception_entry.o)
                                        0x5d7 (size before relaxing)
 .debug_str     0x0000000000000d10       0x20 ../clock_alarm_nios_bsp/\libhal_bsp.a(altera_nios2_gen2_irq.o)
                                        0x193 (size before relaxing)
 .debug_str     0x0000000000000d30       0x40 c:/intelfpga_lite/18.1/nios2eds/bin/gnu/h-x86_64-mingw32/bin/../lib/gcc/nios2-elf/5.3.0/mno-hw-mul\libgcc.a(lib2-mul.o)
                                        0x193 (size before relaxing)

.debug_loc      0x0000000000000000      0xa73
 *(.debug_loc)
 .debug_loc     0x0000000000000000       0x8f obj/default/main.o
 .debug_loc     0x000000000000008f      0x4ce c:/intelfpga_lite/18.1/nios2eds/bin/gnu/h-x86_64-mingw32/bin/../lib/gcc/nios2-elf/5.3.0/mno-hw-mul\libgcc.a(lib2-divmod.o)
 .debug_loc     0x000000000000055d      0x170 ../clock_alarm_nios_bsp/\libhal_bsp.a(alt_iic.o)
 .debug_loc     0x00000000000006cd      0x193 ../clock_alarm_nios_bsp/\libhal_bsp.a(alt_iic_isr_register.o)
 .debug_loc     0x0000000000000860       0x72 ../clock_alarm_nios_bsp/\libhal_bsp.a(alt_irq_handler.o)
 .debug_loc     0x00000000000008d2       0x21 ../clock_alarm_nios_bsp/\libhal_bsp.a(alt_usleep.o)
 .debug_loc     0x00000000000008f3       0x21 ../clock_alarm_nios_bsp/\libhal_bsp.a(alt_sys_init.o)
 .debug_loc     0x0000000000000914       0x67 ../clock_alarm_nios_bsp/\libhal_bsp.a(alt_busy_sleep.o)
 .debug_loc     0x000000000000097b       0x65 ../clock_alarm_nios_bsp/\libhal_bsp.a(alt_instruction_exception_entry.o)
 .debug_loc     0x00000000000009e0       0x93 c:/intelfpga_lite/18.1/nios2eds/bin/gnu/h-x86_64-mingw32/bin/../lib/gcc/nios2-elf/5.3.0/mno-hw-mul\libgcc.a(lib2-mul.o)

.debug_macinfo
 *(.debug_macinfo)

.debug_weaknames
 *(.debug_weaknames)

.debug_funcnames
 *(.debug_funcnames)

.debug_typenames
 *(.debug_typenames)

.debug_varnames
 *(.debug_varnames)

.debug_alt_sim_info
                0x0000000000000000       0x40
 *(.debug_alt_sim_info)
 .debug_alt_sim_info
                0x0000000000000000       0x10 ../clock_alarm_nios_bsp//obj/HAL/src/crt0.o
 .debug_alt_sim_info
                0x0000000000000010       0x30 ../clock_alarm_nios_bsp/\libhal_bsp.a(alt_busy_sleep.o)
                0x0000000000020830                __alt_data_end = 0x20830
                0x0000000000020830                PROVIDE (__alt_stack_pointer, __alt_data_end)
                [!provide]                        PROVIDE (__alt_stack_limit, __alt_stack_base)
                [!provide]                        PROVIDE (__alt_heap_start, end)
                [!provide]                        PROVIDE (__alt_heap_limit, 0x20830)
OUTPUT(clock_alarm_nios.elf elf32-littlenios2)

.debug_ranges   0x0000000000000000      0x160
 .debug_ranges  0x0000000000000000       0x20 ../clock_alarm_nios_bsp//obj/HAL/src/crt0.o
 .debug_ranges  0x0000000000000020       0x18 obj/default/main.o
 .debug_ranges  0x0000000000000038       0x60 c:/intelfpga_lite/18.1/nios2eds/bin/gnu/h-x86_64-mingw32/bin/../lib/gcc/nios2-elf/5.3.0/mno-hw-mul\libgcc.a(lib2-divmod.o)
 .debug_ranges  0x0000000000000098       0x28 ../clock_alarm_nios_bsp/\libhal_bsp.a(alt_irq_entry.o)
 .debug_ranges  0x00000000000000c0       0x10 ../clock_alarm_nios_bsp/\libhal_bsp.a(alt_irq_handler.o)
 .debug_ranges  0x00000000000000d0       0x48 ../clock_alarm_nios_bsp/\libhal_bsp.a(alt_load.o)
 .debug_ranges  0x0000000000000118       0x30 ../clock_alarm_nios_bsp/\libhal_bsp.a(alt_exception_entry.o)
 .debug_ranges  0x0000000000000148       0x18 ../clock_alarm_nios_bsp/\libhal_bsp.a(alt_instruction_exception_entry.o)
