Archive member included to satisfy reference by file (symbol)

c:/intelfpga_lite/18.1/nios2eds/bin/gnu/h-x86_64-mingw32/bin/../lib/gcc/nios2-elf/5.3.0/mno-hw-mul\libgcc.a(lib2-divmod.o)
                              obj/default/main.o (__divsi3)
c:/intelfpga_lite/18.1/nios2eds/bin/gnu/h-x86_64-mingw32/bin/../lib/gcc/nios2-elf/5.3.0/../../../../../H-x86_64-mingw32/nios2-elf/lib/mno-hw-mul\libsmallc.a(lib_a-printf.o)
                              obj/default/utils.o (printf)
c:/intelfpga_lite/18.1/nios2eds/bin/gnu/h-x86_64-mingw32/bin/../lib/gcc/nios2-elf/5.3.0/../../../../../H-x86_64-mingw32/nios2-elf/lib/mno-hw-mul\libsmallc.a(lib_a-vfprintf.o)
                              c:/intelfpga_lite/18.1/nios2eds/bin/gnu/h-x86_64-mingw32/bin/../lib/gcc/nios2-elf/5.3.0/../../../../../H-x86_64-mingw32/nios2-elf/lib/mno-hw-mul\libsmallc.a(lib_a-printf.o) (___vfprintf_internal_r)
c:/intelfpga_lite/18.1/nios2eds/bin/gnu/h-x86_64-mingw32/bin/../lib/gcc/nios2-elf/5.3.0/../../../../../H-x86_64-mingw32/nios2-elf/lib/mno-hw-mul\libsmallc.a(lib_a-fvwrite_small_dev.o)
                              c:/intelfpga_lite/18.1/nios2eds/bin/gnu/h-x86_64-mingw32/bin/../lib/gcc/nios2-elf/5.3.0/../../../../../H-x86_64-mingw32/nios2-elf/lib/mno-hw-mul\libsmallc.a(lib_a-printf.o) (__sfvwrite_small_dev)
c:/intelfpga_lite/18.1/nios2eds/bin/gnu/h-x86_64-mingw32/bin/../lib/gcc/nios2-elf/5.3.0/../../../../../H-x86_64-mingw32/nios2-elf/lib/mno-hw-mul\libsmallc.a(lib_a-impure.o)
                              c:/intelfpga_lite/18.1/nios2eds/bin/gnu/h-x86_64-mingw32/bin/../lib/gcc/nios2-elf/5.3.0/../../../../../H-x86_64-mingw32/nios2-elf/lib/mno-hw-mul\libsmallc.a(lib_a-printf.o) (_impure_ptr)
c:/intelfpga_lite/18.1/nios2eds/bin/gnu/h-x86_64-mingw32/bin/../lib/gcc/nios2-elf/5.3.0/../../../../../H-x86_64-mingw32/nios2-elf/lib/mno-hw-mul\libsmallc.a(lib_a-strlen.o)
                              c:/intelfpga_lite/18.1/nios2eds/bin/gnu/h-x86_64-mingw32/bin/../lib/gcc/nios2-elf/5.3.0/../../../../../H-x86_64-mingw32/nios2-elf/lib/mno-hw-mul\libsmallc.a(lib_a-vfprintf.o) (strlen)
c:/intelfpga_lite/18.1/nios2eds/bin/gnu/h-x86_64-mingw32/bin/../lib/gcc/nios2-elf/5.3.0/../../../../../H-x86_64-mingw32/nios2-elf/lib/mno-hw-mul\libsmallc.a(lib_a-writer.o)
                              c:/intelfpga_lite/18.1/nios2eds/bin/gnu/h-x86_64-mingw32/bin/../lib/gcc/nios2-elf/5.3.0/../../../../../H-x86_64-mingw32/nios2-elf/lib/mno-hw-mul\libsmallc.a(lib_a-fvwrite_small_dev.o) (_write_r)
c:/intelfpga_lite/18.1/nios2eds/bin/gnu/h-x86_64-mingw32/bin/../lib/gcc/nios2-elf/5.3.0/../../../../../H-x86_64-mingw32/nios2-elf/lib/mno-hw-mul\libsmallc.a(lib_a-int_errno.o)
                              c:/intelfpga_lite/18.1/nios2eds/bin/gnu/h-x86_64-mingw32/bin/../lib/gcc/nios2-elf/5.3.0/../../../../../H-x86_64-mingw32/nios2-elf/lib/mno-hw-mul\libsmallc.a(lib_a-writer.o) (errno)
c:/intelfpga_lite/18.1/nios2eds/bin/gnu/h-x86_64-mingw32/bin/../lib/gcc/nios2-elf/5.3.0/mno-hw-mul\libgcc.a(lib2-mul.o)
                              c:/intelfpga_lite/18.1/nios2eds/bin/gnu/h-x86_64-mingw32/bin/../lib/gcc/nios2-elf/5.3.0/../../../../../H-x86_64-mingw32/nios2-elf/lib/mno-hw-mul\libsmallc.a(lib_a-vfprintf.o) (__mulsi3)
../clock_alarm_nios_bsp/\libhal_bsp.a(alt_iic.o)
                              obj/default/timer.o (alt_ic_isr_register)
../clock_alarm_nios_bsp/\libhal_bsp.a(alt_iic_isr_register.o)
                              ../clock_alarm_nios_bsp/\libhal_bsp.a(alt_iic.o) (alt_iic_isr_register)
../clock_alarm_nios_bsp/\libhal_bsp.a(alt_irq_entry.o)
                              ../clock_alarm_nios_bsp/\libhal_bsp.a(alt_iic_isr_register.o) (alt_irq_entry)
../clock_alarm_nios_bsp/\libhal_bsp.a(alt_irq_handler.o)
                              ../clock_alarm_nios_bsp/\libhal_bsp.a(alt_iic_isr_register.o) (alt_irq_handler)
../clock_alarm_nios_bsp/\libhal_bsp.a(alt_irq_vars.o)
                              ../clock_alarm_nios_bsp/\libhal_bsp.a(alt_iic.o) (alt_irq_active)
../clock_alarm_nios_bsp/\libhal_bsp.a(alt_load.o)
                              ../clock_alarm_nios_bsp//obj/HAL/src/crt0.o (alt_load)
../clock_alarm_nios_bsp/\libhal_bsp.a(alt_main.o)
                              ../clock_alarm_nios_bsp//obj/HAL/src/crt0.o (alt_main)
../clock_alarm_nios_bsp/\libhal_bsp.a(alt_write.o)
                              c:/intelfpga_lite/18.1/nios2eds/bin/gnu/h-x86_64-mingw32/bin/../lib/gcc/nios2-elf/5.3.0/../../../../../H-x86_64-mingw32/nios2-elf/lib/mno-hw-mul\libsmallc.a(lib_a-writer.o) (write)
../clock_alarm_nios_bsp/\libhal_bsp.a(alt_sys_init.o)
                              ../clock_alarm_nios_bsp/\libhal_bsp.a(alt_main.o) (alt_irq_init)
../clock_alarm_nios_bsp/\libhal_bsp.a(alt_dcache_flush_all.o)
                              ../clock_alarm_nios_bsp/\libhal_bsp.a(alt_load.o) (alt_dcache_flush_all)
../clock_alarm_nios_bsp/\libhal_bsp.a(alt_errno.o)
                              ../clock_alarm_nios_bsp/\libhal_bsp.a(alt_write.o) (alt_errno)
../clock_alarm_nios_bsp/\libhal_bsp.a(alt_exception_entry.o)
                              ../clock_alarm_nios_bsp/\libhal_bsp.a(alt_irq_entry.o) (alt_exception)
../clock_alarm_nios_bsp/\libhal_bsp.a(alt_icache_flush_all.o)
                              ../clock_alarm_nios_bsp/\libhal_bsp.a(alt_load.o) (alt_icache_flush_all)
../clock_alarm_nios_bsp/\libhal_bsp.a(alt_instruction_exception_entry.o)
                              ../clock_alarm_nios_bsp/\libhal_bsp.a(alt_exception_entry.o) (alt_instruction_exception_entry)
../clock_alarm_nios_bsp/\libhal_bsp.a(altera_nios2_gen2_irq.o)
                              ../clock_alarm_nios_bsp/\libhal_bsp.a(alt_sys_init.o) (altera_nios2_gen2_irq_init)

Allocating common symbols
Common symbol       size              file

alt_irq             0x100             ../clock_alarm_nios_bsp/\libhal_bsp.a(alt_irq_handler.o)
errno               0x4               c:/intelfpga_lite/18.1/nios2eds/bin/gnu/h-x86_64-mingw32/bin/../lib/gcc/nios2-elf/5.3.0/../../../../../H-x86_64-mingw32/nios2-elf/lib/mno-hw-mul\libsmallc.a(lib_a-int_errno.o)

Discarded input sections

 .gnu.warning.write
                0x0000000000000000        0x0 ../clock_alarm_nios_bsp/\libhal_bsp.a(alt_write.o)

Memory Configuration

Name             Origin             Length             Attributes
reset            0x0000000000010000 0x0000000000000020
rom_0            0x0000000000010020 0x0000000000000fe0
ram_0            0x0000000000020000 0x0000000000000830
*default*        0x0000000000000000 0xffffffffffffffff

Linker script and memory map

LOAD ../clock_alarm_nios_bsp//obj/HAL/src/crt0.o
LOAD obj/default/main.o
LOAD obj/default/timer.o
LOAD obj/default/utils.o
LOAD c:/intelfpga_lite/18.1/nios2eds/bin/gnu/h-x86_64-mingw32/bin/../lib/gcc/nios2-elf/5.3.0/../../../../../H-x86_64-mingw32/nios2-elf/lib/mno-hw-mul\libstdc++.a
LOAD c:/intelfpga_lite/18.1/nios2eds/bin/gnu/h-x86_64-mingw32/bin/../lib/gcc/nios2-elf/5.3.0/../../../../../H-x86_64-mingw32/nios2-elf/lib/mno-hw-mul\libm.a
LOAD c:/intelfpga_lite/18.1/nios2eds/bin/gnu/h-x86_64-mingw32/bin/../lib/gcc/nios2-elf/5.3.0/mno-hw-mul\libgcc.a
START GROUP
LOAD c:/intelfpga_lite/18.1/nios2eds/bin/gnu/h-x86_64-mingw32/bin/../lib/gcc/nios2-elf/5.3.0/../../../../../H-x86_64-mingw32/nios2-elf/lib/mno-hw-mul\libsmallc.a
LOAD c:/intelfpga_lite/18.1/nios2eds/bin/gnu/h-x86_64-mingw32/bin/../lib/gcc/nios2-elf/5.3.0/mno-hw-mul\libgcc.a
LOAD ../clock_alarm_nios_bsp/\libhal_bsp.a
LOAD c:/intelfpga_lite/18.1/nios2eds/bin/gnu/h-x86_64-mingw32/bin/../lib/gcc/nios2-elf/5.3.0/../../../../../H-x86_64-mingw32/nios2-elf/lib/mno-hw-mul\libm.a
END GROUP
LOAD c:/intelfpga_lite/18.1/nios2eds/bin/gnu/h-x86_64-mingw32/bin/../lib/gcc/nios2-elf/5.3.0/mno-hw-mul\libgcc.a
                0x0000000000010000                __alt_mem_rom_0 = 0x10000
                0x0000000000020000                __alt_mem_ram_0 = 0x20000

.entry          0x0000000000010000       0x20
 *(.entry)
 .entry         0x0000000000010000       0x20 ../clock_alarm_nios_bsp//obj/HAL/src/crt0.o
                0x0000000000010000                __reset
                0x000000000001000c                _exit

.exceptions     0x0000000000010020      0x160
                0x0000000000010020                PROVIDE (__ram_exceptions_start, ABSOLUTE (.))
                0x0000000000010020                . = ALIGN (0x20)
 *(.irq)
 *(.exceptions.entry.label)
 .exceptions.entry.label
                0x0000000000010020        0x0 ../clock_alarm_nios_bsp/\libhal_bsp.a(alt_irq_entry.o)
                0x0000000000010020                alt_irq_entry
 .exceptions.entry.label
                0x0000000000010020        0x0 ../clock_alarm_nios_bsp/\libhal_bsp.a(alt_exception_entry.o)
                0x0000000000010020                alt_exception
 *(.exceptions.entry.user)
 *(.exceptions.entry.ecc_fatal)
 *(.exceptions.entry)
 .exceptions.entry
                0x0000000000010020       0x54 ../clock_alarm_nios_bsp/\libhal_bsp.a(alt_exception_entry.o)
 *(.exceptions.irqtest.user)
 *(.exceptions.irqtest)
 .exceptions.irqtest
                0x0000000000010074       0x10 ../clock_alarm_nios_bsp/\libhal_bsp.a(alt_irq_entry.o)
 *(.exceptions.irqhandler.user)
 *(.exceptions.irqhandler)
 .exceptions.irqhandler
                0x0000000000010084        0x4 ../clock_alarm_nios_bsp/\libhal_bsp.a(alt_irq_entry.o)
 *(.exceptions.irqreturn.user)
 *(.exceptions.irqreturn)
 .exceptions.irqreturn
                0x0000000000010088        0x4 ../clock_alarm_nios_bsp/\libhal_bsp.a(alt_irq_entry.o)
 *(.exceptions.notirq.label)
 .exceptions.notirq.label
                0x000000000001008c        0x0 ../clock_alarm_nios_bsp/\libhal_bsp.a(alt_irq_entry.o)
 *(.exceptions.notirq.user)
 *(.exceptions.notirq)
 .exceptions.notirq
                0x000000000001008c        0x8 ../clock_alarm_nios_bsp/\libhal_bsp.a(alt_exception_entry.o)
 *(.exceptions.soft.user)
 *(.exceptions.soft)
 *(.exceptions.unknown.user)
 *(.exceptions.unknown)
 .exceptions.unknown
                0x0000000000010094       0x14 ../clock_alarm_nios_bsp/\libhal_bsp.a(alt_exception_entry.o)
 *(.exceptions.exit.label)
 .exceptions.exit.label
                0x00000000000100a8        0x0 ../clock_alarm_nios_bsp/\libhal_bsp.a(alt_irq_entry.o)
 .exceptions.exit.label
                0x00000000000100a8        0x0 ../clock_alarm_nios_bsp/\libhal_bsp.a(alt_exception_entry.o)
 *(.exceptions.exit.user)
 *(.exceptions.exit)
 .exceptions.exit
                0x00000000000100a8       0x54 ../clock_alarm_nios_bsp/\libhal_bsp.a(alt_exception_entry.o)
 *(.exceptions)
 .exceptions    0x00000000000100fc       0x60 ../clock_alarm_nios_bsp/\libhal_bsp.a(alt_irq_handler.o)
                0x00000000000100fc                alt_irq_handler
 .exceptions    0x000000000001015c       0x24 ../clock_alarm_nios_bsp/\libhal_bsp.a(alt_instruction_exception_entry.o)
                0x000000000001015c                alt_instruction_exception_entry
                0x0000000000010180                PROVIDE (__ram_exceptions_end, ABSOLUTE (.))
                0x0000000000010020                PROVIDE (__flash_exceptions_start, LOADADDR (.exceptions))

.text           0x0000000000010180      0xfe4
                [!provide]                        PROVIDE (stext, ABSOLUTE (.))
 *(.interp)
 *(.hash)
 *(.dynsym)
 *(.dynstr)
 *(.gnu.version)
 *(.gnu.version_d)
 *(.gnu.version_r)
 *(.rel.init)
 *(.rela.init)
 *(.rel.text .rel.text.* .rel.gnu.linkonce.t.*)
 *(.rela.text .rela.text.* .rela.gnu.linkonce.t.*)
 *(.rel.fini)
 *(.rela.fini)
 *(.rel.rodata .rel.rodata.* .rel.gnu.linkonce.r.*)
 *(.rela.rodata .rela.rodata.* .rela.gnu.linkonce.r.*)
 *(.rel.data .rel.data.* .rel.gnu.linkonce.d.*)
 *(.rela.data .rela.data.* .rela.gnu.linkonce.d.*)
 *(.rel.tdata .rel.tdata.* .rel.gnu.linkonce.td.*)
 *(.rela.tdata .rela.tdata.* .rela.gnu.linkonce.td.*)
 *(.rel.tbss .rel.tbss.* .rel.gnu.linkonce.tb.*)
 *(.rela.tbss .rela.tbss.* .rela.gnu.linkonce.tb.*)
 *(.rel.ctors)
 *(.rela.ctors)
 *(.rel.dtors)
 *(.rela.dtors)
 *(.rel.got)
 *(.rela.got)
 *(.rel.sdata .rel.sdata.* .rel.gnu.linkonce.s.*)
 *(.rela.sdata .rela.sdata.* .rela.gnu.linkonce.s.*)
 *(.rel.sbss .rel.sbss.* .rel.gnu.linkonce.sb.*)
 *(.rela.sbss .rela.sbss.* .rela.gnu.linkonce.sb.*)
 *(.rel.sdata2 .rel.sdata2.* .rel.gnu.linkonce.s2.*)
 *(.rela.sdata2 .rela.sdata2.* .rela.gnu.linkonce.s2.*)
 *(.rel.sbss2 .rel.sbss2.* .rel.gnu.linkonce.sb2.*)
 *(.rela.sbss2 .rela.sbss2.* .rela.gnu.linkonce.sb2.*)
 *(.rel.bss .rel.bss.* .rel.gnu.linkonce.b.*)
 *(.rela.bss .rela.bss.* .rela.gnu.linkonce.b.*)
 *(.rel.plt)
 *(.rela.plt)
 *(.rel.dyn)
 *(.init)
 *(.plt)
 *(.text .stub .text.* .gnu.linkonce.t.*)
 .text          0x0000000000010180       0x3c ../clock_alarm_nios_bsp//obj/HAL/src/crt0.o
                0x0000000000010180                _start
 .text          0x00000000000101bc      0x1a8 obj/default/main.o
                0x00000000000101bc                update_display
                0x00000000000101cc                handle_buttons
                0x0000000000010260                update_time_display
 .text.startup  0x0000000000010364       0x20 obj/default/main.o
                0x0000000000010364                main
 .text          0x0000000000010384      0x100 obj/default/timer.o
                0x0000000000010384                timer_isr
                0x00000000000103fc                set_time
                0x0000000000010420                set_alarm
                0x000000000001043c                enable_alarm
                0x0000000000010444                init_timer
 .text          0x0000000000010484       0xb4 obj/default/utils.o
                0x0000000000010484                save_alarm_configuration
                0x00000000000104ac                save_current_time_configuration
                0x00000000000104d4                load_alarm_configuration
                0x0000000000010508                load_current_time_configuration
 .text          0x0000000000010538      0x1b4 c:/intelfpga_lite/18.1/nios2eds/bin/gnu/h-x86_64-mingw32/bin/../lib/gcc/nios2-elf/5.3.0/mno-hw-mul\libgcc.a(lib2-divmod.o)
                0x0000000000010538                __divsi3
                0x00000000000105bc                __modsi3
                0x0000000000010630                __udivsi3
                0x0000000000010694                __umodsi3
 .text          0x00000000000106ec        0x0 c:/intelfpga_lite/18.1/nios2eds/bin/gnu/h-x86_64-mingw32/bin/../lib/gcc/nios2-elf/5.3.0/../../../../../H-x86_64-mingw32/nios2-elf/lib/mno-hw-mul\libsmallc.a(lib_a-printf.o)
 .text._printf_r
                0x00000000000106ec       0x3c c:/intelfpga_lite/18.1/nios2eds/bin/gnu/h-x86_64-mingw32/bin/../lib/gcc/nios2-elf/5.3.0/../../../../../H-x86_64-mingw32/nios2-elf/lib/mno-hw-mul\libsmallc.a(lib_a-printf.o)
                0x00000000000106ec                _printf_r
 .text.printf   0x0000000000010728       0x4c c:/intelfpga_lite/18.1/nios2eds/bin/gnu/h-x86_64-mingw32/bin/../lib/gcc/nios2-elf/5.3.0/../../../../../H-x86_64-mingw32/nios2-elf/lib/mno-hw-mul\libsmallc.a(lib_a-printf.o)
                0x0000000000010728                printf
 .text          0x0000000000010774        0x0 c:/intelfpga_lite/18.1/nios2eds/bin/gnu/h-x86_64-mingw32/bin/../lib/gcc/nios2-elf/5.3.0/../../../../../H-x86_64-mingw32/nios2-elf/lib/mno-hw-mul\libsmallc.a(lib_a-vfprintf.o)
 .text.print_repeat
                0x0000000000010774       0x6c c:/intelfpga_lite/18.1/nios2eds/bin/gnu/h-x86_64-mingw32/bin/../lib/gcc/nios2-elf/5.3.0/../../../../../H-x86_64-mingw32/nios2-elf/lib/mno-hw-mul\libsmallc.a(lib_a-vfprintf.o)
 .text.___vfprintf_internal_r
                0x00000000000107e0      0x52c c:/intelfpga_lite/18.1/nios2eds/bin/gnu/h-x86_64-mingw32/bin/../lib/gcc/nios2-elf/5.3.0/../../../../../H-x86_64-mingw32/nios2-elf/lib/mno-hw-mul\libsmallc.a(lib_a-vfprintf.o)
                0x00000000000107e0                ___vfprintf_internal_r
 .text.__vfprintf_internal
                0x0000000000010d0c       0x1c c:/intelfpga_lite/18.1/nios2eds/bin/gnu/h-x86_64-mingw32/bin/../lib/gcc/nios2-elf/5.3.0/../../../../../H-x86_64-mingw32/nios2-elf/lib/mno-hw-mul\libsmallc.a(lib_a-vfprintf.o)
                0x0000000000010d0c                __vfprintf_internal
 .text          0x0000000000010d28        0x0 c:/intelfpga_lite/18.1/nios2eds/bin/gnu/h-x86_64-mingw32/bin/../lib/gcc/nios2-elf/5.3.0/../../../../../H-x86_64-mingw32/nios2-elf/lib/mno-hw-mul\libsmallc.a(lib_a-fvwrite_small_dev.o)
 .text.__sfvwrite_small_dev
                0x0000000000010d28       0xb8 c:/intelfpga_lite/18.1/nios2eds/bin/gnu/h-x86_64-mingw32/bin/../lib/gcc/nios2-elf/5.3.0/../../../../../H-x86_64-mingw32/nios2-elf/lib/mno-hw-mul\libsmallc.a(lib_a-fvwrite_small_dev.o)
                0x0000000000010d28                __sfvwrite_small_dev
 .text          0x0000000000010de0        0x0 c:/intelfpga_lite/18.1/nios2eds/bin/gnu/h-x86_64-mingw32/bin/../lib/gcc/nios2-elf/5.3.0/../../../../../H-x86_64-mingw32/nios2-elf/lib/mno-hw-mul\libsmallc.a(lib_a-impure.o)
 .text          0x0000000000010de0        0x0 c:/intelfpga_lite/18.1/nios2eds/bin/gnu/h-x86_64-mingw32/bin/../lib/gcc/nios2-elf/5.3.0/../../../../../H-x86_64-mingw32/nios2-elf/lib/mno-hw-mul\libsmallc.a(lib_a-strlen.o)
 .text.strlen   0x0000000000010de0       0x1c c:/intelfpga_lite/18.1/nios2eds/bin/gnu/h-x86_64-mingw32/bin/../lib/gcc/nios2-elf/5.3.0/../../../../../H-x86_64-mingw32/nios2-elf/lib/mno-hw-mul\libsmallc.a(lib_a-strlen.o)
                0x0000000000010de0                strlen
 .text          0x0000000000010dfc        0x0 c:/intelfpga_lite/18.1/nios2eds/bin/gnu/h-x86_64-mingw32/bin/../lib/gcc/nios2-elf/5.3.0/../../../../../H-x86_64-mingw32/nios2-elf/lib/mno-hw-mul\libsmallc.a(lib_a-writer.o)
 .text._write_r
                0x0000000000010dfc       0x58 c:/intelfpga_lite/18.1/nios2eds/bin/gnu/h-x86_64-mingw32/bin/../lib/gcc/nios2-elf/5.3.0/../../../../../H-x86_64-mingw32/nios2-elf/lib/mno-hw-mul\libsmallc.a(lib_a-writer.o)
                0x0000000000010dfc                _write_r
 .text          0x0000000000010e54        0x0 c:/intelfpga_lite/18.1/nios2eds/bin/gnu/h-x86_64-mingw32/bin/../lib/gcc/nios2-elf/5.3.0/../../../../../H-x86_64-mingw32/nios2-elf/lib/mno-hw-mul\libsmallc.a(lib_a-int_errno.o)
 .text          0x0000000000010e54       0x28 c:/intelfpga_lite/18.1/nios2eds/bin/gnu/h-x86_64-mingw32/bin/../lib/gcc/nios2-elf/5.3.0/mno-hw-mul\libgcc.a(lib2-mul.o)
                0x0000000000010e54                __mulsi3
 .text          0x0000000000010e7c       0x8c ../clock_alarm_nios_bsp/\libhal_bsp.a(alt_iic.o)
                0x0000000000010e7c                alt_ic_isr_register
                0x0000000000010e80                alt_ic_irq_enable
                0x0000000000010eb8                alt_ic_irq_disable
                0x0000000000010ef0                alt_ic_irq_enabled
 .text          0x0000000000010f08       0x68 ../clock_alarm_nios_bsp/\libhal_bsp.a(alt_iic_isr_register.o)
                0x0000000000010f08                alt_iic_isr_register
 .text          0x0000000000010f70        0x0 ../clock_alarm_nios_bsp/\libhal_bsp.a(alt_irq_entry.o)
 .text          0x0000000000010f70        0x0 ../clock_alarm_nios_bsp/\libhal_bsp.a(alt_irq_handler.o)
 .text          0x0000000000010f70        0x0 ../clock_alarm_nios_bsp/\libhal_bsp.a(alt_irq_vars.o)
 .text          0x0000000000010f70       0xe0 ../clock_alarm_nios_bsp/\libhal_bsp.a(alt_load.o)
                0x0000000000010f70                alt_load
 .text          0x0000000000011050       0x2c ../clock_alarm_nios_bsp/\libhal_bsp.a(alt_main.o)
                0x0000000000011050                alt_main
 .text          0x000000000001107c       0x40 ../clock_alarm_nios_bsp/\libhal_bsp.a(alt_write.o)
                0x000000000001107c                write
 .text          0x00000000000110bc       0x24 ../clock_alarm_nios_bsp/\libhal_bsp.a(alt_sys_init.o)
                0x00000000000110bc                alt_irq_init
                0x00000000000110dc                alt_sys_init
 .text          0x00000000000110e0        0x4 ../clock_alarm_nios_bsp/\libhal_bsp.a(alt_dcache_flush_all.o)
                0x00000000000110e0                alt_dcache_flush_all
 .text          0x00000000000110e4        0x0 ../clock_alarm_nios_bsp/\libhal_bsp.a(alt_errno.o)
 .text          0x00000000000110e4        0x0 ../clock_alarm_nios_bsp/\libhal_bsp.a(alt_exception_entry.o)
 .text          0x00000000000110e4        0x4 ../clock_alarm_nios_bsp/\libhal_bsp.a(alt_icache_flush_all.o)
                0x00000000000110e4                alt_icache_flush_all
 .text          0x00000000000110e8       0x74 ../clock_alarm_nios_bsp/\libhal_bsp.a(alt_instruction_exception_entry.o)
                0x00000000000110e8                alt_exception_cause_generated_bad_addr
 .text          0x000000000001115c        0x8 ../clock_alarm_nios_bsp/\libhal_bsp.a(altera_nios2_gen2_irq.o)
                0x000000000001115c                altera_nios2_gen2_irq_init
 *(.gnu.warning.*)
 *(.fini)
                [!provide]                        PROVIDE (__etext, ABSOLUTE (.))
                [!provide]                        PROVIDE (_etext, ABSOLUTE (.))
                [!provide]                        PROVIDE (etext, ABSOLUTE (.))
 *(.eh_frame_hdr)
                0x0000000000011164                . = ALIGN (0x4)
                [!provide]                        PROVIDE (__preinit_array_start, ABSOLUTE (.))
 *(.preinit_array)
                [!provide]                        PROVIDE (__preinit_array_end, ABSOLUTE (.))
                [!provide]                        PROVIDE (__init_array_start, ABSOLUTE (.))
 *(.init_array)
                [!provide]                        PROVIDE (__init_array_end, ABSOLUTE (.))
                [!provide]                        PROVIDE (__fini_array_start, ABSOLUTE (.))
 *(.fini_array)
                [!provide]                        PROVIDE (__fini_array_end, ABSOLUTE (.))
 *(.eh_frame)
 *(.gcc_except_table .gcc_except_table.*)
 *(.dynamic)
                [!provide]                        PROVIDE (__CTOR_LIST__, ABSOLUTE (.))
 *(.ctors)
 *(SORT(.ctors.*))
                [!provide]                        PROVIDE (__CTOR_END__, ABSOLUTE (.))
                [!provide]                        PROVIDE (__DTOR_LIST__, ABSOLUTE (.))
 *(.dtors)
 *(SORT(.dtors.*))
                [!provide]                        PROVIDE (__DTOR_END__, ABSOLUTE (.))
 *(.jcr)
                0x0000000000011164                . = ALIGN (0x4)

.rodata         0x0000000000020000       0xa0 load address 0x0000000000011164
                0x0000000000020000                PROVIDE (__ram_rodata_start, ABSOLUTE (.))
                0x0000000000020000                . = ALIGN (0x4)
 *(.rodata .rodata.* .gnu.linkonce.r.*)
 .rodata.str1.4
                0x0000000000020000       0xa0 obj/default/utils.o
 *(.rodata1)
                0x00000000000200a0                . = ALIGN (0x4)
                0x00000000000200a0                PROVIDE (__ram_rodata_end, ABSOLUTE (.))
                0x0000000000011164                PROVIDE (__flash_rodata_start, LOADADDR (.rodata))

.rwdata         0x00000000000200a0      0x100 load address 0x0000000000011204
                0x00000000000200a0                PROVIDE (__ram_rwdata_start, ABSOLUTE (.))
                0x00000000000200a0                . = ALIGN (0x4)
 *(.got.plt)
 *(.got)
 *(.data1)
 *(.data .data.* .gnu.linkonce.d.*)
 .data          0x00000000000200a0        0x0 ../clock_alarm_nios_bsp//obj/HAL/src/crt0.o
 .data          0x00000000000200a0        0x0 obj/default/main.o
 .data          0x00000000000200a0        0x0 obj/default/timer.o
 .data          0x00000000000200a0        0x0 obj/default/utils.o
 .data          0x00000000000200a0        0x0 c:/intelfpga_lite/18.1/nios2eds/bin/gnu/h-x86_64-mingw32/bin/../lib/gcc/nios2-elf/5.3.0/mno-hw-mul\libgcc.a(lib2-divmod.o)
 .data          0x00000000000200a0        0x0 c:/intelfpga_lite/18.1/nios2eds/bin/gnu/h-x86_64-mingw32/bin/../lib/gcc/nios2-elf/5.3.0/../../../../../H-x86_64-mingw32/nios2-elf/lib/mno-hw-mul\libsmallc.a(lib_a-printf.o)
 .data          0x00000000000200a0        0x0 c:/intelfpga_lite/18.1/nios2eds/bin/gnu/h-x86_64-mingw32/bin/../lib/gcc/nios2-elf/5.3.0/../../../../../H-x86_64-mingw32/nios2-elf/lib/mno-hw-mul\libsmallc.a(lib_a-vfprintf.o)
 .data          0x00000000000200a0        0x0 c:/intelfpga_lite/18.1/nios2eds/bin/gnu/h-x86_64-mingw32/bin/../lib/gcc/nios2-elf/5.3.0/../../../../../H-x86_64-mingw32/nios2-elf/lib/mno-hw-mul\libsmallc.a(lib_a-fvwrite_small_dev.o)
 .data          0x00000000000200a0        0x0 c:/intelfpga_lite/18.1/nios2eds/bin/gnu/h-x86_64-mingw32/bin/../lib/gcc/nios2-elf/5.3.0/../../../../../H-x86_64-mingw32/nios2-elf/lib/mno-hw-mul\libsmallc.a(lib_a-impure.o)
 .data.impure_data
                0x00000000000200a0       0xe0 c:/intelfpga_lite/18.1/nios2eds/bin/gnu/h-x86_64-mingw32/bin/../lib/gcc/nios2-elf/5.3.0/../../../../../H-x86_64-mingw32/nios2-elf/lib/mno-hw-mul\libsmallc.a(lib_a-impure.o)
 .data          0x0000000000020180        0x0 c:/intelfpga_lite/18.1/nios2eds/bin/gnu/h-x86_64-mingw32/bin/../lib/gcc/nios2-elf/5.3.0/../../../../../H-x86_64-mingw32/nios2-elf/lib/mno-hw-mul\libsmallc.a(lib_a-strlen.o)
 .data          0x0000000000020180        0x0 c:/intelfpga_lite/18.1/nios2eds/bin/gnu/h-x86_64-mingw32/bin/../lib/gcc/nios2-elf/5.3.0/../../../../../H-x86_64-mingw32/nios2-elf/lib/mno-hw-mul\libsmallc.a(lib_a-writer.o)
 .data          0x0000000000020180        0x0 c:/intelfpga_lite/18.1/nios2eds/bin/gnu/h-x86_64-mingw32/bin/../lib/gcc/nios2-elf/5.3.0/../../../../../H-x86_64-mingw32/nios2-elf/lib/mno-hw-mul\libsmallc.a(lib_a-int_errno.o)
 .data          0x0000000000020180        0x0 c:/intelfpga_lite/18.1/nios2eds/bin/gnu/h-x86_64-mingw32/bin/../lib/gcc/nios2-elf/5.3.0/mno-hw-mul\libgcc.a(lib2-mul.o)
 .data          0x0000000000020180        0x0 ../clock_alarm_nios_bsp/\libhal_bsp.a(alt_iic.o)
 .data          0x0000000000020180        0x0 ../clock_alarm_nios_bsp/\libhal_bsp.a(alt_iic_isr_register.o)
 .data          0x0000000000020180        0x0 ../clock_alarm_nios_bsp/\libhal_bsp.a(alt_irq_entry.o)
 .data          0x0000000000020180        0x0 ../clock_alarm_nios_bsp/\libhal_bsp.a(alt_irq_handler.o)
 .data          0x0000000000020180        0x0 ../clock_alarm_nios_bsp/\libhal_bsp.a(alt_irq_vars.o)
 .data          0x0000000000020180        0x0 ../clock_alarm_nios_bsp/\libhal_bsp.a(alt_load.o)
 .data          0x0000000000020180        0x0 ../clock_alarm_nios_bsp/\libhal_bsp.a(alt_main.o)
 .data          0x0000000000020180        0x0 ../clock_alarm_nios_bsp/\libhal_bsp.a(alt_write.o)
 .data          0x0000000000020180        0x0 ../clock_alarm_nios_bsp/\libhal_bsp.a(alt_sys_init.o)
 .data          0x0000000000020180        0x0 ../clock_alarm_nios_bsp/\libhal_bsp.a(alt_dcache_flush_all.o)
 .data          0x0000000000020180        0x0 ../clock_alarm_nios_bsp/\libhal_bsp.a(alt_errno.o)
 .data          0x0000000000020180        0x0 ../clock_alarm_nios_bsp/\libhal_bsp.a(alt_exception_entry.o)
 .data          0x0000000000020180        0x0 ../clock_alarm_nios_bsp/\libhal_bsp.a(alt_icache_flush_all.o)
 .data          0x0000000000020180        0x0 ../clock_alarm_nios_bsp/\libhal_bsp.a(alt_instruction_exception_entry.o)
 .data          0x0000000000020180        0x0 ../clock_alarm_nios_bsp/\libhal_bsp.a(altera_nios2_gen2_irq.o)
                0x0000000000028180                _gp = ABSOLUTE ((. + 0x8000))
                [!provide]                        PROVIDE (gp, _gp)
 *(.rwdata .rwdata.*)
 *(.sdata .sdata.* .gnu.linkonce.s.*)
 .sdata         0x0000000000020180        0x8 obj/default/main.o
                0x0000000000020180                alarm_enabled
                0x0000000000020184                alarm_hours
 .sdata         0x0000000000020188        0x8 obj/default/timer.o
 .sdata._global_impure_ptr
                0x0000000000020190        0x4 c:/intelfpga_lite/18.1/nios2eds/bin/gnu/h-x86_64-mingw32/bin/../lib/gcc/nios2-elf/5.3.0/../../../../../H-x86_64-mingw32/nios2-elf/lib/mno-hw-mul\libsmallc.a(lib_a-impure.o)
                0x0000000000020190                _global_impure_ptr
 .sdata._impure_ptr
                0x0000000000020194        0x4 c:/intelfpga_lite/18.1/nios2eds/bin/gnu/h-x86_64-mingw32/bin/../lib/gcc/nios2-elf/5.3.0/../../../../../H-x86_64-mingw32/nios2-elf/lib/mno-hw-mul\libsmallc.a(lib_a-impure.o)
                0x0000000000020194                _impure_ptr
 .sdata         0x0000000000020198        0x4 ../clock_alarm_nios_bsp/\libhal_bsp.a(alt_irq_vars.o)
                0x0000000000020198                alt_priority_mask
 .sdata         0x000000000002019c        0x4 ../clock_alarm_nios_bsp/\libhal_bsp.a(alt_errno.o)
                0x000000000002019c                alt_errno
 *(.sdata2 .sdata2.* .gnu.linkonce.s2.*)
                0x00000000000201a0                . = ALIGN (0x4)
                0x00000000000201a0                _edata = ABSOLUTE (.)
                [!provide]                        PROVIDE (edata, ABSOLUTE (.))
                0x00000000000201a0                PROVIDE (__ram_rwdata_end, ABSOLUTE (.))
                0x0000000000011204                PROVIDE (__flash_rwdata_start, LOADADDR (.rwdata))

.bss            0x00000000000201a0      0x12c load address 0x0000000000011304
                0x00000000000201a0                __bss_start = ABSOLUTE (.)
                [!provide]                        PROVIDE (__sbss_start, ABSOLUTE (.))
                [!provide]                        PROVIDE (___sbss_start, ABSOLUTE (.))
 *(.dynsbss)
 *(.sbss .sbss.* .gnu.linkonce.sb.*)
 .sbss          0x00000000000201a0        0x4 obj/default/main.o
                0x00000000000201a0                alarm_minutes
 .sbss          0x00000000000201a4       0x10 obj/default/timer.o
                0x00000000000201a8                hours
                0x00000000000201ac                minutes
                0x00000000000201b0                seconds
 .sbss          0x00000000000201b4        0x4 c:/intelfpga_lite/18.1/nios2eds/bin/gnu/h-x86_64-mingw32/bin/../lib/gcc/nios2-elf/5.3.0/../../../../../H-x86_64-mingw32/nios2-elf/lib/mno-hw-mul\libsmallc.a(lib_a-int_errno.o)
                0x00000000000201b4                errno
 .sbss          0x00000000000201b8        0x4 ../clock_alarm_nios_bsp/\libhal_bsp.a(alt_irq_vars.o)
                0x00000000000201b8                alt_irq_active
 .sbss          0x00000000000201bc        0xc ../clock_alarm_nios_bsp/\libhal_bsp.a(alt_main.o)
                0x00000000000201bc                alt_envp
                0x00000000000201c0                alt_argv
                0x00000000000201c4                alt_argc
 .sbss          0x00000000000201c8        0x4 ../clock_alarm_nios_bsp/\libhal_bsp.a(alt_instruction_exception_entry.o)
                0x00000000000201c8                alt_instruction_exception_handler
 *(.sbss2 .sbss2.* .gnu.linkonce.sb2.*)
 *(.scommon)
                [!provide]                        PROVIDE (__sbss_end, ABSOLUTE (.))
                [!provide]                        PROVIDE (___sbss_end, ABSOLUTE (.))
 *(.dynbss)
 *(.bss .bss.* .gnu.linkonce.b.*)
 .bss           0x00000000000201cc        0x0 ../clock_alarm_nios_bsp//obj/HAL/src/crt0.o
 .bss           0x00000000000201cc        0x0 obj/default/main.o
 .bss           0x00000000000201cc        0x0 obj/default/timer.o
 .bss           0x00000000000201cc        0x0 obj/default/utils.o
 .bss           0x00000000000201cc        0x0 c:/intelfpga_lite/18.1/nios2eds/bin/gnu/h-x86_64-mingw32/bin/../lib/gcc/nios2-elf/5.3.0/mno-hw-mul\libgcc.a(lib2-divmod.o)
 .bss           0x00000000000201cc        0x0 c:/intelfpga_lite/18.1/nios2eds/bin/gnu/h-x86_64-mingw32/bin/../lib/gcc/nios2-elf/5.3.0/../../../../../H-x86_64-mingw32/nios2-elf/lib/mno-hw-mul\libsmallc.a(lib_a-printf.o)
 .bss           0x00000000000201cc        0x0 c:/intelfpga_lite/18.1/nios2eds/bin/gnu/h-x86_64-mingw32/bin/../lib/gcc/nios2-elf/5.3.0/../../../../../H-x86_64-mingw32/nios2-elf/lib/mno-hw-mul\libsmallc.a(lib_a-vfprintf.o)
 .bss           0x00000000000201cc        0x0 c:/intelfpga_lite/18.1/nios2eds/bin/gnu/h-x86_64-mingw32/bin/../lib/gcc/nios2-elf/5.3.0/../../../../../H-x86_64-mingw32/nios2-elf/lib/mno-hw-mul\libsmallc.a(lib_a-fvwrite_small_dev.o)
 .bss           0x00000000000201cc        0x0 c:/intelfpga_lite/18.1/nios2eds/bin/gnu/h-x86_64-mingw32/bin/../lib/gcc/nios2-elf/5.3.0/../../../../../H-x86_64-mingw32/nios2-elf/lib/mno-hw-mul\libsmallc.a(lib_a-impure.o)
 .bss           0x00000000000201cc        0x0 c:/intelfpga_lite/18.1/nios2eds/bin/gnu/h-x86_64-mingw32/bin/../lib/gcc/nios2-elf/5.3.0/../../../../../H-x86_64-mingw32/nios2-elf/lib/mno-hw-mul\libsmallc.a(lib_a-strlen.o)
 .bss           0x00000000000201cc        0x0 c:/intelfpga_lite/18.1/nios2eds/bin/gnu/h-x86_64-mingw32/bin/../lib/gcc/nios2-elf/5.3.0/../../../../../H-x86_64-mingw32/nios2-elf/lib/mno-hw-mul\libsmallc.a(lib_a-writer.o)
 .bss           0x00000000000201cc        0x0 c:/intelfpga_lite/18.1/nios2eds/bin/gnu/h-x86_64-mingw32/bin/../lib/gcc/nios2-elf/5.3.0/../../../../../H-x86_64-mingw32/nios2-elf/lib/mno-hw-mul\libsmallc.a(lib_a-int_errno.o)
 .bss           0x00000000000201cc        0x0 c:/intelfpga_lite/18.1/nios2eds/bin/gnu/h-x86_64-mingw32/bin/../lib/gcc/nios2-elf/5.3.0/mno-hw-mul\libgcc.a(lib2-mul.o)
 .bss           0x00000000000201cc        0x0 ../clock_alarm_nios_bsp/\libhal_bsp.a(alt_iic.o)
 .bss           0x00000000000201cc        0x0 ../clock_alarm_nios_bsp/\libhal_bsp.a(alt_iic_isr_register.o)
 .bss           0x00000000000201cc        0x0 ../clock_alarm_nios_bsp/\libhal_bsp.a(alt_irq_entry.o)
 .bss           0x00000000000201cc        0x0 ../clock_alarm_nios_bsp/\libhal_bsp.a(alt_irq_handler.o)
 .bss           0x00000000000201cc        0x0 ../clock_alarm_nios_bsp/\libhal_bsp.a(alt_irq_vars.o)
 .bss           0x00000000000201cc        0x0 ../clock_alarm_nios_bsp/\libhal_bsp.a(alt_load.o)
 .bss           0x00000000000201cc        0x0 ../clock_alarm_nios_bsp/\libhal_bsp.a(alt_main.o)
 .bss           0x00000000000201cc        0x0 ../clock_alarm_nios_bsp/\libhal_bsp.a(alt_write.o)
 .bss           0x00000000000201cc        0x0 ../clock_alarm_nios_bsp/\libhal_bsp.a(alt_sys_init.o)
 .bss           0x00000000000201cc        0x0 ../clock_alarm_nios_bsp/\libhal_bsp.a(alt_dcache_flush_all.o)
 .bss           0x00000000000201cc        0x0 ../clock_alarm_nios_bsp/\libhal_bsp.a(alt_errno.o)
 .bss           0x00000000000201cc        0x0 ../clock_alarm_nios_bsp/\libhal_bsp.a(alt_exception_entry.o)
 .bss           0x00000000000201cc        0x0 ../clock_alarm_nios_bsp/\libhal_bsp.a(alt_icache_flush_all.o)
 .bss           0x00000000000201cc        0x0 ../clock_alarm_nios_bsp/\libhal_bsp.a(alt_instruction_exception_entry.o)
 .bss           0x00000000000201cc        0x0 ../clock_alarm_nios_bsp/\libhal_bsp.a(altera_nios2_gen2_irq.o)
 *(COMMON)
 COMMON         0x00000000000201cc      0x100 ../clock_alarm_nios_bsp/\libhal_bsp.a(alt_irq_handler.o)
                0x00000000000201cc                alt_irq
                0x00000000000202cc                . = ALIGN (0x4)
                0x00000000000202cc                __bss_end = ABSOLUTE (.)

.rom_0          0x0000000000011304        0x0
                [!provide]                        PROVIDE (_alt_partition_rom_0_start, ABSOLUTE (.))
 *(.rom_0 .rom_0. rom_0.*)
                0x0000000000011304                . = ALIGN (0x4)
                [!provide]                        PROVIDE (_alt_partition_rom_0_end, ABSOLUTE (.))
                [!provide]                        PROVIDE (_alt_partition_rom_0_load_addr, LOADADDR (.rom_0))

.ram_0          0x00000000000202cc        0x0 load address 0x0000000000011304
                [!provide]                        PROVIDE (_alt_partition_ram_0_start, ABSOLUTE (.))
 *(.ram_0 .ram_0. ram_0.*)
                0x00000000000202cc                . = ALIGN (0x4)
                [!provide]                        PROVIDE (_alt_partition_ram_0_end, ABSOLUTE (.))
                0x00000000000202cc                _end = ABSOLUTE (.)
                0x00000000000202cc                end = ABSOLUTE (.)
                0x00000000000202cc                __alt_stack_base = ABSOLUTE (.)
                [!provide]                        PROVIDE (_alt_partition_ram_0_load_addr, LOADADDR (.ram_0))

.stab
 *(.stab)

.stabstr
 *(.stabstr)

.stab.excl
 *(.stab.excl)

.stab.exclstr
 *(.stab.exclstr)

.stab.index
 *(.stab.index)

.stab.indexstr
 *(.stab.indexstr)

.comment        0x0000000000000000       0x23
 *(.comment)
 .comment       0x0000000000000000       0x23 obj/default/main.o
                                         0x24 (size before relaxing)
 .comment       0x0000000000000023       0x24 obj/default/timer.o
 .comment       0x0000000000000023       0x24 obj/default/utils.o
 .comment       0x0000000000000023       0x24 c:/intelfpga_lite/18.1/nios2eds/bin/gnu/h-x86_64-mingw32/bin/../lib/gcc/nios2-elf/5.3.0/mno-hw-mul\libgcc.a(lib2-divmod.o)
 .comment       0x0000000000000023       0x24 c:/intelfpga_lite/18.1/nios2eds/bin/gnu/h-x86_64-mingw32/bin/../lib/gcc/nios2-elf/5.3.0/../../../../../H-x86_64-mingw32/nios2-elf/lib/mno-hw-mul\libsmallc.a(lib_a-printf.o)
 .comment       0x0000000000000023       0x24 c:/intelfpga_lite/18.1/nios2eds/bin/gnu/h-x86_64-mingw32/bin/../lib/gcc/nios2-elf/5.3.0/../../../../../H-x86_64-mingw32/nios2-elf/lib/mno-hw-mul\libsmallc.a(lib_a-vfprintf.o)
 .comment       0x0000000000000023       0x24 c:/intelfpga_lite/18.1/nios2eds/bin/gnu/h-x86_64-mingw32/bin/../lib/gcc/nios2-elf/5.3.0/../../../../../H-x86_64-mingw32/nios2-elf/lib/mno-hw-mul\libsmallc.a(lib_a-fvwrite_small_dev.o)
 .comment       0x0000000000000023       0x24 c:/intelfpga_lite/18.1/nios2eds/bin/gnu/h-x86_64-mingw32/bin/../lib/gcc/nios2-elf/5.3.0/../../../../../H-x86_64-mingw32/nios2-elf/lib/mno-hw-mul\libsmallc.a(lib_a-impure.o)
 .comment       0x0000000000000023       0x24 c:/intelfpga_lite/18.1/nios2eds/bin/gnu/h-x86_64-mingw32/bin/../lib/gcc/nios2-elf/5.3.0/../../../../../H-x86_64-mingw32/nios2-elf/lib/mno-hw-mul\libsmallc.a(lib_a-strlen.o)
 .comment       0x0000000000000023       0x24 c:/intelfpga_lite/18.1/nios2eds/bin/gnu/h-x86_64-mingw32/bin/../lib/gcc/nios2-elf/5.3.0/../../../../../H-x86_64-mingw32/nios2-elf/lib/mno-hw-mul\libsmallc.a(lib_a-writer.o)
 .comment       0x0000000000000023       0x24 c:/intelfpga_lite/18.1/nios2eds/bin/gnu/h-x86_64-mingw32/bin/../lib/gcc/nios2-elf/5.3.0/../../../../../H-x86_64-mingw32/nios2-elf/lib/mno-hw-mul\libsmallc.a(lib_a-int_errno.o)
 .comment       0x0000000000000023       0x24 c:/intelfpga_lite/18.1/nios2eds/bin/gnu/h-x86_64-mingw32/bin/../lib/gcc/nios2-elf/5.3.0/mno-hw-mul\libgcc.a(lib2-mul.o)
 .comment       0x0000000000000023       0x24 ../clock_alarm_nios_bsp/\libhal_bsp.a(alt_iic.o)
 .comment       0x0000000000000023       0x24 ../clock_alarm_nios_bsp/\libhal_bsp.a(alt_iic_isr_register.o)
 .comment       0x0000000000000023       0x24 ../clock_alarm_nios_bsp/\libhal_bsp.a(alt_irq_handler.o)
 .comment       0x0000000000000023       0x24 ../clock_alarm_nios_bsp/\libhal_bsp.a(alt_irq_vars.o)
 .comment       0x0000000000000023       0x24 ../clock_alarm_nios_bsp/\libhal_bsp.a(alt_load.o)
 .comment       0x0000000000000023       0x24 ../clock_alarm_nios_bsp/\libhal_bsp.a(alt_main.o)
 .comment       0x0000000000000023       0x24 ../clock_alarm_nios_bsp/\libhal_bsp.a(alt_write.o)
 .comment       0x0000000000000023       0x24 ../clock_alarm_nios_bsp/\libhal_bsp.a(alt_sys_init.o)
 .comment       0x0000000000000023       0x24 ../clock_alarm_nios_bsp/\libhal_bsp.a(alt_dcache_flush_all.o)
 .comment       0x0000000000000023       0x24 ../clock_alarm_nios_bsp/\libhal_bsp.a(alt_errno.o)
 .comment       0x0000000000000023       0x24 ../clock_alarm_nios_bsp/\libhal_bsp.a(alt_icache_flush_all.o)
 .comment       0x0000000000000023       0x24 ../clock_alarm_nios_bsp/\libhal_bsp.a(alt_instruction_exception_entry.o)
 .comment       0x0000000000000023       0x24 ../clock_alarm_nios_bsp/\libhal_bsp.a(altera_nios2_gen2_irq.o)

.debug
 *(.debug)

.line
 *(.line)

.debug_srcinfo
 *(.debug_srcinfo)

.debug_sfnames
 *(.debug_sfnames)

.debug_aranges  0x0000000000000000      0x3b8
 *(.debug_aranges)
 .debug_aranges
                0x0000000000000000       0x28 ../clock_alarm_nios_bsp//obj/HAL/src/crt0.o
 .debug_aranges
                0x0000000000000028       0x28 obj/default/main.o
 .debug_aranges
                0x0000000000000050       0x20 obj/default/timer.o
 .debug_aranges
                0x0000000000000070       0x20 obj/default/utils.o
 .debug_aranges
                0x0000000000000090       0x20 c:/intelfpga_lite/18.1/nios2eds/bin/gnu/h-x86_64-mingw32/bin/../lib/gcc/nios2-elf/5.3.0/mno-hw-mul\libgcc.a(lib2-divmod.o)
 .debug_aranges
                0x00000000000000b0       0x28 c:/intelfpga_lite/18.1/nios2eds/bin/gnu/h-x86_64-mingw32/bin/../lib/gcc/nios2-elf/5.3.0/../../../../../H-x86_64-mingw32/nios2-elf/lib/mno-hw-mul\libsmallc.a(lib_a-printf.o)
 .debug_aranges
                0x00000000000000d8       0x30 c:/intelfpga_lite/18.1/nios2eds/bin/gnu/h-x86_64-mingw32/bin/../lib/gcc/nios2-elf/5.3.0/../../../../../H-x86_64-mingw32/nios2-elf/lib/mno-hw-mul\libsmallc.a(lib_a-vfprintf.o)
 .debug_aranges
                0x0000000000000108       0x20 c:/intelfpga_lite/18.1/nios2eds/bin/gnu/h-x86_64-mingw32/bin/../lib/gcc/nios2-elf/5.3.0/../../../../../H-x86_64-mingw32/nios2-elf/lib/mno-hw-mul\libsmallc.a(lib_a-fvwrite_small_dev.o)
 .debug_aranges
                0x0000000000000128       0x18 c:/intelfpga_lite/18.1/nios2eds/bin/gnu/h-x86_64-mingw32/bin/../lib/gcc/nios2-elf/5.3.0/../../../../../H-x86_64-mingw32/nios2-elf/lib/mno-hw-mul\libsmallc.a(lib_a-impure.o)
 .debug_aranges
                0x0000000000000140       0x20 c:/intelfpga_lite/18.1/nios2eds/bin/gnu/h-x86_64-mingw32/bin/../lib/gcc/nios2-elf/5.3.0/../../../../../H-x86_64-mingw32/nios2-elf/lib/mno-hw-mul\libsmallc.a(lib_a-strlen.o)
 .debug_aranges
                0x0000000000000160       0x20 c:/intelfpga_lite/18.1/nios2eds/bin/gnu/h-x86_64-mingw32/bin/../lib/gcc/nios2-elf/5.3.0/../../../../../H-x86_64-mingw32/nios2-elf/lib/mno-hw-mul\libsmallc.a(lib_a-writer.o)
 .debug_aranges
                0x0000000000000180       0x18 c:/intelfpga_lite/18.1/nios2eds/bin/gnu/h-x86_64-mingw32/bin/../lib/gcc/nios2-elf/5.3.0/../../../../../H-x86_64-mingw32/nios2-elf/lib/mno-hw-mul\libsmallc.a(lib_a-int_errno.o)
 .debug_aranges
                0x0000000000000198       0x20 c:/intelfpga_lite/18.1/nios2eds/bin/gnu/h-x86_64-mingw32/bin/../lib/gcc/nios2-elf/5.3.0/mno-hw-mul\libgcc.a(lib2-mul.o)
 .debug_aranges
                0x00000000000001b8       0x20 ../clock_alarm_nios_bsp/\libhal_bsp.a(alt_iic.o)
 .debug_aranges
                0x00000000000001d8       0x20 ../clock_alarm_nios_bsp/\libhal_bsp.a(alt_iic_isr_register.o)
 .debug_aranges
                0x00000000000001f8       0x30 ../clock_alarm_nios_bsp/\libhal_bsp.a(alt_irq_entry.o)
 .debug_aranges
                0x0000000000000228       0x20 ../clock_alarm_nios_bsp/\libhal_bsp.a(alt_irq_handler.o)
 .debug_aranges
                0x0000000000000248       0x18 ../clock_alarm_nios_bsp/\libhal_bsp.a(alt_irq_vars.o)
 .debug_aranges
                0x0000000000000260       0x20 ../clock_alarm_nios_bsp/\libhal_bsp.a(alt_load.o)
 .debug_aranges
                0x0000000000000280       0x20 ../clock_alarm_nios_bsp/\libhal_bsp.a(alt_main.o)
 .debug_aranges
                0x00000000000002a0       0x20 ../clock_alarm_nios_bsp/\libhal_bsp.a(alt_write.o)
 .debug_aranges
                0x00000000000002c0       0x20 ../clock_alarm_nios_bsp/\libhal_bsp.a(alt_sys_init.o)
 .debug_aranges
                0x00000000000002e0       0x20 ../clock_alarm_nios_bsp/\libhal_bsp.a(alt_dcache_flush_all.o)
 .debug_aranges
                0x0000000000000300       0x18 ../clock_alarm_nios_bsp/\libhal_bsp.a(alt_errno.o)
 .debug_aranges
                0x0000000000000318       0x38 ../clock_alarm_nios_bsp/\libhal_bsp.a(alt_exception_entry.o)
 .debug_aranges
                0x0000000000000350       0x20 ../clock_alarm_nios_bsp/\libhal_bsp.a(alt_icache_flush_all.o)
 .debug_aranges
                0x0000000000000370       0x28 ../clock_alarm_nios_bsp/\libhal_bsp.a(alt_instruction_exception_entry.o)
 .debug_aranges
                0x0000000000000398       0x20 ../clock_alarm_nios_bsp/\libhal_bsp.a(altera_nios2_gen2_irq.o)

.debug_pubnames
 *(.debug_pubnames)

.debug_info     0x0000000000000000     0x434c
 *(.debug_info .gnu.linkonce.wi.*)
 .debug_info    0x0000000000000000       0xa5 ../clock_alarm_nios_bsp//obj/HAL/src/crt0.o
 .debug_info    0x00000000000000a5      0x2b1 obj/default/main.o
 .debug_info    0x0000000000000356      0x1eb obj/default/timer.o
 .debug_info    0x0000000000000541      0x217 obj/default/utils.o
 .debug_info    0x0000000000000758      0x2c6 c:/intelfpga_lite/18.1/nios2eds/bin/gnu/h-x86_64-mingw32/bin/../lib/gcc/nios2-elf/5.3.0/mno-hw-mul\libgcc.a(lib2-divmod.o)
 .debug_info    0x0000000000000a1e      0x699 c:/intelfpga_lite/18.1/nios2eds/bin/gnu/h-x86_64-mingw32/bin/../lib/gcc/nios2-elf/5.3.0/../../../../../H-x86_64-mingw32/nios2-elf/lib/mno-hw-mul\libsmallc.a(lib_a-printf.o)
 .debug_info    0x00000000000010b7      0xb2b c:/intelfpga_lite/18.1/nios2eds/bin/gnu/h-x86_64-mingw32/bin/../lib/gcc/nios2-elf/5.3.0/../../../../../H-x86_64-mingw32/nios2-elf/lib/mno-hw-mul\libsmallc.a(lib_a-vfprintf.o)
 .debug_info    0x0000000000001be2      0x62b c:/intelfpga_lite/18.1/nios2eds/bin/gnu/h-x86_64-mingw32/bin/../lib/gcc/nios2-elf/5.3.0/../../../../../H-x86_64-mingw32/nios2-elf/lib/mno-hw-mul\libsmallc.a(lib_a-fvwrite_small_dev.o)
 .debug_info    0x000000000000220d      0x5a9 c:/intelfpga_lite/18.1/nios2eds/bin/gnu/h-x86_64-mingw32/bin/../lib/gcc/nios2-elf/5.3.0/../../../../../H-x86_64-mingw32/nios2-elf/lib/mno-hw-mul\libsmallc.a(lib_a-impure.o)
 .debug_info    0x00000000000027b6       0xc9 c:/intelfpga_lite/18.1/nios2eds/bin/gnu/h-x86_64-mingw32/bin/../lib/gcc/nios2-elf/5.3.0/../../../../../H-x86_64-mingw32/nios2-elf/lib/mno-hw-mul\libsmallc.a(lib_a-strlen.o)
 .debug_info    0x000000000000287f      0x630 c:/intelfpga_lite/18.1/nios2eds/bin/gnu/h-x86_64-mingw32/bin/../lib/gcc/nios2-elf/5.3.0/../../../../../H-x86_64-mingw32/nios2-elf/lib/mno-hw-mul\libsmallc.a(lib_a-writer.o)
 .debug_info    0x0000000000002eaf       0x8a c:/intelfpga_lite/18.1/nios2eds/bin/gnu/h-x86_64-mingw32/bin/../lib/gcc/nios2-elf/5.3.0/../../../../../H-x86_64-mingw32/nios2-elf/lib/mno-hw-mul\libsmallc.a(lib_a-int_errno.o)
 .debug_info    0x0000000000002f39       0xb4 c:/intelfpga_lite/18.1/nios2eds/bin/gnu/h-x86_64-mingw32/bin/../lib/gcc/nios2-elf/5.3.0/mno-hw-mul\libgcc.a(lib2-mul.o)
 .debug_info    0x0000000000002fed      0x38a ../clock_alarm_nios_bsp/\libhal_bsp.a(alt_iic.o)
 .debug_info    0x0000000000003377      0x232 ../clock_alarm_nios_bsp/\libhal_bsp.a(alt_iic_isr_register.o)
 .debug_info    0x00000000000035a9       0xae ../clock_alarm_nios_bsp/\libhal_bsp.a(alt_irq_entry.o)
 .debug_info    0x0000000000003657      0x184 ../clock_alarm_nios_bsp/\libhal_bsp.a(alt_irq_handler.o)
 .debug_info    0x00000000000037db       0x88 ../clock_alarm_nios_bsp/\libhal_bsp.a(alt_irq_vars.o)
 .debug_info    0x0000000000003863      0x1c9 ../clock_alarm_nios_bsp/\libhal_bsp.a(alt_load.o)
 .debug_info    0x0000000000003a2c      0x169 ../clock_alarm_nios_bsp/\libhal_bsp.a(alt_main.o)
 .debug_info    0x0000000000003b95      0x15d ../clock_alarm_nios_bsp/\libhal_bsp.a(alt_write.o)
 .debug_info    0x0000000000003cf2      0x14d ../clock_alarm_nios_bsp/\libhal_bsp.a(alt_sys_init.o)
 .debug_info    0x0000000000003e3f       0x92 ../clock_alarm_nios_bsp/\libhal_bsp.a(alt_dcache_flush_all.o)
 .debug_info    0x0000000000003ed1       0xa6 ../clock_alarm_nios_bsp/\libhal_bsp.a(alt_errno.o)
 .debug_info    0x0000000000003f77       0xb4 ../clock_alarm_nios_bsp/\libhal_bsp.a(alt_exception_entry.o)
 .debug_info    0x000000000000402b       0x92 ../clock_alarm_nios_bsp/\libhal_bsp.a(alt_icache_flush_all.o)
 .debug_info    0x00000000000040bd      0x1fd ../clock_alarm_nios_bsp/\libhal_bsp.a(alt_instruction_exception_entry.o)
 .debug_info    0x00000000000042ba       0x92 ../clock_alarm_nios_bsp/\libhal_bsp.a(altera_nios2_gen2_irq.o)

.debug_abbrev   0x0000000000000000     0x1878
 *(.debug_abbrev)
 .debug_abbrev  0x0000000000000000       0x12 ../clock_alarm_nios_bsp//obj/HAL/src/crt0.o
 .debug_abbrev  0x0000000000000012      0x12b obj/default/main.o
 .debug_abbrev  0x000000000000013d       0xb6 obj/default/timer.o
 .debug_abbrev  0x00000000000001f3       0xbd obj/default/utils.o
 .debug_abbrev  0x00000000000002b0      0x10e c:/intelfpga_lite/18.1/nios2eds/bin/gnu/h-x86_64-mingw32/bin/../lib/gcc/nios2-elf/5.3.0/mno-hw-mul\libgcc.a(lib2-divmod.o)
 .debug_abbrev  0x00000000000003be      0x1ee c:/intelfpga_lite/18.1/nios2eds/bin/gnu/h-x86_64-mingw32/bin/../lib/gcc/nios2-elf/5.3.0/../../../../../H-x86_64-mingw32/nios2-elf/lib/mno-hw-mul\libsmallc.a(lib_a-printf.o)
 .debug_abbrev  0x00000000000005ac      0x2a1 c:/intelfpga_lite/18.1/nios2eds/bin/gnu/h-x86_64-mingw32/bin/../lib/gcc/nios2-elf/5.3.0/../../../../../H-x86_64-mingw32/nios2-elf/lib/mno-hw-mul\libsmallc.a(lib_a-vfprintf.o)
 .debug_abbrev  0x000000000000084d      0x1bc c:/intelfpga_lite/18.1/nios2eds/bin/gnu/h-x86_64-mingw32/bin/../lib/gcc/nios2-elf/5.3.0/../../../../../H-x86_64-mingw32/nios2-elf/lib/mno-hw-mul\libsmallc.a(lib_a-fvwrite_small_dev.o)
 .debug_abbrev  0x0000000000000a09      0x14a c:/intelfpga_lite/18.1/nios2eds/bin/gnu/h-x86_64-mingw32/bin/../lib/gcc/nios2-elf/5.3.0/../../../../../H-x86_64-mingw32/nios2-elf/lib/mno-hw-mul\libsmallc.a(lib_a-impure.o)
 .debug_abbrev  0x0000000000000b53       0x7f c:/intelfpga_lite/18.1/nios2eds/bin/gnu/h-x86_64-mingw32/bin/../lib/gcc/nios2-elf/5.3.0/../../../../../H-x86_64-mingw32/nios2-elf/lib/mno-hw-mul\libsmallc.a(lib_a-strlen.o)
 .debug_abbrev  0x0000000000000bd2      0x1a6 c:/intelfpga_lite/18.1/nios2eds/bin/gnu/h-x86_64-mingw32/bin/../lib/gcc/nios2-elf/5.3.0/../../../../../H-x86_64-mingw32/nios2-elf/lib/mno-hw-mul\libsmallc.a(lib_a-writer.o)
 .debug_abbrev  0x0000000000000d78       0x37 c:/intelfpga_lite/18.1/nios2eds/bin/gnu/h-x86_64-mingw32/bin/../lib/gcc/nios2-elf/5.3.0/../../../../../H-x86_64-mingw32/nios2-elf/lib/mno-hw-mul\libsmallc.a(lib_a-int_errno.o)
 .debug_abbrev  0x0000000000000daf       0x6f c:/intelfpga_lite/18.1/nios2eds/bin/gnu/h-x86_64-mingw32/bin/../lib/gcc/nios2-elf/5.3.0/mno-hw-mul\libgcc.a(lib2-mul.o)
 .debug_abbrev  0x0000000000000e1e      0x1a0 ../clock_alarm_nios_bsp/\libhal_bsp.a(alt_iic.o)
 .debug_abbrev  0x0000000000000fbe      0x19c ../clock_alarm_nios_bsp/\libhal_bsp.a(alt_iic_isr_register.o)
 .debug_abbrev  0x000000000000115a       0x12 ../clock_alarm_nios_bsp/\libhal_bsp.a(alt_irq_entry.o)
 .debug_abbrev  0x000000000000116c      0x120 ../clock_alarm_nios_bsp/\libhal_bsp.a(alt_irq_handler.o)
 .debug_abbrev  0x000000000000128c       0x40 ../clock_alarm_nios_bsp/\libhal_bsp.a(alt_irq_vars.o)
 .debug_abbrev  0x00000000000012cc       0xd8 ../clock_alarm_nios_bsp/\libhal_bsp.a(alt_load.o)
 .debug_abbrev  0x00000000000013a4       0xee ../clock_alarm_nios_bsp/\libhal_bsp.a(alt_main.o)
 .debug_abbrev  0x0000000000001492       0xd7 ../clock_alarm_nios_bsp/\libhal_bsp.a(alt_write.o)
 .debug_abbrev  0x0000000000001569       0xf6 ../clock_alarm_nios_bsp/\libhal_bsp.a(alt_sys_init.o)
 .debug_abbrev  0x000000000000165f       0x42 ../clock_alarm_nios_bsp/\libhal_bsp.a(alt_dcache_flush_all.o)
 .debug_abbrev  0x00000000000016a1       0x5a ../clock_alarm_nios_bsp/\libhal_bsp.a(alt_errno.o)
 .debug_abbrev  0x00000000000016fb       0x12 ../clock_alarm_nios_bsp/\libhal_bsp.a(alt_exception_entry.o)
 .debug_abbrev  0x000000000000170d       0x42 ../clock_alarm_nios_bsp/\libhal_bsp.a(alt_icache_flush_all.o)
 .debug_abbrev  0x000000000000174f       0xe7 ../clock_alarm_nios_bsp/\libhal_bsp.a(alt_instruction_exception_entry.o)
 .debug_abbrev  0x0000000000001836       0x42 ../clock_alarm_nios_bsp/\libhal_bsp.a(altera_nios2_gen2_irq.o)

.debug_line     0x0000000000000000     0x1a52
 *(.debug_line)
 .debug_line    0x0000000000000000       0x66 ../clock_alarm_nios_bsp//obj/HAL/src/crt0.o
 .debug_line    0x0000000000000066       0xd2 obj/default/main.o
 .debug_line    0x0000000000000138       0xe9 obj/default/timer.o
 .debug_line    0x0000000000000221       0xe9 obj/default/utils.o
 .debug_line    0x000000000000030a      0x105 c:/intelfpga_lite/18.1/nios2eds/bin/gnu/h-x86_64-mingw32/bin/../lib/gcc/nios2-elf/5.3.0/mno-hw-mul\libgcc.a(lib2-divmod.o)
 .debug_line    0x000000000000040f      0x203 c:/intelfpga_lite/18.1/nios2eds/bin/gnu/h-x86_64-mingw32/bin/../lib/gcc/nios2-elf/5.3.0/../../../../../H-x86_64-mingw32/nios2-elf/lib/mno-hw-mul\libsmallc.a(lib_a-printf.o)
 .debug_line    0x0000000000000612      0x351 c:/intelfpga_lite/18.1/nios2eds/bin/gnu/h-x86_64-mingw32/bin/../lib/gcc/nios2-elf/5.3.0/../../../../../H-x86_64-mingw32/nios2-elf/lib/mno-hw-mul\libsmallc.a(lib_a-vfprintf.o)
 .debug_line    0x0000000000000963      0x1f0 c:/intelfpga_lite/18.1/nios2eds/bin/gnu/h-x86_64-mingw32/bin/../lib/gcc/nios2-elf/5.3.0/../../../../../H-x86_64-mingw32/nios2-elf/lib/mno-hw-mul\libsmallc.a(lib_a-fvwrite_small_dev.o)
 .debug_line    0x0000000000000b53      0x156 c:/intelfpga_lite/18.1/nios2eds/bin/gnu/h-x86_64-mingw32/bin/../lib/gcc/nios2-elf/5.3.0/../../../../../H-x86_64-mingw32/nios2-elf/lib/mno-hw-mul\libsmallc.a(lib_a-impure.o)
 .debug_line    0x0000000000000ca9      0x15c c:/intelfpga_lite/18.1/nios2eds/bin/gnu/h-x86_64-mingw32/bin/../lib/gcc/nios2-elf/5.3.0/../../../../../H-x86_64-mingw32/nios2-elf/lib/mno-hw-mul\libsmallc.a(lib_a-strlen.o)
 .debug_line    0x0000000000000e05      0x1ed c:/intelfpga_lite/18.1/nios2eds/bin/gnu/h-x86_64-mingw32/bin/../lib/gcc/nios2-elf/5.3.0/../../../../../H-x86_64-mingw32/nios2-elf/lib/mno-hw-mul\libsmallc.a(lib_a-writer.o)
 .debug_line    0x0000000000000ff2       0x5f c:/intelfpga_lite/18.1/nios2eds/bin/gnu/h-x86_64-mingw32/bin/../lib/gcc/nios2-elf/5.3.0/../../../../../H-x86_64-mingw32/nios2-elf/lib/mno-hw-mul\libsmallc.a(lib_a-int_errno.o)
 .debug_line    0x0000000000001051       0x80 c:/intelfpga_lite/18.1/nios2eds/bin/gnu/h-x86_64-mingw32/bin/../lib/gcc/nios2-elf/5.3.0/mno-hw-mul\libgcc.a(lib2-mul.o)
 .debug_line    0x00000000000010d1       0xf1 ../clock_alarm_nios_bsp/\libhal_bsp.a(alt_iic.o)
 .debug_line    0x00000000000011c2       0xd6 ../clock_alarm_nios_bsp/\libhal_bsp.a(alt_iic_isr_register.o)
 .debug_line    0x0000000000001298       0x6b ../clock_alarm_nios_bsp/\libhal_bsp.a(alt_irq_entry.o)
 .debug_line    0x0000000000001303       0xa5 ../clock_alarm_nios_bsp/\libhal_bsp.a(alt_irq_handler.o)
 .debug_line    0x00000000000013a8       0x50 ../clock_alarm_nios_bsp/\libhal_bsp.a(alt_irq_vars.o)
 .debug_line    0x00000000000013f8       0xa4 ../clock_alarm_nios_bsp/\libhal_bsp.a(alt_load.o)
 .debug_line    0x000000000000149c       0xbd ../clock_alarm_nios_bsp/\libhal_bsp.a(alt_main.o)
 .debug_line    0x0000000000001559      0x16b ../clock_alarm_nios_bsp/\libhal_bsp.a(alt_write.o)
 .debug_line    0x00000000000016c4       0xdf ../clock_alarm_nios_bsp/\libhal_bsp.a(alt_sys_init.o)
 .debug_line    0x00000000000017a3       0x4e ../clock_alarm_nios_bsp/\libhal_bsp.a(alt_dcache_flush_all.o)
 .debug_line    0x00000000000017f1       0x51 ../clock_alarm_nios_bsp/\libhal_bsp.a(alt_errno.o)
 .debug_line    0x0000000000001842       0xb3 ../clock_alarm_nios_bsp/\libhal_bsp.a(alt_exception_entry.o)
 .debug_line    0x00000000000018f5       0x4e ../clock_alarm_nios_bsp/\libhal_bsp.a(alt_icache_flush_all.o)
 .debug_line    0x0000000000001943       0xbf ../clock_alarm_nios_bsp/\libhal_bsp.a(alt_instruction_exception_entry.o)
 .debug_line    0x0000000000001a02       0x50 ../clock_alarm_nios_bsp/\libhal_bsp.a(altera_nios2_gen2_irq.o)

.debug_frame    0x0000000000000000      0x554
 *(.debug_frame)
 .debug_frame   0x0000000000000000       0x9c obj/default/main.o
 .debug_frame   0x000000000000009c       0x6c obj/default/timer.o
 .debug_frame   0x0000000000000108       0x50 obj/default/utils.o
 .debug_frame   0x0000000000000158       0x50 c:/intelfpga_lite/18.1/nios2eds/bin/gnu/h-x86_64-mingw32/bin/../lib/gcc/nios2-elf/5.3.0/mno-hw-mul\libgcc.a(lib2-divmod.o)
 .debug_frame   0x00000000000001a8       0x48 c:/intelfpga_lite/18.1/nios2eds/bin/gnu/h-x86_64-mingw32/bin/../lib/gcc/nios2-elf/5.3.0/../../../../../H-x86_64-mingw32/nios2-elf/lib/mno-hw-mul\libsmallc.a(lib_a-printf.o)
 .debug_frame   0x00000000000001f0       0x8c c:/intelfpga_lite/18.1/nios2eds/bin/gnu/h-x86_64-mingw32/bin/../lib/gcc/nios2-elf/5.3.0/../../../../../H-x86_64-mingw32/nios2-elf/lib/mno-hw-mul\libsmallc.a(lib_a-vfprintf.o)
 .debug_frame   0x000000000000027c       0x58 c:/intelfpga_lite/18.1/nios2eds/bin/gnu/h-x86_64-mingw32/bin/../lib/gcc/nios2-elf/5.3.0/../../../../../H-x86_64-mingw32/nios2-elf/lib/mno-hw-mul\libsmallc.a(lib_a-fvwrite_small_dev.o)
 .debug_frame   0x00000000000002d4       0x20 c:/intelfpga_lite/18.1/nios2eds/bin/gnu/h-x86_64-mingw32/bin/../lib/gcc/nios2-elf/5.3.0/../../../../../H-x86_64-mingw32/nios2-elf/lib/mno-hw-mul\libsmallc.a(lib_a-strlen.o)
 .debug_frame   0x00000000000002f4       0x38 c:/intelfpga_lite/18.1/nios2eds/bin/gnu/h-x86_64-mingw32/bin/../lib/gcc/nios2-elf/5.3.0/../../../../../H-x86_64-mingw32/nios2-elf/lib/mno-hw-mul\libsmallc.a(lib_a-writer.o)
 .debug_frame   0x000000000000032c       0x20 c:/intelfpga_lite/18.1/nios2eds/bin/gnu/h-x86_64-mingw32/bin/../lib/gcc/nios2-elf/5.3.0/mno-hw-mul\libgcc.a(lib2-mul.o)
 .debug_frame   0x000000000000034c       0x50 ../clock_alarm_nios_bsp/\libhal_bsp.a(alt_iic.o)
 .debug_frame   0x000000000000039c       0x30 ../clock_alarm_nios_bsp/\libhal_bsp.a(alt_iic_isr_register.o)
 .debug_frame   0x00000000000003cc       0x34 ../clock_alarm_nios_bsp/\libhal_bsp.a(alt_irq_handler.o)
 .debug_frame   0x0000000000000400       0x30 ../clock_alarm_nios_bsp/\libhal_bsp.a(alt_load.o)
 .debug_frame   0x0000000000000430       0x2c ../clock_alarm_nios_bsp/\libhal_bsp.a(alt_main.o)
 .debug_frame   0x000000000000045c       0x2c ../clock_alarm_nios_bsp/\libhal_bsp.a(alt_write.o)
 .debug_frame   0x0000000000000488       0x3c ../clock_alarm_nios_bsp/\libhal_bsp.a(alt_sys_init.o)
 .debug_frame   0x00000000000004c4       0x20 ../clock_alarm_nios_bsp/\libhal_bsp.a(alt_dcache_flush_all.o)
 .debug_frame   0x00000000000004e4       0x20 ../clock_alarm_nios_bsp/\libhal_bsp.a(alt_icache_flush_all.o)
 .debug_frame   0x0000000000000504       0x30 ../clock_alarm_nios_bsp/\libhal_bsp.a(alt_instruction_exception_entry.o)
 .debug_frame   0x0000000000000534       0x20 ../clock_alarm_nios_bsp/\libhal_bsp.a(altera_nios2_gen2_irq.o)

.debug_str      0x0000000000000000     0x16b9
 *(.debug_str)
 .debug_str     0x0000000000000000      0x23d obj/default/main.o
                                        0x2a6 (size before relaxing)
 .debug_str     0x000000000000023d       0x4e obj/default/timer.o
                                        0x1f9 (size before relaxing)
 .debug_str     0x000000000000028b       0x3f obj/default/utils.o
                                        0x242 (size before relaxing)
 .debug_str     0x00000000000002ca      0x187 c:/intelfpga_lite/18.1/nios2eds/bin/gnu/h-x86_64-mingw32/bin/../lib/gcc/nios2-elf/5.3.0/mno-hw-mul\libgcc.a(lib2-divmod.o)
                                        0x1d2 (size before relaxing)
 .debug_str     0x0000000000000451      0x429 c:/intelfpga_lite/18.1/nios2eds/bin/gnu/h-x86_64-mingw32/bin/../lib/gcc/nios2-elf/5.3.0/../../../../../H-x86_64-mingw32/nios2-elf/lib/mno-hw-mul\libsmallc.a(lib_a-printf.o)
                                        0x504 (size before relaxing)
 .debug_str     0x000000000000087a      0x1ff c:/intelfpga_lite/18.1/nios2eds/bin/gnu/h-x86_64-mingw32/bin/../lib/gcc/nios2-elf/5.3.0/../../../../../H-x86_64-mingw32/nios2-elf/lib/mno-hw-mul\libsmallc.a(lib_a-vfprintf.o)
                                        0x67f (size before relaxing)
 .debug_str     0x0000000000000a79       0x78 c:/intelfpga_lite/18.1/nios2eds/bin/gnu/h-x86_64-mingw32/bin/../lib/gcc/nios2-elf/5.3.0/../../../../../H-x86_64-mingw32/nios2-elf/lib/mno-hw-mul\libsmallc.a(lib_a-fvwrite_small_dev.o)
                                        0x4d4 (size before relaxing)
 .debug_str     0x0000000000000af1       0xef c:/intelfpga_lite/18.1/nios2eds/bin/gnu/h-x86_64-mingw32/bin/../lib/gcc/nios2-elf/5.3.0/../../../../../H-x86_64-mingw32/nios2-elf/lib/mno-hw-mul\libsmallc.a(lib_a-impure.o)
                                        0x4be (size before relaxing)
 .debug_str     0x0000000000000be0       0xd2 c:/intelfpga_lite/18.1/nios2eds/bin/gnu/h-x86_64-mingw32/bin/../lib/gcc/nios2-elf/5.3.0/../../../../../H-x86_64-mingw32/nios2-elf/lib/mno-hw-mul\libsmallc.a(lib_a-strlen.o)
                                        0x1e5 (size before relaxing)
 .debug_str     0x0000000000000cb2       0x45 c:/intelfpga_lite/18.1/nios2eds/bin/gnu/h-x86_64-mingw32/bin/../lib/gcc/nios2-elf/5.3.0/../../../../../H-x86_64-mingw32/nios2-elf/lib/mno-hw-mul\libsmallc.a(lib_a-writer.o)
                                        0x4b8 (size before relaxing)
 .debug_str     0x0000000000000cf7       0x3f c:/intelfpga_lite/18.1/nios2eds/bin/gnu/h-x86_64-mingw32/bin/../lib/gcc/nios2-elf/5.3.0/../../../../../H-x86_64-mingw32/nios2-elf/lib/mno-hw-mul\libsmallc.a(lib_a-int_errno.o)
                                        0x1d8 (size before relaxing)
 .debug_str     0x0000000000000d36       0x40 c:/intelfpga_lite/18.1/nios2eds/bin/gnu/h-x86_64-mingw32/bin/../lib/gcc/nios2-elf/5.3.0/mno-hw-mul\libgcc.a(lib2-mul.o)
                                        0x193 (size before relaxing)
 .debug_str     0x0000000000000d76      0x175 ../clock_alarm_nios_bsp/\libhal_bsp.a(alt_iic.o)
                                        0x28a (size before relaxing)
 .debug_str     0x0000000000000eeb       0x37 ../clock_alarm_nios_bsp/\libhal_bsp.a(alt_iic_isr_register.o)
                                        0x244 (size before relaxing)
 .debug_str     0x0000000000000f22       0x3a ../clock_alarm_nios_bsp/\libhal_bsp.a(alt_irq_handler.o)
                                        0x1ce (size before relaxing)
 .debug_str     0x0000000000000f5c       0x17 ../clock_alarm_nios_bsp/\libhal_bsp.a(alt_irq_vars.o)
                                        0x171 (size before relaxing)
 .debug_str     0x0000000000000f73      0x113 ../clock_alarm_nios_bsp/\libhal_bsp.a(alt_load.o)
                                        0x273 (size before relaxing)
 .debug_str     0x0000000000001086       0x8a ../clock_alarm_nios_bsp/\libhal_bsp.a(alt_main.o)
                                        0x1ec (size before relaxing)
 .debug_str     0x0000000000001110       0x2c ../clock_alarm_nios_bsp/\libhal_bsp.a(alt_write.o)
                                        0x1cd (size before relaxing)
 .debug_str     0x000000000000113c       0x80 ../clock_alarm_nios_bsp/\libhal_bsp.a(alt_sys_init.o)
                                        0x230 (size before relaxing)
 .debug_str     0x00000000000011bc       0x1f ../clock_alarm_nios_bsp/\libhal_bsp.a(alt_dcache_flush_all.o)
                                        0x18c (size before relaxing)
 .debug_str     0x00000000000011db       0x14 ../clock_alarm_nios_bsp/\libhal_bsp.a(alt_errno.o)
                                        0x17c (size before relaxing)
 .debug_str     0x00000000000011ef       0x1f ../clock_alarm_nios_bsp/\libhal_bsp.a(alt_icache_flush_all.o)
                                        0x18c (size before relaxing)
 .debug_str     0x000000000000120e      0x48b ../clock_alarm_nios_bsp/\libhal_bsp.a(alt_instruction_exception_entry.o)
                                        0x5d7 (size before relaxing)
 .debug_str     0x0000000000001699       0x20 ../clock_alarm_nios_bsp/\libhal_bsp.a(altera_nios2_gen2_irq.o)
                                        0x193 (size before relaxing)

.debug_loc      0x0000000000000000     0x17f6
 *(.debug_loc)
 .debug_loc     0x0000000000000000      0x186 obj/default/main.o
 .debug_loc     0x0000000000000186       0xa3 obj/default/utils.o
 .debug_loc     0x0000000000000229      0x4ce c:/intelfpga_lite/18.1/nios2eds/bin/gnu/h-x86_64-mingw32/bin/../lib/gcc/nios2-elf/5.3.0/mno-hw-mul\libgcc.a(lib2-divmod.o)
 .debug_loc     0x00000000000006f7       0xc6 c:/intelfpga_lite/18.1/nios2eds/bin/gnu/h-x86_64-mingw32/bin/../lib/gcc/nios2-elf/5.3.0/../../../../../H-x86_64-mingw32/nios2-elf/lib/mno-hw-mul\libsmallc.a(lib_a-printf.o)
 .debug_loc     0x00000000000007bd      0x954 c:/intelfpga_lite/18.1/nios2eds/bin/gnu/h-x86_64-mingw32/bin/../lib/gcc/nios2-elf/5.3.0/../../../../../H-x86_64-mingw32/nios2-elf/lib/mno-hw-mul\libsmallc.a(lib_a-vfprintf.o)
 .debug_loc     0x0000000000001111      0x110 c:/intelfpga_lite/18.1/nios2eds/bin/gnu/h-x86_64-mingw32/bin/../lib/gcc/nios2-elf/5.3.0/../../../../../H-x86_64-mingw32/nios2-elf/lib/mno-hw-mul\libsmallc.a(lib_a-fvwrite_small_dev.o)
 .debug_loc     0x0000000000001221       0x1e c:/intelfpga_lite/18.1/nios2eds/bin/gnu/h-x86_64-mingw32/bin/../lib/gcc/nios2-elf/5.3.0/../../../../../H-x86_64-mingw32/nios2-elf/lib/mno-hw-mul\libsmallc.a(lib_a-strlen.o)
 .debug_loc     0x000000000000123f       0xa5 c:/intelfpga_lite/18.1/nios2eds/bin/gnu/h-x86_64-mingw32/bin/../lib/gcc/nios2-elf/5.3.0/../../../../../H-x86_64-mingw32/nios2-elf/lib/mno-hw-mul\libsmallc.a(lib_a-writer.o)
 .debug_loc     0x00000000000012e4       0x93 c:/intelfpga_lite/18.1/nios2eds/bin/gnu/h-x86_64-mingw32/bin/../lib/gcc/nios2-elf/5.3.0/mno-hw-mul\libgcc.a(lib2-mul.o)
 .debug_loc     0x0000000000001377      0x170 ../clock_alarm_nios_bsp/\libhal_bsp.a(alt_iic.o)
 .debug_loc     0x00000000000014e7      0x193 ../clock_alarm_nios_bsp/\libhal_bsp.a(alt_iic_isr_register.o)
 .debug_loc     0x000000000000167a       0x72 ../clock_alarm_nios_bsp/\libhal_bsp.a(alt_irq_handler.o)
 .debug_loc     0x00000000000016ec       0x84 ../clock_alarm_nios_bsp/\libhal_bsp.a(alt_write.o)
 .debug_loc     0x0000000000001770       0x21 ../clock_alarm_nios_bsp/\libhal_bsp.a(alt_sys_init.o)
 .debug_loc     0x0000000000001791       0x65 ../clock_alarm_nios_bsp/\libhal_bsp.a(alt_instruction_exception_entry.o)

.debug_macinfo
 *(.debug_macinfo)

.debug_weaknames
 *(.debug_weaknames)

.debug_funcnames
 *(.debug_funcnames)

.debug_typenames
 *(.debug_typenames)

.debug_varnames
 *(.debug_varnames)

.debug_alt_sim_info
                0x0000000000000000       0x10
 *(.debug_alt_sim_info)
 .debug_alt_sim_info
                0x0000000000000000       0x10 ../clock_alarm_nios_bsp//obj/HAL/src/crt0.o
                0x0000000000020830                __alt_data_end = 0x20830
                0x0000000000020830                PROVIDE (__alt_stack_pointer, __alt_data_end)
                [!provide]                        PROVIDE (__alt_stack_limit, __alt_stack_base)
                [!provide]                        PROVIDE (__alt_heap_start, end)
                [!provide]                        PROVIDE (__alt_heap_limit, 0x20830)
OUTPUT(clock_alarm_nios.elf elf32-littlenios2)

.debug_ranges   0x0000000000000000      0x2d8
 .debug_ranges  0x0000000000000000       0x20 ../clock_alarm_nios_bsp//obj/HAL/src/crt0.o
 .debug_ranges  0x0000000000000020       0x48 obj/default/main.o
 .debug_ranges  0x0000000000000068       0x60 c:/intelfpga_lite/18.1/nios2eds/bin/gnu/h-x86_64-mingw32/bin/../lib/gcc/nios2-elf/5.3.0/mno-hw-mul\libgcc.a(lib2-divmod.o)
 .debug_ranges  0x00000000000000c8       0x18 c:/intelfpga_lite/18.1/nios2eds/bin/gnu/h-x86_64-mingw32/bin/../lib/gcc/nios2-elf/5.3.0/../../../../../H-x86_64-mingw32/nios2-elf/lib/mno-hw-mul\libsmallc.a(lib_a-printf.o)
 .debug_ranges  0x00000000000000e0       0xc8 c:/intelfpga_lite/18.1/nios2eds/bin/gnu/h-x86_64-mingw32/bin/../lib/gcc/nios2-elf/5.3.0/../../../../../H-x86_64-mingw32/nios2-elf/lib/mno-hw-mul\libsmallc.a(lib_a-vfprintf.o)
 .debug_ranges  0x00000000000001a8       0x28 c:/intelfpga_lite/18.1/nios2eds/bin/gnu/h-x86_64-mingw32/bin/../lib/gcc/nios2-elf/5.3.0/../../../../../H-x86_64-mingw32/nios2-elf/lib/mno-hw-mul\libsmallc.a(lib_a-fvwrite_small_dev.o)
 .debug_ranges  0x00000000000001d0       0x10 c:/intelfpga_lite/18.1/nios2eds/bin/gnu/h-x86_64-mingw32/bin/../lib/gcc/nios2-elf/5.3.0/../../../../../H-x86_64-mingw32/nios2-elf/lib/mno-hw-mul\libsmallc.a(lib_a-strlen.o)
 .debug_ranges  0x00000000000001e0       0x10 c:/intelfpga_lite/18.1/nios2eds/bin/gnu/h-x86_64-mingw32/bin/../lib/gcc/nios2-elf/5.3.0/../../../../../H-x86_64-mingw32/nios2-elf/lib/mno-hw-mul\libsmallc.a(lib_a-writer.o)
 .debug_ranges  0x00000000000001f0       0x28 ../clock_alarm_nios_bsp/\libhal_bsp.a(alt_irq_entry.o)
 .debug_ranges  0x0000000000000218       0x10 ../clock_alarm_nios_bsp/\libhal_bsp.a(alt_irq_handler.o)
 .debug_ranges  0x0000000000000228       0x48 ../clock_alarm_nios_bsp/\libhal_bsp.a(alt_load.o)
 .debug_ranges  0x0000000000000270       0x20 ../clock_alarm_nios_bsp/\libhal_bsp.a(alt_write.o)
 .debug_ranges  0x0000000000000290       0x30 ../clock_alarm_nios_bsp/\libhal_bsp.a(alt_exception_entry.o)
 .debug_ranges  0x00000000000002c0       0x18 ../clock_alarm_nios_bsp/\libhal_bsp.a(alt_instruction_exception_entry.o)
